******************************************************************************
                  TI ARM Linker PC v15.12.1                    
******************************************************************************
>> Linked Wed Oct 11 15:38:59 2017

OUTPUT FILE NAME:   <Program_PushButton.out>
ENTRY POINT SYMBOL: "_c_int00"  address: 000021c1


MEMORY CONFIGURATION

         name            origin    length      used     unused   attr    fill
----------------------  --------  ---------  --------  --------  ----  --------
  FLASH                 00000000   00040000  0000289f  0003d761  R  X
  SRAM                  20000000   00010000  00000884  0000f77c  RW X


SEGMENT ALLOCATION MAP

run origin  load origin   length   init length attrs members
----------  ----------- ---------- ----------- ----- -------
00000000    00000000    000028a4   000028a4    r-x
  00000000    00000000    000000f0   000000f0    r-- .intvecs
  000000f0    000000f0    0000234c   0000234c    r-x .text
  0000243c    0000243c    00000417   00000417    r-- .const
  00002858    00002858    0000004c   0000004c    r-- .cinit
20000000    20000000    00000884   00000000    rw-
  20000000    20000000    00000800   00000000    rw- .stack
  20000800    20000800    00000060   00000000    rw- .data
  20000860    20000860    00000024   00000000    rw- .bss


SECTION ALLOCATION MAP

 output                                  attributes/
section   page    origin      length       input sections
--------  ----  ----------  ----------   ----------------
.intvecs   0    00000000    000000f0     
                  00000000    000000f0     Program_PushButton_startup.obj (.intvecs)

.text      0    000000f0    0000234c     
                  000000f0    00000764     rtsv7M3_T_le_eabi.lib : _printfi_nf.obj (.text)
                  00000854    00000510     rit128x96x4.obj (.text)
                  00000d64    00000488     uartstdio.obj (.text)
                  000011ec    00000314     Task_PushButton.obj (.text)
                  00001500    000001f4     rtsv7M3_T_le_eabi.lib : ull_div_t2.obj (.text)
                  000016f4    00000198     driverlib-cm3.lib : sysctl.obj (.text:SysCtlClockGet)
                  0000188c    00000144                       : sysctl.obj (.text:SysCtlClockSet)
                  000019d0    000000c8                       : gpio.obj (.text:GPIOPadConfigSet)
                  00001a98    000000b8     Task_Speakerbuzz.obj (.text)
                  00001b50    000000a4     Task_LEDBlink.obj (.text)
                  00001bf4    000000a4     Task_ReportSysTick.obj (.text)
                  00001c98    0000009c     rtsv7M3_T_le_eabi.lib : memcpy_t2.obj (.text)
                  00001d34    00000090     Program_PushButton.obj (.text)
                  00001dc4    0000007a     rtsv7M3_T_le_eabi.lib : memset_t2.obj (.text)
                  00001e3e    00000002                           : i_div0.obj (.text)
                  00001e40    00000078     driverlib-cm3.lib : sysctl.obj (.text:SysCtlPeripheralPresent)
                  00001eb8    00000070     rtsv7M3_T_le_eabi.lib : autoinit.obj (.text)
                  00001f28    0000006a                           : copy_decompress_rle.obj (.text)
                  00001f92    00000002                           : mpu_init.obj (.text)
                  00001f94    00000060                           : sprintf.obj (.text)
                  00001ff4    00000058     driverlib-cm3.lib : sysctl.obj (.text:SysCtlPeripheralEnable)
                  0000204c    00000054     rtsv7M3_T_le_eabi.lib : exit.obj (.text)
                  000020a0    0000004c                           : atoi.obj (.text)
                  000020ec    0000004c                           : cpy_tbl.obj (.text)
                  00002138    00000044     driverlib-cm3.lib : ssi.obj (.text:SSIConfigSetExpClk)
                  0000217c    00000042                       : uart.obj (.text:UARTConfigSetExpClk)
                  000021be    00000002     rtsv7M3_T_le_eabi.lib : startup.obj (.text)
                  000021c0    00000040                           : boot.obj (.text)
                  00002200    00000040                           : u_divt2.obj (.text)
                  00002240    0000003c     UARTStdio_Initialization.obj (.text)
                  0000227c    0000002e     driverlib-cm3.lib : gpio.obj (.text:GPIODirModeSet)
                  000022aa    00000002     --HOLE-- [fill = 0]
                  000022ac    0000001c                       : uart.obj (.text:UARTDisable)
                  000022c8    0000001a     rtsv7M3_T_le_eabi.lib : memccpy.obj (.text)
                  000022e2    00000002     --HOLE-- [fill = 0]
                  000022e4    00000018                           : args_main.obj (.text)
                  000022fc    00000014     driverlib-cm3.lib : systick.obj (.text:SysTickEnable)
                  00002310    00000014                       : systick.obj (.text:SysTickIntEnable)
                  00002324    00000014                       : uart.obj (.text:UARTEnable)
                  00002338    00000014     rtsv7M3_T_le_eabi.lib : _lock.obj (.text)
                  0000234c    00000014                           : strlen.obj (.text)
                  00002360    00000012     driverlib-cm3.lib : gpio.obj (.text:GPIOPinTypeGPIOInput)
                  00002372    00000012                       : gpio.obj (.text:GPIOPinTypeGPIOOutput)
                  00002384    00000012                       : gpio.obj (.text:GPIOPinTypeSSI)
                  00002396    00000012                       : gpio.obj (.text:GPIOPinTypeUART)
                  000023a8    00000012                       : ssi.obj (.text:SSIDataGetNonBlocking)
                  000023ba    00000002     --HOLE-- [fill = 0]
                  000023bc    00000010                       : systick.obj (.text:SysTickPeriodSet)
                  000023cc    0000000e     rtsv7M3_T_le_eabi.lib : copy_decompress_none.obj (.text:decompress:none)
                  000023da    0000000c     Program_PushButton_startup.obj (.text)
                  000023e6    0000000a     driverlib-cm3.lib : ssi.obj (.text:SSIDataPut)
                  000023f0    0000000a                       : ssi.obj (.text:SSIDisable)
                  000023fa    0000000a                       : ssi.obj (.text:SSIEnable)
                  00002404    0000000a                       : uart.obj (.text:UARTCharGet)
                  0000240e    0000000a                       : uart.obj (.text:UARTCharPut)
                  00002418    00000008                       : ssi.obj (.text:SSIBusy)
                  00002420    00000006                       : gpio.obj (.text:GPIOPinRead)
                  00002426    00000006                       : gpio.obj (.text:GPIOPinWrite)
                  0000242c    00000006                       : sysctl.obj (.text:SysCtlDelay)
                  00002432    00000006     rtsv7M3_T_le_eabi.lib : copy_decompress_rle.obj (.text:decompress:rle24)
                  00002438    00000004                           : pre_init.obj (.text)

.const     0    0000243c    00000417     
                  0000243c    000001e0     rit128x96x4.obj (.const:g_pucFont)
                  0000261c    00000101     rtsv7M3_T_le_eabi.lib : ctype.obj (.const:.string:_ctypes_)
                  0000271d    00000003     rit128x96x4.obj (.const:.string:pucCommand1$1)
                  00002720    0000006c     driverlib-cm3.lib : sysctl.obj (.const:g_pulXtals)
                  0000278c    0000004f     rit128x96x4.obj (.const:.string:g_pucRIT128x96x4Init)
                  000027db    00000001     --HOLE-- [fill = 0]
                  000027dc    00000040     driverlib-cm3.lib : sysctl.obj (.const)
                  0000281c    00000012     uartstdio.obj (.const:.string)
                  0000282e    00000002     rit128x96x4.obj (.const:.string:g_pucRIT128x96x4HorizontalInc)
                  00002830    0000000c     uartstdio.obj (.const:g_ulUARTBase)
                  0000283c    0000000c     uartstdio.obj (.const:g_ulUARTPeriph)
                  00002848    00000004     uartstdio.obj (.const)
                  0000284c    00000003     rit128x96x4.obj (.const:.string:pucCommand2$2)
                  0000284f    00000002     rit128x96x4.obj (.const:.string:g_pucRIT128x96x4VerticalInc)
                  00002851    00000002     rit128x96x4.obj (.const:.string:pucCommand1$3)

.cinit     0    00002858    0000004c     
                  00002858    00000026     (.cinit..data.load) [load image, compression = rle]
                  0000287e    00000002     --HOLE-- [fill = 0]
                  00002880    00000009     (.cinit..bss.load) [load image, compression = rle]
                  00002889    00000003     --HOLE-- [fill = 0]
                  0000288c    00000008     (__TI_handler_table)
                  00002894    00000010     (__TI_cinit_table)

.init_array 
*          0    00000000    00000000     UNINITIALIZED

.stack     0    20000000    00000800     UNINITIALIZED
                  20000000    00000800     --HOLE--

.data      0    20000800    00000060     UNINITIALIZED
                  20000800    00000014     Task_PushButton.obj (.data)
                  20000814    0000000c     rtsv7M3_T_le_eabi.lib : exit.obj (.data:$O1$$)
                  20000820    0000000c     Task_ReportSysTick.obj (.data)
                  2000082c    00000009     Program_PushButton.obj (.data)
                  20000835    00000003     --HOLE--
                  20000838    00000008     rtsv7M3_T_le_eabi.lib : _lock.obj (.data:$O1$$)
                  20000840    00000005     Task_LEDBlink.obj (.data)
                  20000845    00000003     --HOLE--
                  20000848    00000005     Task_Speakerbuzz.obj (.data)
                  2000084d    00000003     --HOLE--
                  20000850    00000005     uartstdio.obj (.data)
                  20000855    00000003     --HOLE--
                  20000858    00000004     UARTStdio_Initialization.obj (.data)
                  2000085c    00000004     rtsv7M3_T_le_eabi.lib : stkdepth_vars.obj (.data)

.bss       0    20000860    00000024     UNINITIALIZED
                  20000860    00000008     rit128x96x4.obj (.bss:g_pucBuffer)
                  20000868    00000004     Task_LEDBlink.obj (.bss)
                  2000086c    00000004     Task_PushButton.obj (.bss)
                  20000870    00000004     Task_ReportSysTick.obj (.bss)
                  20000874    00000004     Task_Speakerbuzz.obj (.bss)
                  20000878    00000004     rit128x96x4.obj (.bss)
                  2000087c    00000004     (.common:flag)
                  20000880    00000004     (.common:g_ulSystemClock)

MODULE SUMMARY

       Module                           code   ro data   rw data
       ------                           ----   -------   -------
    .\
       Program_PushButton_startup.obj   12     240       0      
       Program_PushButton.obj           144    0         13     
    +--+--------------------------------+------+---------+---------+
       Total:                           156    240       13     
                                                                
    .\Drivers\
       rit128x96x4.obj                  1296   571       12     
       uartstdio.obj                    1160   46        5      
       UARTStdio_Initialization.obj     60     0         4      
    +--+--------------------------------+------+---------+---------+
       Total:                           2516   617       21     
                                                                
    .\Tasks\
       Task_PushButton.obj              788    0         28     
       Task_Speakerbuzz.obj             184    0         9      
       Task_ReportSysTick.obj           164    0         16     
       Task_LEDBlink.obj                164    0         9      
    +--+--------------------------------+------+---------+---------+
       Total:                           1300   0         62     
                                                                
    C:/TI_CodeComposer/StellarisWare-LM3S1968/driverlib/ccs-cm3/Debug/driverlib-cm3.lib
       sysctl.obj                       946    172       0      
       gpio.obj                         330    0         0      
       uart.obj                         134    0         0      
       ssi.obj                          124    0         0      
       systick.obj                      56     0         0      
    +--+--------------------------------+------+---------+---------+
       Total:                           1590   172       0      
                                                                
    C:\TI_CodeComposer\ccsv6\tools\compiler\ti-cgt-arm_15.12.1.LTS\lib\rtsv7M3_T_le_eabi.lib
       _printfi_nf.obj                  1892   0         0      
       ull_div_t2.obj                   500    0         0      
       ctype.obj                        0      257       0      
       memcpy_t2.obj                    156    0         0      
       memset_t2.obj                    122    0         0      
       autoinit.obj                     112    0         0      
       copy_decompress_rle.obj          112    0         0      
       exit.obj                         84     0         12     
       sprintf.obj                      96     0         0      
       atoi.obj                         76     0         0      
       cpy_tbl.obj                      76     0         0      
       boot.obj                         64     0         0      
       u_divt2.obj                      64     0         0      
       _lock.obj                        20     0         8      
       memccpy.obj                      26     0         0      
       args_main.obj                    24     0         0      
       strlen.obj                       20     0         0      
       copy_decompress_none.obj         14     0         0      
       pre_init.obj                     4      0         0      
       stkdepth_vars.obj                0      0         4      
       i_div0.obj                       2      0         0      
       mpu_init.obj                     2      0         0      
       startup.obj                      2      0         0      
    +--+--------------------------------+------+---------+---------+
       Total:                           3468   257       24     
                                                                
       Stack:                           0      0         2048   
       Linker Generated:                0      71        0      
    +--+--------------------------------+------+---------+---------+
       Grand Total:                     9030   1357      2168   


LINKER GENERATED COPY TABLES

__TI_cinit_table @ 00002894 records: 2, size/record: 8, table size: 16
	.data: load addr=00002858, load size=00000026 bytes, run addr=20000800, run size=00000060 bytes, compression=rle
	.bss: load addr=00002880, load size=00000009 bytes, run addr=20000860, run size=00000024 bytes, compression=rle


LINKER GENERATED HANDLER TABLE

__TI_handler_table @ 0000288c records: 2, size/record: 4, table size: 8
	index: 0, handler: __TI_decompress_rle24
	index: 1, handler: __TI_decompress_none


GLOBAL SYMBOLS: SORTED ALPHABETICALLY BY Name 

address   name                           
-------   ----                           
0000204d  C$$EXIT                        
20000805  CurrentButtonState             
0000227d  GPIODirModeSet                 
000019d1  GPIOPadConfigSet               
00002421  GPIOPinRead                    
00002361  GPIOPinTypeGPIOInput           
00002373  GPIOPinTypeGPIOOutput          
00002385  GPIOPinTypeSSI                 
00002397  GPIOPinTypeUART                
00002427  GPIOPinWrite                   
00001d3f  Initialize_OLED                
20000834  OLED_Initialized               
0000095d  RIT128x96x4Clear               
00000bdb  RIT128x96x4Disable             
00000d2d  RIT128x96x4DisplayOff          
00000cf9  RIT128x96x4DisplayOn           
00000b81  RIT128x96x4Enable              
00000af9  RIT128x96x4ImageDraw           
00000c55  RIT128x96x4Init                
000009b9  RIT128x96x4StringDraw          
000023db  ResetISR                       
UNDEFED   SHT$$INIT_ARRAY$$Base          
UNDEFED   SHT$$INIT_ARRAY$$Limit         
00002419  SSIBusy                        
00002139  SSIConfigSetExpClk             
000023a9  SSIDataGetNonBlocking          
000023e7  SSIDataPut                     
000023f1  SSIDisable                     
000023fb  SSIEnable                      
000016f5  SysCtlClockGet                 
0000188d  SysCtlClockSet                 
0000242d  SysCtlDelay                    
00001ff5  SysCtlPeripheralEnable         
00001e41  SysCtlPeripheralPresent        
20000830  SysTickCount_Nbr               
000022fd  SysTickEnable                  
2000082c  SysTickFrequency_Nbr           
00002311  SysTickIntEnable               
00001d35  SysTickIntHandler              
000023bd  SysTickPeriodSet               
00001b51  Task_LEDBlink                  
000011ed  Task_PushButton                
00001bf5  Task_ReportSysTick             
00001a99  Task_Speakerbuzz               
00002405  UARTCharGet                    
0000240f  UARTCharPut                    
0000217d  UARTConfigSetExpClk            
000022ad  UARTDisable                    
00002325  UARTEnable                     
00000d65  UARTStdioInit                  
00000d75  UARTStdioInitExpClk            
20000858  UARTStdioInitFlag              
00002241  UARTStdio_Initialization       
00000ebb  UARTgetc                       
00000e03  UARTgets                       
00000ee1  UARTprintf                     
00000dbd  UARTwrite                      
20000800  __STACK_END                    
00000800  __STACK_SIZE                   
20000200  __STACK_TOP                    
00002894  __TI_CINIT_Base                
000028a4  __TI_CINIT_Limit               
0000288c  __TI_Handler_Table_Base        
00002894  __TI_Handler_Table_Limit       
00001eb9  __TI_auto_init                 
20000814  __TI_cleanup_ptr               
000023cd  __TI_decompress_none           
00002433  __TI_decompress_rle24          
20000818  __TI_dtors_ptr                 
2000081c  __TI_enable_exit_profile_output
ffffffff  __TI_pprof_out_hndl            
00000551  __TI_printfi_nofloat           
ffffffff  __TI_prof_data_size            
ffffffff  __TI_prof_data_start           
00000000  __TI_static_base__             
00001e3f  __aeabi_idiv0                  
00001dc5  __aeabi_memclr                 
00001dc5  __aeabi_memclr4                
00001dc5  __aeabi_memclr8                
00001c99  __aeabi_memcpy                 
00001c99  __aeabi_memcpy4                
00001c99  __aeabi_memcpy8                
00001dc7  __aeabi_memset                 
00001dc7  __aeabi_memset4                
00001dc7  __aeabi_memset8                
00002201  __aeabi_uidiv                  
00002201  __aeabi_uidivmod               
00001501  __aeabi_uldivmod               
ffffffff  __binit__                      
ffffffff  __c_args__                     
00001f93  __mpu_init                     
20000000  __stack                        
000022e5  _args_main                     
000021c1  _c_int00                       
0000261c  _ctypes_                       
20000838  _lock                          
00002347  _nop                           
0000233f  _register_lock                 
00002339  _register_unlock               
000021bf  _system_post_cinit             
00002439  _system_pre_init               
2000083c  _unlock                        
00002051  abort                          
000020a1  atoi                           
ffffffff  binit                          
000020ed  copy_in                        
00002059  exit                           
2000087c  flag                           
00000000  g_pfnVectors                   
20000880  g_ulSystemClock                
00001d61  main                           
2000085c  main_func_sp                   
000022c9  memccpy                        
00001c99  memcpy                         
00001dcd  memset                         
00001f95  sprintf                        
0000234d  strlen                         


GLOBAL SYMBOLS: SORTED BY Symbol Address 

address   name                           
-------   ----                           
00000000  __TI_static_base__             
00000000  g_pfnVectors                   
00000551  __TI_printfi_nofloat           
00000800  __STACK_SIZE                   
0000095d  RIT128x96x4Clear               
000009b9  RIT128x96x4StringDraw          
00000af9  RIT128x96x4ImageDraw           
00000b81  RIT128x96x4Enable              
00000bdb  RIT128x96x4Disable             
00000c55  RIT128x96x4Init                
00000cf9  RIT128x96x4DisplayOn           
00000d2d  RIT128x96x4DisplayOff          
00000d65  UARTStdioInit                  
00000d75  UARTStdioInitExpClk            
00000dbd  UARTwrite                      
00000e03  UARTgets                       
00000ebb  UARTgetc                       
00000ee1  UARTprintf                     
000011ed  Task_PushButton                
00001501  __aeabi_uldivmod               
000016f5  SysCtlClockGet                 
0000188d  SysCtlClockSet                 
000019d1  GPIOPadConfigSet               
00001a99  Task_Speakerbuzz               
00001b51  Task_LEDBlink                  
00001bf5  Task_ReportSysTick             
00001c99  __aeabi_memcpy                 
00001c99  __aeabi_memcpy4                
00001c99  __aeabi_memcpy8                
00001c99  memcpy                         
00001d35  SysTickIntHandler              
00001d3f  Initialize_OLED                
00001d61  main                           
00001dc5  __aeabi_memclr                 
00001dc5  __aeabi_memclr4                
00001dc5  __aeabi_memclr8                
00001dc7  __aeabi_memset                 
00001dc7  __aeabi_memset4                
00001dc7  __aeabi_memset8                
00001dcd  memset                         
00001e3f  __aeabi_idiv0                  
00001e41  SysCtlPeripheralPresent        
00001eb9  __TI_auto_init                 
00001f93  __mpu_init                     
00001f95  sprintf                        
00001ff5  SysCtlPeripheralEnable         
0000204d  C$$EXIT                        
00002051  abort                          
00002059  exit                           
000020a1  atoi                           
000020ed  copy_in                        
00002139  SSIConfigSetExpClk             
0000217d  UARTConfigSetExpClk            
000021bf  _system_post_cinit             
000021c1  _c_int00                       
00002201  __aeabi_uidiv                  
00002201  __aeabi_uidivmod               
00002241  UARTStdio_Initialization       
0000227d  GPIODirModeSet                 
000022ad  UARTDisable                    
000022c9  memccpy                        
000022e5  _args_main                     
000022fd  SysTickEnable                  
00002311  SysTickIntEnable               
00002325  UARTEnable                     
00002339  _register_unlock               
0000233f  _register_lock                 
00002347  _nop                           
0000234d  strlen                         
00002361  GPIOPinTypeGPIOInput           
00002373  GPIOPinTypeGPIOOutput          
00002385  GPIOPinTypeSSI                 
00002397  GPIOPinTypeUART                
000023a9  SSIDataGetNonBlocking          
000023bd  SysTickPeriodSet               
000023cd  __TI_decompress_none           
000023db  ResetISR                       
000023e7  SSIDataPut                     
000023f1  SSIDisable                     
000023fb  SSIEnable                      
00002405  UARTCharGet                    
0000240f  UARTCharPut                    
00002419  SSIBusy                        
00002421  GPIOPinRead                    
00002427  GPIOPinWrite                   
0000242d  SysCtlDelay                    
00002433  __TI_decompress_rle24          
00002439  _system_pre_init               
0000261c  _ctypes_                       
0000288c  __TI_Handler_Table_Base        
00002894  __TI_CINIT_Base                
00002894  __TI_Handler_Table_Limit       
000028a4  __TI_CINIT_Limit               
20000000  __stack                        
20000200  __STACK_TOP                    
20000800  __STACK_END                    
20000805  CurrentButtonState             
20000814  __TI_cleanup_ptr               
20000818  __TI_dtors_ptr                 
2000081c  __TI_enable_exit_profile_output
2000082c  SysTickFrequency_Nbr           
20000830  SysTickCount_Nbr               
20000834  OLED_Initialized               
20000838  _lock                          
2000083c  _unlock                        
20000858  UARTStdioInitFlag              
2000085c  main_func_sp                   
2000087c  flag                           
20000880  g_ulSystemClock                
ffffffff  __TI_pprof_out_hndl            
ffffffff  __TI_prof_data_size            
ffffffff  __TI_prof_data_start           
ffffffff  __binit__                      
ffffffff  __c_args__                     
ffffffff  binit                          
UNDEFED   SHT$$INIT_ARRAY$$Base          
UNDEFED   SHT$$INIT_ARRAY$$Limit         

[117 symbols]
