******************************************************************************
                  TI ARM Linker PC v15.12.1                    
******************************************************************************
>> Linked Wed Oct 25 15:36:01 2017

OUTPUT FILE NAME:   <FreeRTOS_LM3S1968_ADC.out>
ENTRY POINT SYMBOL: "_c_int00"  address: 00005105


MEMORY CONFIGURATION

         name            origin    length      used     unused   attr    fill
----------------------  --------  ---------  --------  --------  ----  --------
  FLASH                 00000000   00040000  00005878  0003a788  R  X
  SRAM                  20000000   00010000  0000cdf4  0000320c  RW X


SEGMENT ALLOCATION MAP

run origin  load origin   length   init length attrs members
----------  ----------- ---------- ----------- ----- -------
00000000    00000000    0000587c   0000587c    r-x
  00000000    00000000    00000200   00000200    r-- .intvecs
  00000200    00000200    0000521a   0000521a    r-x .text
  0000541c    0000541c    0000041a   0000041a    r-- .const
  00005838    00005838    00000044   00000044    r-- .cinit
20000000    20000000    0000cdf4   00000000    rw-
  20000000    20000000    0000c588   00000000    rw- .bss
  2000c588    2000c588    00000800   00000000    rw- .stack
  2000cd88    2000cd88    0000006c   00000000    rw- .data


SECTION ALLOCATION MAP

 output                                  attributes/
section   page    origin      length       input sections
--------  ----  ----------  ----------   ----------------
.intvecs   0    00000000    00000200     
                  00000000    00000200     FreeRTOS_LM3S_Startup.obj (.intvecs)

.text      0    00000200    0000521a     
                  00000200    000010f0     rtsv7M3_T_le_eabi.lib : _printfi.obj (.text)
                  000012f0    00000ea0     tasks.obj (.text)
                  00002190    00000914     queue.obj (.text)
                  00002aa4    00000528     timers.obj (.text)
                  00002fcc    00000510     rit128x96x4.obj (.text)
                  000034dc    00000488     uartstdio.obj (.text)
                  00003964    000001f4     rtsv7M3_T_le_eabi.lib : ull_div_t2.obj (.text)
                  00003b58    000001b8     heap_2.obj (.text)
                  00003d10    000001b6     rtsv7M3_T_le_eabi.lib : fd_add_t2.obj (.text)
                  00003ec6    00000002                           : i_div0.obj (.text)
                  00003ec8    00000198     driverlib-cm3.lib : sysctl.obj (.text:SysCtlClockGet)
                  00004060    00000144                       : sysctl.obj (.text:SysCtlClockSet)
                  000041a4    00000136     rtsv7M3_T_le_eabi.lib : fd_div_t2.obj (.text)
                  000042da    0000012a     list.obj (.text)
                  00004404    000000fc     rtsv7M3_T_le_eabi.lib : fd_mul_t2.obj (.text)
                  00004500    000000f0     port.obj (.text)
                  000045f0    000000d0     rtsv7M3_T_le_eabi.lib : s_scalbn.obj (.text)
                  000046c0    000000c8     driverlib-cm3.lib : gpio.obj (.text:GPIOPadConfigSet)
                  00004788    000000b8     Main_ADC.obj (.text)
                  00004840    0000009c     rtsv7M3_T_le_eabi.lib : memcpy_t2.obj (.text)
                  000048dc    00000088     Task_ADC.obj (.text)
                  00004964    00000086     rtsv7M3_T_le_eabi.lib : fd_cmp_t2.obj (.text:__aeabi_cdcmple)
                  000049ea    00000086                           : fd_cmp_t2.obj (.text:__aeabi_cdrcmple)
                  00004a70    00000080     portasm.obj (.text)
                  00004af0    0000007a     rtsv7M3_T_le_eabi.lib : memset_t2.obj (.text)
                  00004b6a    00000002                           : mpu_init.obj (.text)
                  00004b6c    00000078     driverlib-cm3.lib : sysctl.obj (.text:SysCtlPeripheralPresent)
                  00004be4    00000070     rtsv7M3_T_le_eabi.lib : autoinit.obj (.text)
                  00004c54    0000006c     driverlib-cm3.lib : adc.obj (.text:ADCSequenceStepConfigure)
                  00004cc0    0000006a     rtsv7M3_T_le_eabi.lib : copy_decompress_rle.obj (.text)
                  00004d2a    00000002                           : startup.obj (.text)
                  00004d2c    00000060                           : sprintf.obj (.text)
                  00004d8c    0000005c     Task_ReportSysTick.obj (.text)
                  00004de8    0000005c     rtsv7M3_T_le_eabi.lib : s_frexp.obj (.text)
                  00004e44    00000058     driverlib-cm3.lib : sysctl.obj (.text:SysCtlPeripheralEnable)
                  00004e9c    00000056     rtsv7M3_T_le_eabi.lib : ltoa.obj (.text)
                  00004ef2    00000002     --HOLE-- [fill = 0]
                  00004ef4    00000054     Task_Blinky.obj (.text)
                  00004f48    00000054     rtsv7M3_T_le_eabi.lib : exit.obj (.text)
                  00004f9c    0000004c                           : atoi.obj (.text)
                  00004fe8    0000004c                           : cpy_tbl.obj (.text)
                  00005034    00000048                           : fd_toi_t2.obj (.text)
                  0000507c    00000044     driverlib-cm3.lib : ssi.obj (.text:SSIConfigSetExpClk)
                  000050c0    00000042                       : uart.obj (.text:UARTConfigSetExpClk)
                  00005102    00000002     --HOLE-- [fill = 0]
                  00005104    00000040     rtsv7M3_T_le_eabi.lib : boot.obj (.text)
                  00005144    00000040                           : u_divt2.obj (.text)
                  00005184    0000003c     UARTStdio_Initialization_LM3S1968.obj (.text)
                  000051c0    0000002e     driverlib-cm3.lib : adc.obj (.text:ADCIntStatus)
                  000051ee    0000002e                       : gpio.obj (.text:GPIODirModeSet)
                  0000521c    0000002e     rtsv7M3_T_le_eabi.lib : i_tofd_t2.obj (.text)
                  0000524a    0000002a     driverlib-cm3.lib : adc.obj (.text:ADCSequenceConfigure)
                  00005274    00000020                       : adc.obj (.text:ADCSequenceDataGet)
                  00005294    0000001c                       : uart.obj (.text:UARTDisable)
                  000052b0    0000001a     rtsv7M3_T_le_eabi.lib : memccpy.obj (.text)
                  000052ca    00000002     --HOLE-- [fill = 0]
                  000052cc    00000018                           : args_main.obj (.text)
                  000052e4    00000016     driverlib-cm3.lib : adc.obj (.text:ADCProcessorTrigger)
                  000052fa    00000016     rtsv7M3_T_le_eabi.lib : strchr.obj (.text)
                  00005310    00000014     driverlib-cm3.lib : uart.obj (.text:UARTEnable)
                  00005324    00000014     rtsv7M3_T_le_eabi.lib : _lock.obj (.text)
                  00005338    00000014                           : strlen.obj (.text)
                  0000534c    00000012     driverlib-cm3.lib : gpio.obj (.text:GPIOPinTypeGPIOOutput)
                  0000535e    00000012                       : gpio.obj (.text:GPIOPinTypeSSI)
                  00005370    00000012                       : gpio.obj (.text:GPIOPinTypeUART)
                  00005382    00000012                       : ssi.obj (.text:SSIDataGetNonBlocking)
                  00005394    0000000e                       : adc.obj (.text:ADCSequenceEnable)
                  000053a2    0000000e     rtsv7M3_T_le_eabi.lib : copy_decompress_none.obj (.text:decompress:none)
                  000053b0    0000000c     FreeRTOS_LM3S_Startup.obj (.text)
                  000053bc    0000000a     driverlib-cm3.lib : ssi.obj (.text:SSIDataPut)
                  000053c6    0000000a                       : ssi.obj (.text:SSIDisable)
                  000053d0    0000000a                       : ssi.obj (.text:SSIEnable)
                  000053da    0000000a                       : uart.obj (.text:UARTCharGet)
                  000053e4    0000000a                       : uart.obj (.text:UARTCharPut)
                  000053ee    00000008                       : ssi.obj (.text:SSIBusy)
                  000053f6    00000008     rtsv7M3_T_le_eabi.lib : s_copysign.obj (.text)
                  000053fe    00000006     driverlib-cm3.lib : gpio.obj (.text:GPIOPinRead)
                  00005404    00000006                       : gpio.obj (.text:GPIOPinWrite)
                  0000540a    00000006                       : sysctl.obj (.text:SysCtlDelay)
                  00005410    00000006     rtsv7M3_T_le_eabi.lib : copy_decompress_rle.obj (.text:decompress:rle24)
                  00005416    00000004                           : pre_init.obj (.text)

.const     0    0000541c    0000041a     
                  0000541c    000001e0     rit128x96x4.obj (.const:g_pucFont)
                  000055fc    00000101     rtsv7M3_T_le_eabi.lib : ctype.obj (.const:.string:_ctypes_)
                  000056fd    00000003     rit128x96x4.obj (.const:.string:pucCommand1$1)
                  00005700    0000006c     driverlib-cm3.lib : sysctl.obj (.const:g_pulXtals)
                  0000576c    0000004f     rit128x96x4.obj (.const:.string:g_pucRIT128x96x4Init)
                  000057bb    00000001     --HOLE-- [fill = 0]
                  000057bc    00000040     driverlib-cm3.lib : sysctl.obj (.const)
                  000057fc    00000012     uartstdio.obj (.const:.string)
                  0000580e    00000002     rit128x96x4.obj (.const:.string:g_pucRIT128x96x4HorizontalInc)
                  00005810    0000000c     uartstdio.obj (.const:g_ulUARTBase)
                  0000581c    0000000c     uartstdio.obj (.const:g_ulUARTPeriph)
                  00005828    00000004     uartstdio.obj (.const)
                  0000582c    00000003     rit128x96x4.obj (.const:.string:pucCommand2$2)
                  0000582f    00000002     rit128x96x4.obj (.const:.string:g_pucRIT128x96x4VerticalInc)
                  00005831    00000002     rit128x96x4.obj (.const:.string:pucCommand1$3)
                  00005833    00000001     --HOLE-- [fill = 0]
                  00005834    00000002     heap_2.obj (.const)

.cinit     0    00005838    00000044     
                  00005838    00000020     (.cinit..data.load) [load image, compression = rle]
                  00005858    0000000b     (.cinit..bss.load) [load image, compression = rle]
                  00005863    00000001     --HOLE-- [fill = 0]
                  00005864    00000008     (__TI_handler_table)
                  0000586c    00000010     (__TI_cinit_table)

.init_array 
*          0    00000000    00000000     UNINITIALIZED

.bss       0    20000000    0000c588     UNINITIALIZED
                  20000000    0000c350     heap_2.obj (.bss:xHeap)
                  2000c350    00000100     FreeRTOS_LM3S_Startup.obj (.bss:pulStack)
                  2000c450    00000064     tasks.obj (.bss:pxReadyTasksLists)
                  2000c4b4    00000040     (.common:xQueueRegistry)
                  2000c4f4    00000014     timers.obj (.bss:xActiveTimerList1)
                  2000c508    00000014     timers.obj (.bss:xActiveTimerList2)
                  2000c51c    00000014     tasks.obj (.bss:xDelayedTaskList1)
                  2000c530    00000014     tasks.obj (.bss:xDelayedTaskList2)
                  2000c544    00000014     tasks.obj (.bss:xPendingReadyList)
                  2000c558    00000008     rit128x96x4.obj (.bss:g_pucBuffer)
                  2000c560    00000008     tasks.obj (.bss)
                  2000c568    00000008     timers.obj (.bss)
                  2000c570    00000008     heap_2.obj (.bss:xEnd)
                  2000c578    00000008     heap_2.obj (.bss:xStart)
                  2000c580    00000004     rit128x96x4.obj (.bss)
                  2000c584    00000004     (.common:g_ulSystemClock)

.stack     0    2000c588    00000800     UNINITIALIZED
                  2000c588    00000800     --HOLE--

.data      0    2000cd88    0000006c     UNINITIALIZED
                  2000cd88    0000002c     tasks.obj (.data)
                  2000cdb4    0000000c     rtsv7M3_T_le_eabi.lib : exit.obj (.data:$O1$$)
                  2000cdc0    00000008                           : _lock.obj (.data:$O1$$)
                  2000cdc8    00000008     heap_2.obj (.data)
                  2000cdd0    00000008     port.obj (.data)
                  2000cdd8    00000008     timers.obj (.data)
                  2000cde0    00000005     uartstdio.obj (.data)
                  2000cde5    00000003     --HOLE--
                  2000cde8    00000004     UARTStdio_Initialization_LM3S1968.obj (.data)
                  2000cdec    00000004     rtsv7M3_T_le_eabi.lib : errno.obj (.data)
                  2000cdf0    00000004                           : stkdepth_vars.obj (.data)

MODULE SUMMARY

       Module                                  code    ro data   rw data
       ------                                  ----    -------   -------
    .\
       heap_2.obj                              440     2         50024  
       FreeRTOS_LM3S_Startup.obj               12      512       256    
       Main_ADC.obj                            184     0         4      
    +--+---------------------------------------+-------+---------+---------+
       Total:                                  636     514       50284  
                                                                        
    .\Drivers\
       rit128x96x4.obj                         1296    571       12     
       uartstdio.obj                           1160    46        5      
       UARTStdio_Initialization_LM3S1968.obj   60      0         4      
    +--+---------------------------------------+-------+---------+---------+
       Total:                                  2516    617       21     
                                                                        
    .\Source\
       tasks.obj                               3744    0         212    
       queue.obj                               2324    0         64     
       timers.obj                              1320    0         56     
       list.obj                                298     0         0      
    +--+---------------------------------------+-------+---------+---------+
       Total:                                  7686    0         332    
                                                                        
    .\Source\portable\CCS\ARM_CM3\
       port.obj                                240     0         8      
       portasm.obj                             128     0         0      
    +--+---------------------------------------+-------+---------+---------+
       Total:                                  368     0         8      
                                                                        
    .\Tasks\
       Task_ADC.obj                            136     0         0      
       Task_ReportSysTick.obj                  92      0         0      
       Task_Blinky.obj                         84      0         0      
    +--+---------------------------------------+-------+---------+---------+
       Total:                                  312     0         0      
                                                                        
    C:/TI_CodeComposer/StellarisWare-LM3S1968/driverlib/ccs-cm3/Debug/driverlib-cm3.lib
       sysctl.obj                              946     172       0      
       gpio.obj                                312     0         0      
       adc.obj                                 264     0         0      
       uart.obj                                134     0         0      
       ssi.obj                                 124     0         0      
    +--+---------------------------------------+-------+---------+---------+
       Total:                                  1780    172       0      
                                                                        
    C:\TI_CodeComposer\ccsv6\tools\compiler\ti-cgt-arm_15.12.1.LTS\lib\rtsv7M3_T_le_eabi.lib
       _printfi.obj                            4336    0         0      
       ull_div_t2.obj                          500     0         0      
       fd_add_t2.obj                           438     0         0      
       fd_div_t2.obj                           310     0         0      
       fd_cmp_t2.obj                           268     0         0      
       ctype.obj                               0       257       0      
       fd_mul_t2.obj                           252     0         0      
       s_scalbn.obj                            208     0         0      
       memcpy_t2.obj                           156     0         0      
       memset_t2.obj                           122     0         0      
       autoinit.obj                            112     0         0      
       copy_decompress_rle.obj                 112     0         0      
       exit.obj                                84      0         12     
       sprintf.obj                             96      0         0      
       s_frexp.obj                             92      0         0      
       ltoa.obj                                86      0         0      
       atoi.obj                                76      0         0      
       cpy_tbl.obj                             76      0         0      
       fd_toi_t2.obj                           72      0         0      
       boot.obj                                64      0         0      
       u_divt2.obj                             64      0         0      
       i_tofd_t2.obj                           46      0         0      
       _lock.obj                               20      0         8      
       memccpy.obj                             26      0         0      
       args_main.obj                           24      0         0      
       strchr.obj                              22      0         0      
       strlen.obj                              20      0         0      
       copy_decompress_none.obj                14      0         0      
       s_copysign.obj                          8       0         0      
       errno.obj                               0       0         4      
       pre_init.obj                            4       0         0      
       stkdepth_vars.obj                       0       0         4      
       i_div0.obj                              2       0         0      
       mpu_init.obj                            2       0         0      
       startup.obj                             2       0         0      
    +--+---------------------------------------+-------+---------+---------+
       Total:                                  7714    257       28     
                                                                        
       Stack:                                  0       0         2048   
       Linker Generated:                       0       67        0      
    +--+---------------------------------------+-------+---------+---------+
       Grand Total:                            21012   1627      52721  


LINKER GENERATED COPY TABLES

__TI_cinit_table @ 0000586c records: 2, size/record: 8, table size: 16
	.data: load addr=00005838, load size=00000020 bytes, run addr=2000cd88, run size=0000006c bytes, compression=rle
	.bss: load addr=00005858, load size=0000000b bytes, run addr=20000000, run size=0000c588 bytes, compression=rle


LINKER GENERATED HANDLER TABLE

__TI_handler_table @ 00005864 records: 2, size/record: 4, table size: 8
	index: 0, handler: __TI_decompress_rle24
	index: 1, handler: __TI_decompress_none


GLOBAL SYMBOLS: SORTED ALPHABETICALLY BY Name 

address   name                             
-------   ----                             
000051c1  ADCIntStatus                     
000052e5  ADCProcessorTrigger              
0000524b  ADCSequenceConfigure             
00005275  ADCSequenceDataGet               
00005395  ADCSequenceEnable                
00004c55  ADCSequenceStepConfigure         
00004f49  C$$EXIT                          
000051ef  GPIODirModeSet                   
000046c1  GPIOPadConfigSet                 
000053ff  GPIOPinRead                      
0000534d  GPIOPinTypeGPIOOutput            
0000535f  GPIOPinTypeSSI                   
00005371  GPIOPinTypeUART                  
00005405  GPIOPinWrite                     
000030d5  RIT128x96x4Clear                 
00003353  RIT128x96x4Disable               
000034a5  RIT128x96x4DisplayOff            
00003471  RIT128x96x4DisplayOn             
000032f9  RIT128x96x4Enable                
00003271  RIT128x96x4ImageDraw             
000033cd  RIT128x96x4Init                  
00003131  RIT128x96x4StringDraw            
000053b1  ResetISR                         
UNDEFED   SHT$$INIT_ARRAY$$Base            
UNDEFED   SHT$$INIT_ARRAY$$Limit           
000053ef  SSIBusy                          
0000507d  SSIConfigSetExpClk               
00005383  SSIDataGetNonBlocking            
000053bd  SSIDataPut                       
000053c7  SSIDisable                       
000053d1  SSIEnable                        
00003ec9  SysCtlClockGet                   
00004061  SysCtlClockSet                   
0000540b  SysCtlDelay                      
00004e45  SysCtlPeripheralEnable           
00004b6d  SysCtlPeripheralPresent          
000048dd  Task_ADC                         
00004ef5  Task_Blinky                      
00004d8d  Task_ReportSysTick               
000053db  UARTCharGet                      
000053e5  UARTCharPut                      
000050c1  UARTConfigSetExpClk              
00005295  UARTDisable                      
00005311  UARTEnable                       
000034dd  UARTStdioInit                    
000034ed  UARTStdioInitExpClk              
2000cde8  UARTStdioInitFlag                
00005185  UARTStdio_Initialization         
00003633  UARTgetc                         
0000357b  UARTgets                         
00003659  UARTprintf                       
00003535  UARTwrite                        
2000cd88  __STACK_END                      
00000800  __STACK_SIZE                     
2000c788  __STACK_TOP                      
0000586c  __TI_CINIT_Base                  
0000587c  __TI_CINIT_Limit                 
00005864  __TI_Handler_Table_Base          
0000586c  __TI_Handler_Table_Limit         
00004be5  __TI_auto_init                   
2000cdb4  __TI_cleanup_ptr                 
000053a3  __TI_decompress_none             
00005411  __TI_decompress_rle24            
2000cdb8  __TI_dtors_ptr                   
2000cdbc  __TI_enable_exit_profile_output  
ffffffff  __TI_pprof_out_hndl              
00000feb  __TI_printfi                     
ffffffff  __TI_prof_data_size              
ffffffff  __TI_prof_data_start             
00000000  __TI_static_base__               
00004965  __aeabi_cdcmpeq                  
00004965  __aeabi_cdcmple                  
000049eb  __aeabi_cdrcmple                 
00005035  __aeabi_d2iz                     
00003d1b  __aeabi_dadd                     
000041a5  __aeabi_ddiv                     
00004405  __aeabi_dmul                     
00003d11  __aeabi_dsub                     
0000521d  __aeabi_i2d                      
00003ec7  __aeabi_idiv0                    
00004af1  __aeabi_memclr                   
00004af1  __aeabi_memclr4                  
00004af1  __aeabi_memclr8                  
00004841  __aeabi_memcpy                   
00004841  __aeabi_memcpy4                  
00004841  __aeabi_memcpy8                  
00004af3  __aeabi_memset                   
00004af3  __aeabi_memset4                  
00004af3  __aeabi_memset8                  
00005145  __aeabi_uidiv                    
00005145  __aeabi_uidivmod                 
00003965  __aeabi_uldivmod                 
ffffffff  __binit__                        
ffffffff  __c_args__                       
00004b6b  __mpu_init                       
2000c588  __stack                          
000052cd  _args_main                       
00005105  _c_int00                         
000055fc  _ctypes_                         
2000cdc0  _lock                            
00005333  _nop                             
0000532b  _register_lock                   
00005325  _register_unlock                 
00004d2b  _system_post_cinit               
00005417  _system_pre_init                 
2000cdc4  _unlock                          
00004f4d  abort                            
00004f9d  atoi                             
ffffffff  binit                            
00004fe9  copy_in                          
000053f7  copysign                         
000053f7  copysignl                        
2000cdec  errno                            
00004f55  exit                             
00004de9  frexp                            
00004de9  frexpl                           
00000000  g_pfnVectors                     
2000c584  g_ulSystemClock                  
000045f1  ldexp                            
000045f1  ldexpl                           
00004e9d  ltoa                             
00004789  main                             
2000cdf0  main_func_sp                     
000052b1  memccpy                          
00004841  memcpy                           
00004af9  memset                           
00002ba1  pcTimerGetTimerName              
00003b59  pvPortMalloc                     
00001d51  pvTaskIncrementMutexHeldCount    
00002f7d  pvTimerGetTimerID                
2000cd88  pxCurrentTCB                     
00004501  pxPortInitialiseStack            
000045f1  scalbn                           
000045f1  scalbnl                          
00004d2d  sprintf                          
000052fb  strchr                           
00005339  strlen                           
00004aad  ulPortSetInterruptMask           
00001d81  ulTaskNotifyTake                 
000043bd  uxListRemove                     
00002771  uxQueueMessagesWaiting           
000027a7  uxQueueMessagesWaitingFromISR    
00002787  uxQueueSpacesAvailable           
00001635  uxTaskGetNumberOfTasks           
00001d2b  uxTaskResetEventItemValue        
000042db  vListInitialise                  
0000430b  vListInitialiseItem              
00004357  vListInsert                      
0000431b  vListInsertEnd                   
00004abb  vPortClearInterruptMask          
00004571  vPortEndScheduler                
0000457d  vPortEnterCritical               
0000458d  vPortExitCritical                
00003c85  vPortFree                        
00003ced  vPortInitialiseBlocks            
00004ac1  vPortSVCHandler                  
000045c9  vPortSetupTimerInterrupt         
00004adf  vPortStartFirstTask              
00004573  vPortYieldFromISR                
000029cd  vQueueAddToRegistry              
000027b9  vQueueDelete                     
00002a0f  vQueueUnregisterQueue            
00002a49  vQueueWaitForMessageRestricted   
00001481  vTaskDelay                       
000013f5  vTaskDelayUntil                  
0000151b  vTaskEndScheduler                
000019ff  vTaskMissedYield                 
000020a1  vTaskNotifyGiveFromISR           
000017a9  vTaskPlaceOnEventList            
00001831  vTaskPlaceOnEventListRestricted  
000017e1  vTaskPlaceOnUnorderedEventList   
00001c0d  vTaskPriorityInherit             
00001973  vTaskSetTimeOutState             
000014c1  vTaskStartScheduler              
0000152d  vTaskSuspendAll                  
00001729  vTaskSwitchContext               
00002f97  vTimerSetTimerID                 
00003ce7  xPortGetFreeHeapSize             
00004a71  xPortPendSVHandler               
00004549  xPortStartScheduler              
2000cdd4  xPortSysTickCount                
000045a5  xPortSysTickHandler              
00002375  xQueueCreateCountingSemaphore    
00002283  xQueueCreateMutex                
0000221d  xQueueGenericCreate              
0000257d  xQueueGenericReceive             
00002191  xQueueGenericReset               
00002395  xQueueGenericSend                
0000248d  xQueueGenericSendFromISR         
0000250b  xQueueGiveFromISR                
000022ef  xQueueGiveMutexRecursive         
00002969  xQueueIsQueueEmptyFromISR        
000029ab  xQueueIsQueueFullFromISR         
0000272d  xQueuePeekFromISR                
000026b5  xQueueReceiveFromISR             
2000c4b4  xQueueRegistry                   
0000232b  xQueueTakeMutexRecursive         
00001995  xTaskCheckForTimeOut             
000012f1  xTaskGenericCreate               
00001ec9  xTaskGenericNotify               
00001fa9  xTaskGenericNotifyFromISR        
00001bd1  xTaskGetCurrentTaskHandle        
00001be1  xTaskGetSchedulerState           
00001609  xTaskGetTickCount                
00001621  xTaskGetTickCountFromISR         
00001641  xTaskIncrementTick               
0000213d  xTaskNotifyStateClear            
00001e19  xTaskNotifyWait                  
00001cab  xTaskPriorityDisinherit          
00001875  xTaskRemoveFromEventList         
000018fd  xTaskRemoveFromUnorderedEventList
00001537  xTaskResumeAll                   
00002adf  xTimerCreate                     
00002aa5  xTimerCreateTimerTask            
00002b33  xTimerGenericCommand             
00002f51  xTimerIsTimerActive              


GLOBAL SYMBOLS: SORTED BY Symbol Address 

address   name                             
-------   ----                             
00000000  __TI_static_base__               
00000000  g_pfnVectors                     
00000800  __STACK_SIZE                     
00000feb  __TI_printfi                     
000012f1  xTaskGenericCreate               
000013f5  vTaskDelayUntil                  
00001481  vTaskDelay                       
000014c1  vTaskStartScheduler              
0000151b  vTaskEndScheduler                
0000152d  vTaskSuspendAll                  
00001537  xTaskResumeAll                   
00001609  xTaskGetTickCount                
00001621  xTaskGetTickCountFromISR         
00001635  uxTaskGetNumberOfTasks           
00001641  xTaskIncrementTick               
00001729  vTaskSwitchContext               
000017a9  vTaskPlaceOnEventList            
000017e1  vTaskPlaceOnUnorderedEventList   
00001831  vTaskPlaceOnEventListRestricted  
00001875  xTaskRemoveFromEventList         
000018fd  xTaskRemoveFromUnorderedEventList
00001973  vTaskSetTimeOutState             
00001995  xTaskCheckForTimeOut             
000019ff  vTaskMissedYield                 
00001bd1  xTaskGetCurrentTaskHandle        
00001be1  xTaskGetSchedulerState           
00001c0d  vTaskPriorityInherit             
00001cab  xTaskPriorityDisinherit          
00001d2b  uxTaskResetEventItemValue        
00001d51  pvTaskIncrementMutexHeldCount    
00001d81  ulTaskNotifyTake                 
00001e19  xTaskNotifyWait                  
00001ec9  xTaskGenericNotify               
00001fa9  xTaskGenericNotifyFromISR        
000020a1  vTaskNotifyGiveFromISR           
0000213d  xTaskNotifyStateClear            
00002191  xQueueGenericReset               
0000221d  xQueueGenericCreate              
00002283  xQueueCreateMutex                
000022ef  xQueueGiveMutexRecursive         
0000232b  xQueueTakeMutexRecursive         
00002375  xQueueCreateCountingSemaphore    
00002395  xQueueGenericSend                
0000248d  xQueueGenericSendFromISR         
0000250b  xQueueGiveFromISR                
0000257d  xQueueGenericReceive             
000026b5  xQueueReceiveFromISR             
0000272d  xQueuePeekFromISR                
00002771  uxQueueMessagesWaiting           
00002787  uxQueueSpacesAvailable           
000027a7  uxQueueMessagesWaitingFromISR    
000027b9  vQueueDelete                     
00002969  xQueueIsQueueEmptyFromISR        
000029ab  xQueueIsQueueFullFromISR         
000029cd  vQueueAddToRegistry              
00002a0f  vQueueUnregisterQueue            
00002a49  vQueueWaitForMessageRestricted   
00002aa5  xTimerCreateTimerTask            
00002adf  xTimerCreate                     
00002b33  xTimerGenericCommand             
00002ba1  pcTimerGetTimerName              
00002f51  xTimerIsTimerActive              
00002f7d  pvTimerGetTimerID                
00002f97  vTimerSetTimerID                 
000030d5  RIT128x96x4Clear                 
00003131  RIT128x96x4StringDraw            
00003271  RIT128x96x4ImageDraw             
000032f9  RIT128x96x4Enable                
00003353  RIT128x96x4Disable               
000033cd  RIT128x96x4Init                  
00003471  RIT128x96x4DisplayOn             
000034a5  RIT128x96x4DisplayOff            
000034dd  UARTStdioInit                    
000034ed  UARTStdioInitExpClk              
00003535  UARTwrite                        
0000357b  UARTgets                         
00003633  UARTgetc                         
00003659  UARTprintf                       
00003965  __aeabi_uldivmod                 
00003b59  pvPortMalloc                     
00003c85  vPortFree                        
00003ce7  xPortGetFreeHeapSize             
00003ced  vPortInitialiseBlocks            
00003d11  __aeabi_dsub                     
00003d1b  __aeabi_dadd                     
00003ec7  __aeabi_idiv0                    
00003ec9  SysCtlClockGet                   
00004061  SysCtlClockSet                   
000041a5  __aeabi_ddiv                     
000042db  vListInitialise                  
0000430b  vListInitialiseItem              
0000431b  vListInsertEnd                   
00004357  vListInsert                      
000043bd  uxListRemove                     
00004405  __aeabi_dmul                     
00004501  pxPortInitialiseStack            
00004549  xPortStartScheduler              
00004571  vPortEndScheduler                
00004573  vPortYieldFromISR                
0000457d  vPortEnterCritical               
0000458d  vPortExitCritical                
000045a5  xPortSysTickHandler              
000045c9  vPortSetupTimerInterrupt         
000045f1  ldexp                            
000045f1  ldexpl                           
000045f1  scalbn                           
000045f1  scalbnl                          
000046c1  GPIOPadConfigSet                 
00004789  main                             
00004841  __aeabi_memcpy                   
00004841  __aeabi_memcpy4                  
00004841  __aeabi_memcpy8                  
00004841  memcpy                           
000048dd  Task_ADC                         
00004965  __aeabi_cdcmpeq                  
00004965  __aeabi_cdcmple                  
000049eb  __aeabi_cdrcmple                 
00004a71  xPortPendSVHandler               
00004aad  ulPortSetInterruptMask           
00004abb  vPortClearInterruptMask          
00004ac1  vPortSVCHandler                  
00004adf  vPortStartFirstTask              
00004af1  __aeabi_memclr                   
00004af1  __aeabi_memclr4                  
00004af1  __aeabi_memclr8                  
00004af3  __aeabi_memset                   
00004af3  __aeabi_memset4                  
00004af3  __aeabi_memset8                  
00004af9  memset                           
00004b6b  __mpu_init                       
00004b6d  SysCtlPeripheralPresent          
00004be5  __TI_auto_init                   
00004c55  ADCSequenceStepConfigure         
00004d2b  _system_post_cinit               
00004d2d  sprintf                          
00004d8d  Task_ReportSysTick               
00004de9  frexp                            
00004de9  frexpl                           
00004e45  SysCtlPeripheralEnable           
00004e9d  ltoa                             
00004ef5  Task_Blinky                      
00004f49  C$$EXIT                          
00004f4d  abort                            
00004f55  exit                             
00004f9d  atoi                             
00004fe9  copy_in                          
00005035  __aeabi_d2iz                     
0000507d  SSIConfigSetExpClk               
000050c1  UARTConfigSetExpClk              
00005105  _c_int00                         
00005145  __aeabi_uidiv                    
00005145  __aeabi_uidivmod                 
00005185  UARTStdio_Initialization         
000051c1  ADCIntStatus                     
000051ef  GPIODirModeSet                   
0000521d  __aeabi_i2d                      
0000524b  ADCSequenceConfigure             
00005275  ADCSequenceDataGet               
00005295  UARTDisable                      
000052b1  memccpy                          
000052cd  _args_main                       
000052e5  ADCProcessorTrigger              
000052fb  strchr                           
00005311  UARTEnable                       
00005325  _register_unlock                 
0000532b  _register_lock                   
00005333  _nop                             
00005339  strlen                           
0000534d  GPIOPinTypeGPIOOutput            
0000535f  GPIOPinTypeSSI                   
00005371  GPIOPinTypeUART                  
00005383  SSIDataGetNonBlocking            
00005395  ADCSequenceEnable                
000053a3  __TI_decompress_none             
000053b1  ResetISR                         
000053bd  SSIDataPut                       
000053c7  SSIDisable                       
000053d1  SSIEnable                        
000053db  UARTCharGet                      
000053e5  UARTCharPut                      
000053ef  SSIBusy                          
000053f7  copysign                         
000053f7  copysignl                        
000053ff  GPIOPinRead                      
00005405  GPIOPinWrite                     
0000540b  SysCtlDelay                      
00005411  __TI_decompress_rle24            
00005417  _system_pre_init                 
000055fc  _ctypes_                         
00005864  __TI_Handler_Table_Base          
0000586c  __TI_CINIT_Base                  
0000586c  __TI_Handler_Table_Limit         
0000587c  __TI_CINIT_Limit                 
2000c4b4  xQueueRegistry                   
2000c584  g_ulSystemClock                  
2000c588  __stack                          
2000c788  __STACK_TOP                      
2000cd88  __STACK_END                      
2000cd88  pxCurrentTCB                     
2000cdb4  __TI_cleanup_ptr                 
2000cdb8  __TI_dtors_ptr                   
2000cdbc  __TI_enable_exit_profile_output  
2000cdc0  _lock                            
2000cdc4  _unlock                          
2000cdd4  xPortSysTickCount                
2000cde8  UARTStdioInitFlag                
2000cdec  errno                            
2000cdf0  main_func_sp                     
ffffffff  __TI_pprof_out_hndl              
ffffffff  __TI_prof_data_size              
ffffffff  __TI_prof_data_start             
ffffffff  __binit__                        
ffffffff  __c_args__                       
ffffffff  binit                            
UNDEFED   SHT$$INIT_ARRAY$$Base            
UNDEFED   SHT$$INIT_ARRAY$$Limit           

[216 symbols]
