<?xml version="1.0"?>
<link_info>
   <banner>TI ARM Linker PC v15.12.1.LTS</banner>
   <copyright>Copyright (c) 1996-2015 Texas Instruments Incorporated</copyright>
   <link_time>0x5a149485</link_time>
   <link_errors>0x0</link_errors>
   <output_file>FreeRTOS_LM3S1968_ADC.out</output_file>
   <entry_point>
      <name>_c_int00</name>
      <address>0x5105</address>
   </entry_point>
   <input_file_list>
      <input_file id="fl-2">
         <path>.\</path>
         <kind>object</kind>
         <file>FreeRTOS_LM3S_Startup.obj</file>
         <name>FreeRTOS_LM3S_Startup.obj</name>
      </input_file>
      <input_file id="fl-3">
         <path>.\</path>
         <kind>object</kind>
         <file>Main_ADC.obj</file>
         <name>Main_ADC.obj</name>
      </input_file>
      <input_file id="fl-4">
         <path>.\</path>
         <kind>object</kind>
         <file>heap_2.obj</file>
         <name>heap_2.obj</name>
      </input_file>
      <input_file id="fl-5">
         <path>.\Drivers\</path>
         <kind>object</kind>
         <file>UARTStdio_Initialization_LM3S1968.obj</file>
         <name>UARTStdio_Initialization_LM3S1968.obj</name>
      </input_file>
      <input_file id="fl-6">
         <path>.\Drivers\</path>
         <kind>object</kind>
         <file>rit128x96x4.obj</file>
         <name>rit128x96x4.obj</name>
      </input_file>
      <input_file id="fl-7">
         <path>.\Drivers\</path>
         <kind>object</kind>
         <file>uartstdio.obj</file>
         <name>uartstdio.obj</name>
      </input_file>
      <input_file id="fl-8">
         <path>.\Source\</path>
         <kind>object</kind>
         <file>croutine.obj</file>
         <name>croutine.obj</name>
      </input_file>
      <input_file id="fl-9">
         <path>.\Source\</path>
         <kind>object</kind>
         <file>event_groups.obj</file>
         <name>event_groups.obj</name>
      </input_file>
      <input_file id="fl-a">
         <path>.\Source\</path>
         <kind>object</kind>
         <file>list.obj</file>
         <name>list.obj</name>
      </input_file>
      <input_file id="fl-b">
         <path>.\Source\</path>
         <kind>object</kind>
         <file>queue.obj</file>
         <name>queue.obj</name>
      </input_file>
      <input_file id="fl-c">
         <path>.\Source\</path>
         <kind>object</kind>
         <file>tasks.obj</file>
         <name>tasks.obj</name>
      </input_file>
      <input_file id="fl-d">
         <path>.\Source\</path>
         <kind>object</kind>
         <file>timers.obj</file>
         <name>timers.obj</name>
      </input_file>
      <input_file id="fl-e">
         <path>.\Source\portable\CCS\ARM_CM3\</path>
         <kind>object</kind>
         <file>port.obj</file>
         <name>port.obj</name>
      </input_file>
      <input_file id="fl-f">
         <path>.\Source\portable\CCS\ARM_CM3\</path>
         <kind>object</kind>
         <file>portasm.obj</file>
         <name>portasm.obj</name>
      </input_file>
      <input_file id="fl-10">
         <path>.\Tasks\</path>
         <kind>object</kind>
         <file>Task_ADC.obj</file>
         <name>Task_ADC.obj</name>
      </input_file>
      <input_file id="fl-11">
         <path>.\Tasks\</path>
         <kind>object</kind>
         <file>Task_Blinky.obj</file>
         <name>Task_Blinky.obj</name>
      </input_file>
      <input_file id="fl-12">
         <path>.\Tasks\</path>
         <kind>object</kind>
         <file>Task_ReportSysTick.obj</file>
         <name>Task_ReportSysTick.obj</name>
      </input_file>
      <input_file id="fl-18">
         <path>C:\TI_CodeComposer\StellarisWare-LM3S1968\driverlib\ccs-cm3\Debug\</path>
         <kind>archive</kind>
         <file>driverlib-cm3.lib</file>
         <name>uart.obj</name>
      </input_file>
      <input_file id="fl-19">
         <path>C:\TI_CodeComposer\StellarisWare-LM3S1968\driverlib\ccs-cm3\Debug\</path>
         <kind>archive</kind>
         <file>driverlib-cm3.lib</file>
         <name>sysctl.obj</name>
      </input_file>
      <input_file id="fl-1a">
         <path>C:\TI_CodeComposer\StellarisWare-LM3S1968\driverlib\ccs-cm3\Debug\</path>
         <kind>archive</kind>
         <file>driverlib-cm3.lib</file>
         <name>ssi.obj</name>
      </input_file>
      <input_file id="fl-1b">
         <path>C:\TI_CodeComposer\StellarisWare-LM3S1968\driverlib\ccs-cm3\Debug\</path>
         <kind>archive</kind>
         <file>driverlib-cm3.lib</file>
         <name>interrupt.obj</name>
      </input_file>
      <input_file id="fl-1c">
         <path>C:\TI_CodeComposer\StellarisWare-LM3S1968\driverlib\ccs-cm3\Debug\</path>
         <kind>archive</kind>
         <file>driverlib-cm3.lib</file>
         <name>gpio.obj</name>
      </input_file>
      <input_file id="fl-1d">
         <path>C:\TI_CodeComposer\StellarisWare-LM3S1968\driverlib\ccs-cm3\Debug\</path>
         <kind>archive</kind>
         <file>driverlib-cm3.lib</file>
         <name>cpu.obj</name>
      </input_file>
      <input_file id="fl-1e">
         <path>C:\TI_CodeComposer\StellarisWare-LM3S1968\driverlib\ccs-cm3\Debug\</path>
         <kind>archive</kind>
         <file>driverlib-cm3.lib</file>
         <name>adc.obj</name>
      </input_file>
      <input_file id="fl-d4">
         <path>C:\TI_CodeComposer\ccsv6\tools\compiler\ti-cgt-arm_15.12.1.LTS\lib\</path>
         <kind>archive</kind>
         <file>rtsv7M3_T_le_eabi.lib</file>
         <name>boot.obj</name>
      </input_file>
      <input_file id="fl-d5">
         <path>C:\TI_CodeComposer\ccsv6\tools\compiler\ti-cgt-arm_15.12.1.LTS\lib\</path>
         <kind>archive</kind>
         <file>rtsv7M3_T_le_eabi.lib</file>
         <name>copy_decompress_none.obj</name>
      </input_file>
      <input_file id="fl-d6">
         <path>C:\TI_CodeComposer\ccsv6\tools\compiler\ti-cgt-arm_15.12.1.LTS\lib\</path>
         <kind>archive</kind>
         <file>rtsv7M3_T_le_eabi.lib</file>
         <name>copy_decompress_rle.obj</name>
      </input_file>
      <input_file id="fl-d7">
         <path>C:\TI_CodeComposer\ccsv6\tools\compiler\ti-cgt-arm_15.12.1.LTS\lib\</path>
         <kind>archive</kind>
         <file>rtsv7M3_T_le_eabi.lib</file>
         <name>copy_zero_init.obj</name>
      </input_file>
      <input_file id="fl-d8">
         <path>C:\TI_CodeComposer\ccsv6\tools\compiler\ti-cgt-arm_15.12.1.LTS\lib\</path>
         <kind>archive</kind>
         <file>rtsv7M3_T_le_eabi.lib</file>
         <name>exit.obj</name>
      </input_file>
      <input_file id="fl-d9">
         <path>C:\TI_CodeComposer\ccsv6\tools\compiler\ti-cgt-arm_15.12.1.LTS\lib\</path>
         <kind>archive</kind>
         <file>rtsv7M3_T_le_eabi.lib</file>
         <name>memcpy_t2.obj</name>
      </input_file>
      <input_file id="fl-da">
         <path>C:\TI_CodeComposer\ccsv6\tools\compiler\ti-cgt-arm_15.12.1.LTS\lib\</path>
         <kind>archive</kind>
         <file>rtsv7M3_T_le_eabi.lib</file>
         <name>memset_t2.obj</name>
      </input_file>
      <input_file id="fl-db">
         <path>C:\TI_CodeComposer\ccsv6\tools\compiler\ti-cgt-arm_15.12.1.LTS\lib\</path>
         <kind>archive</kind>
         <file>rtsv7M3_T_le_eabi.lib</file>
         <name>mpu_init.obj</name>
      </input_file>
      <input_file id="fl-dc">
         <path>C:\TI_CodeComposer\ccsv6\tools\compiler\ti-cgt-arm_15.12.1.LTS\lib\</path>
         <kind>archive</kind>
         <file>rtsv7M3_T_le_eabi.lib</file>
         <name>pre_init.obj</name>
      </input_file>
      <input_file id="fl-dd">
         <path>C:\TI_CodeComposer\ccsv6\tools\compiler\ti-cgt-arm_15.12.1.LTS\lib\</path>
         <kind>archive</kind>
         <file>rtsv7M3_T_le_eabi.lib</file>
         <name>sprintf.obj</name>
      </input_file>
      <input_file id="fl-de">
         <path>C:\TI_CodeComposer\ccsv6\tools\compiler\ti-cgt-arm_15.12.1.LTS\lib\</path>
         <kind>archive</kind>
         <file>rtsv7M3_T_le_eabi.lib</file>
         <name>stkdepth_vars.obj</name>
      </input_file>
      <input_file id="fl-df">
         <path>C:\TI_CodeComposer\ccsv6\tools\compiler\ti-cgt-arm_15.12.1.LTS\lib\</path>
         <kind>archive</kind>
         <file>rtsv7M3_T_le_eabi.lib</file>
         <name>u_divt2.obj</name>
      </input_file>
      <input_file id="fl-e0">
         <path>C:\TI_CodeComposer\ccsv6\tools\compiler\ti-cgt-arm_15.12.1.LTS\lib\</path>
         <kind>archive</kind>
         <file>rtsv7M3_T_le_eabi.lib</file>
         <name>_lock.obj</name>
      </input_file>
      <input_file id="fl-e1">
         <path>C:\TI_CodeComposer\ccsv6\tools\compiler\ti-cgt-arm_15.12.1.LTS\lib\</path>
         <kind>archive</kind>
         <file>rtsv7M3_T_le_eabi.lib</file>
         <name>_printfi.obj</name>
      </input_file>
      <input_file id="fl-e2">
         <path>C:\TI_CodeComposer\ccsv6\tools\compiler\ti-cgt-arm_15.12.1.LTS\lib\</path>
         <kind>archive</kind>
         <file>rtsv7M3_T_le_eabi.lib</file>
         <name>args_main.obj</name>
      </input_file>
      <input_file id="fl-e3">
         <path>C:\TI_CodeComposer\ccsv6\tools\compiler\ti-cgt-arm_15.12.1.LTS\lib\</path>
         <kind>archive</kind>
         <file>rtsv7M3_T_le_eabi.lib</file>
         <name>atoi.obj</name>
      </input_file>
      <input_file id="fl-e4">
         <path>C:\TI_CodeComposer\ccsv6\tools\compiler\ti-cgt-arm_15.12.1.LTS\lib\</path>
         <kind>archive</kind>
         <file>rtsv7M3_T_le_eabi.lib</file>
         <name>autoinit.obj</name>
      </input_file>
      <input_file id="fl-e5">
         <path>C:\TI_CodeComposer\ccsv6\tools\compiler\ti-cgt-arm_15.12.1.LTS\lib\</path>
         <kind>archive</kind>
         <file>rtsv7M3_T_le_eabi.lib</file>
         <name>cpy_tbl.obj</name>
      </input_file>
      <input_file id="fl-e6">
         <path>C:\TI_CodeComposer\ccsv6\tools\compiler\ti-cgt-arm_15.12.1.LTS\lib\</path>
         <kind>archive</kind>
         <file>rtsv7M3_T_le_eabi.lib</file>
         <name>ctype.obj</name>
      </input_file>
      <input_file id="fl-e7">
         <path>C:\TI_CodeComposer\ccsv6\tools\compiler\ti-cgt-arm_15.12.1.LTS\lib\</path>
         <kind>archive</kind>
         <file>rtsv7M3_T_le_eabi.lib</file>
         <name>fd_add_t2.obj</name>
      </input_file>
      <input_file id="fl-e8">
         <path>C:\TI_CodeComposer\ccsv6\tools\compiler\ti-cgt-arm_15.12.1.LTS\lib\</path>
         <kind>archive</kind>
         <file>rtsv7M3_T_le_eabi.lib</file>
         <name>fd_cmp_t2.obj</name>
      </input_file>
      <input_file id="fl-e9">
         <path>C:\TI_CodeComposer\ccsv6\tools\compiler\ti-cgt-arm_15.12.1.LTS\lib\</path>
         <kind>archive</kind>
         <file>rtsv7M3_T_le_eabi.lib</file>
         <name>fd_div_t2.obj</name>
      </input_file>
      <input_file id="fl-ea">
         <path>C:\TI_CodeComposer\ccsv6\tools\compiler\ti-cgt-arm_15.12.1.LTS\lib\</path>
         <kind>archive</kind>
         <file>rtsv7M3_T_le_eabi.lib</file>
         <name>fd_mul_t2.obj</name>
      </input_file>
      <input_file id="fl-eb">
         <path>C:\TI_CodeComposer\ccsv6\tools\compiler\ti-cgt-arm_15.12.1.LTS\lib\</path>
         <kind>archive</kind>
         <file>rtsv7M3_T_le_eabi.lib</file>
         <name>fd_toi_t2.obj</name>
      </input_file>
      <input_file id="fl-ec">
         <path>C:\TI_CodeComposer\ccsv6\tools\compiler\ti-cgt-arm_15.12.1.LTS\lib\</path>
         <kind>archive</kind>
         <file>rtsv7M3_T_le_eabi.lib</file>
         <name>i_div0.obj</name>
      </input_file>
      <input_file id="fl-ed">
         <path>C:\TI_CodeComposer\ccsv6\tools\compiler\ti-cgt-arm_15.12.1.LTS\lib\</path>
         <kind>archive</kind>
         <file>rtsv7M3_T_le_eabi.lib</file>
         <name>i_tofd_t2.obj</name>
      </input_file>
      <input_file id="fl-ee">
         <path>C:\TI_CodeComposer\ccsv6\tools\compiler\ti-cgt-arm_15.12.1.LTS\lib\</path>
         <kind>archive</kind>
         <file>rtsv7M3_T_le_eabi.lib</file>
         <name>ltoa.obj</name>
      </input_file>
      <input_file id="fl-ef">
         <path>C:\TI_CodeComposer\ccsv6\tools\compiler\ti-cgt-arm_15.12.1.LTS\lib\</path>
         <kind>archive</kind>
         <file>rtsv7M3_T_le_eabi.lib</file>
         <name>memccpy.obj</name>
      </input_file>
      <input_file id="fl-f0">
         <path>C:\TI_CodeComposer\ccsv6\tools\compiler\ti-cgt-arm_15.12.1.LTS\lib\</path>
         <kind>archive</kind>
         <file>rtsv7M3_T_le_eabi.lib</file>
         <name>s_frexp.obj</name>
      </input_file>
      <input_file id="fl-f1">
         <path>C:\TI_CodeComposer\ccsv6\tools\compiler\ti-cgt-arm_15.12.1.LTS\lib\</path>
         <kind>archive</kind>
         <file>rtsv7M3_T_le_eabi.lib</file>
         <name>s_scalbn.obj</name>
      </input_file>
      <input_file id="fl-f2">
         <path>C:\TI_CodeComposer\ccsv6\tools\compiler\ti-cgt-arm_15.12.1.LTS\lib\</path>
         <kind>archive</kind>
         <file>rtsv7M3_T_le_eabi.lib</file>
         <name>startup.obj</name>
      </input_file>
      <input_file id="fl-f3">
         <path>C:\TI_CodeComposer\ccsv6\tools\compiler\ti-cgt-arm_15.12.1.LTS\lib\</path>
         <kind>archive</kind>
         <file>rtsv7M3_T_le_eabi.lib</file>
         <name>strchr.obj</name>
      </input_file>
      <input_file id="fl-f4">
         <path>C:\TI_CodeComposer\ccsv6\tools\compiler\ti-cgt-arm_15.12.1.LTS\lib\</path>
         <kind>archive</kind>
         <file>rtsv7M3_T_le_eabi.lib</file>
         <name>strlen.obj</name>
      </input_file>
      <input_file id="fl-f5">
         <path>C:\TI_CodeComposer\ccsv6\tools\compiler\ti-cgt-arm_15.12.1.LTS\lib\</path>
         <kind>archive</kind>
         <file>rtsv7M3_T_le_eabi.lib</file>
         <name>ull_div_t2.obj</name>
      </input_file>
      <input_file id="fl-f6">
         <path>C:\TI_CodeComposer\ccsv6\tools\compiler\ti-cgt-arm_15.12.1.LTS\lib\</path>
         <kind>archive</kind>
         <file>rtsv7M3_T_le_eabi.lib</file>
         <name>errno.obj</name>
      </input_file>
      <input_file id="fl-f7">
         <path>C:\TI_CodeComposer\ccsv6\tools\compiler\ti-cgt-arm_15.12.1.LTS\lib\</path>
         <kind>archive</kind>
         <file>rtsv7M3_T_le_eabi.lib</file>
         <name>s_copysign.obj</name>
      </input_file>
   </input_file_list>
   <object_component_list>
      <object_component id="oc-f">
         <name>.intvecs</name>
         <load_address>0x0</load_address>
         <run_address>0x0</run_address>
         <size>0x200</size>
         <input_file_ref idref="fl-2"/>
      </object_component>
      <object_component id="oc-2cb">
         <name>.text</name>
         <load_address>0x200</load_address>
         <run_address>0x200</run_address>
         <size>0x10f0</size>
         <input_file_ref idref="fl-e1"/>
      </object_component>
      <object_component id="oc-8c">
         <name>.text</name>
         <load_address>0x12f0</load_address>
         <run_address>0x12f0</run_address>
         <size>0xea0</size>
         <input_file_ref idref="fl-c"/>
      </object_component>
      <object_component id="oc-16f">
         <name>.text</name>
         <load_address>0x2190</load_address>
         <run_address>0x2190</run_address>
         <size>0x914</size>
         <input_file_ref idref="fl-b"/>
      </object_component>
      <object_component id="oc-e8">
         <name>.text</name>
         <load_address>0x2aa4</load_address>
         <run_address>0x2aa4</run_address>
         <size>0x528</size>
         <input_file_ref idref="fl-d"/>
      </object_component>
      <object_component id="oc-20c">
         <name>.text</name>
         <load_address>0x2fcc</load_address>
         <run_address>0x2fcc</run_address>
         <size>0x510</size>
         <input_file_ref idref="fl-6"/>
      </object_component>
      <object_component id="oc-13e">
         <name>.text</name>
         <load_address>0x34dc</load_address>
         <run_address>0x34dc</run_address>
         <size>0x488</size>
         <input_file_ref idref="fl-7"/>
      </object_component>
      <object_component id="oc-310">
         <name>.text</name>
         <load_address>0x3964</load_address>
         <run_address>0x3964</run_address>
         <size>0x1f4</size>
         <input_file_ref idref="fl-f5"/>
      </object_component>
      <object_component id="oc-f7">
         <name>.text</name>
         <load_address>0x3b58</load_address>
         <run_address>0x3b58</run_address>
         <size>0x1b8</size>
         <input_file_ref idref="fl-4"/>
      </object_component>
      <object_component id="oc-33f">
         <name>.text</name>
         <load_address>0x3d10</load_address>
         <run_address>0x3d10</run_address>
         <size>0x1b6</size>
         <input_file_ref idref="fl-e7"/>
      </object_component>
      <object_component id="oc-280">
         <name>.text</name>
         <load_address>0x3ec6</load_address>
         <run_address>0x3ec6</run_address>
         <size>0x2</size>
         <input_file_ref idref="fl-ec"/>
      </object_component>
      <object_component id="oc-134">
         <name>.text:SysCtlClockGet</name>
         <load_address>0x3ec8</load_address>
         <run_address>0x3ec8</run_address>
         <size>0x198</size>
         <input_file_ref idref="fl-19"/>
      </object_component>
      <object_component id="oc-130">
         <name>.text:SysCtlClockSet</name>
         <load_address>0x4060</load_address>
         <run_address>0x4060</run_address>
         <size>0x144</size>
         <input_file_ref idref="fl-19"/>
      </object_component>
      <object_component id="oc-325">
         <name>.text</name>
         <load_address>0x41a4</load_address>
         <run_address>0x41a4</run_address>
         <size>0x136</size>
         <input_file_ref idref="fl-e9"/>
      </object_component>
      <object_component id="oc-e2">
         <name>.text</name>
         <load_address>0x42da</load_address>
         <run_address>0x42da</run_address>
         <size>0x12a</size>
         <input_file_ref idref="fl-a"/>
      </object_component>
      <object_component id="oc-320">
         <name>.text</name>
         <load_address>0x4404</load_address>
         <run_address>0x4404</run_address>
         <size>0xfc</size>
         <input_file_ref idref="fl-ea"/>
      </object_component>
      <object_component id="oc-39">
         <name>.text</name>
         <load_address>0x4500</load_address>
         <run_address>0x4500</run_address>
         <size>0xf0</size>
         <input_file_ref idref="fl-e"/>
      </object_component>
      <object_component id="oc-34a">
         <name>.text</name>
         <load_address>0x45f0</load_address>
         <run_address>0x45f0</run_address>
         <size>0xd0</size>
         <input_file_ref idref="fl-f1"/>
      </object_component>
      <object_component id="oc-1fe">
         <name>.text:GPIOPadConfigSet</name>
         <load_address>0x46c0</load_address>
         <run_address>0x46c0</run_address>
         <size>0xc8</size>
         <input_file_ref idref="fl-1c"/>
      </object_component>
      <object_component id="oc-cf">
         <name>.text</name>
         <load_address>0x4788</load_address>
         <run_address>0x4788</run_address>
         <size>0xb8</size>
         <input_file_ref idref="fl-3"/>
      </object_component>
      <object_component id="oc-42">
         <name>.text</name>
         <load_address>0x4840</load_address>
         <run_address>0x4840</run_address>
         <size>0x9c</size>
         <input_file_ref idref="fl-d9"/>
      </object_component>
      <object_component id="oc-151">
         <name>.text</name>
         <load_address>0x48dc</load_address>
         <run_address>0x48dc</run_address>
         <size>0x88</size>
         <input_file_ref idref="fl-10"/>
      </object_component>
      <object_component id="oc-31b">
         <name>.text:__aeabi_cdcmple</name>
         <load_address>0x4964</load_address>
         <run_address>0x4964</run_address>
         <size>0x86</size>
         <input_file_ref idref="fl-e8"/>
      </object_component>
      <object_component id="oc-32a">
         <name>.text:__aeabi_cdrcmple</name>
         <load_address>0x49ea</load_address>
         <run_address>0x49ea</run_address>
         <size>0x86</size>
         <input_file_ref idref="fl-e8"/>
      </object_component>
      <object_component id="oc-34">
         <name>.text</name>
         <load_address>0x4a70</load_address>
         <run_address>0x4a70</run_address>
         <size>0x80</size>
         <input_file_ref idref="fl-f"/>
      </object_component>
      <object_component id="oc-5b">
         <name>.text</name>
         <load_address>0x4af0</load_address>
         <run_address>0x4af0</run_address>
         <size>0x7a</size>
         <input_file_ref idref="fl-da"/>
      </object_component>
      <object_component id="oc-67">
         <name>.text</name>
         <load_address>0x4b6a</load_address>
         <run_address>0x4b6a</run_address>
         <size>0x2</size>
         <input_file_ref idref="fl-db"/>
      </object_component>
      <object_component id="oc-1ce">
         <name>.text:SysCtlPeripheralPresent</name>
         <load_address>0x4b6c</load_address>
         <run_address>0x4b6c</run_address>
         <size>0x78</size>
         <input_file_ref idref="fl-19"/>
      </object_component>
      <object_component id="oc-73">
         <name>.text</name>
         <load_address>0x4be4</load_address>
         <run_address>0x4be4</run_address>
         <size>0x70</size>
         <input_file_ref idref="fl-e4"/>
      </object_component>
      <object_component id="oc-21e">
         <name>.text:ADCSequenceStepConfigure</name>
         <load_address>0x4c54</load_address>
         <run_address>0x4c54</run_address>
         <size>0x6c</size>
         <input_file_ref idref="fl-1e"/>
      </object_component>
      <object_component id="oc-4e">
         <name>.text</name>
         <load_address>0x4cc0</load_address>
         <run_address>0x4cc0</run_address>
         <size>0x6a</size>
         <input_file_ref idref="fl-d6"/>
      </object_component>
      <object_component id="oc-c7">
         <name>.text</name>
         <load_address>0x4d2a</load_address>
         <run_address>0x4d2a</run_address>
         <size>0x2</size>
         <input_file_ref idref="fl-f2"/>
      </object_component>
      <object_component id="oc-212">
         <name>.text</name>
         <load_address>0x4d2c</load_address>
         <run_address>0x4d2c</run_address>
         <size>0x60</size>
         <input_file_ref idref="fl-dd"/>
      </object_component>
      <object_component id="oc-14b">
         <name>.text</name>
         <load_address>0x4d8c</load_address>
         <run_address>0x4d8c</run_address>
         <size>0x5c</size>
         <input_file_ref idref="fl-12"/>
      </object_component>
      <object_component id="oc-344">
         <name>.text</name>
         <load_address>0x4de8</load_address>
         <run_address>0x4de8</run_address>
         <size>0x5c</size>
         <input_file_ref idref="fl-f0"/>
      </object_component>
      <object_component id="oc-1c2">
         <name>.text:SysCtlPeripheralEnable</name>
         <load_address>0x4e44</load_address>
         <run_address>0x4e44</run_address>
         <size>0x58</size>
         <input_file_ref idref="fl-19"/>
      </object_component>
      <object_component id="oc-334">
         <name>.text</name>
         <load_address>0x4e9c</load_address>
         <run_address>0x4e9c</run_address>
         <size>0x56</size>
         <input_file_ref idref="fl-ee"/>
      </object_component>
      <object_component id="oc-145">
         <name>.text</name>
         <load_address>0x4ef4</load_address>
         <run_address>0x4ef4</run_address>
         <size>0x54</size>
         <input_file_ref idref="fl-11"/>
      </object_component>
      <object_component id="oc-7f">
         <name>.text</name>
         <load_address>0x4f48</load_address>
         <run_address>0x4f48</run_address>
         <size>0x54</size>
         <input_file_ref idref="fl-d8"/>
      </object_component>
      <object_component id="oc-35c">
         <name>.text</name>
         <load_address>0x4f9c</load_address>
         <run_address>0x4f9c</run_address>
         <size>0x4c</size>
         <input_file_ref idref="fl-e3"/>
      </object_component>
      <object_component id="oc-c1">
         <name>.text</name>
         <load_address>0x4fe8</load_address>
         <run_address>0x4fe8</run_address>
         <size>0x4c</size>
         <input_file_ref idref="fl-e5"/>
      </object_component>
      <object_component id="oc-32f">
         <name>.text</name>
         <load_address>0x5034</load_address>
         <run_address>0x5034</run_address>
         <size>0x48</size>
         <input_file_ref idref="fl-eb"/>
      </object_component>
      <object_component id="oc-2a7">
         <name>.text:SSIConfigSetExpClk</name>
         <load_address>0x507c</load_address>
         <run_address>0x507c</run_address>
         <size>0x44</size>
         <input_file_ref idref="fl-1a"/>
      </object_component>
      <object_component id="oc-1d2">
         <name>.text:UARTConfigSetExpClk</name>
         <load_address>0x50c0</load_address>
         <run_address>0x50c0</run_address>
         <size>0x42</size>
         <input_file_ref idref="fl-18"/>
      </object_component>
      <object_component id="oc-24">
         <name>.text</name>
         <load_address>0x5104</load_address>
         <run_address>0x5104</run_address>
         <size>0x40</size>
         <input_file_ref idref="fl-d4"/>
      </object_component>
      <object_component id="oc-1eb">
         <name>.text</name>
         <load_address>0x5144</load_address>
         <run_address>0x5144</run_address>
         <size>0x40</size>
         <input_file_ref idref="fl-df"/>
      </object_component>
      <object_component id="oc-138">
         <name>.text</name>
         <load_address>0x5184</load_address>
         <run_address>0x5184</run_address>
         <size>0x3c</size>
         <input_file_ref idref="fl-5"/>
      </object_component>
      <object_component id="oc-22a">
         <name>.text:ADCIntStatus</name>
         <load_address>0x51c0</load_address>
         <run_address>0x51c0</run_address>
         <size>0x2e</size>
         <input_file_ref idref="fl-1e"/>
      </object_component>
      <object_component id="oc-269">
         <name>.text:GPIODirModeSet</name>
         <load_address>0x51ee</load_address>
         <run_address>0x51ee</run_address>
         <size>0x2e</size>
         <input_file_ref idref="fl-1c"/>
      </object_component>
      <object_component id="oc-33a">
         <name>.text</name>
         <load_address>0x521c</load_address>
         <run_address>0x521c</run_address>
         <size>0x2e</size>
         <input_file_ref idref="fl-ed"/>
      </object_component>
      <object_component id="oc-21a">
         <name>.text:ADCSequenceConfigure</name>
         <load_address>0x524a</load_address>
         <run_address>0x524a</run_address>
         <size>0x2a</size>
         <input_file_ref idref="fl-1e"/>
      </object_component>
      <object_component id="oc-22e">
         <name>.text:ADCSequenceDataGet</name>
         <load_address>0x5274</load_address>
         <run_address>0x5274</run_address>
         <size>0x20</size>
         <input_file_ref idref="fl-1e"/>
      </object_component>
      <object_component id="oc-271">
         <name>.text:UARTDisable</name>
         <load_address>0x5294</load_address>
         <run_address>0x5294</run_address>
         <size>0x1c</size>
         <input_file_ref idref="fl-18"/>
      </object_component>
      <object_component id="oc-356">
         <name>.text</name>
         <load_address>0x52b0</load_address>
         <run_address>0x52b0</run_address>
         <size>0x1a</size>
         <input_file_ref idref="fl-ef"/>
      </object_component>
      <object_component id="oc-79">
         <name>.text</name>
         <load_address>0x52cc</load_address>
         <run_address>0x52cc</run_address>
         <size>0x18</size>
         <input_file_ref idref="fl-e2"/>
      </object_component>
      <object_component id="oc-226">
         <name>.text:ADCProcessorTrigger</name>
         <load_address>0x52e4</load_address>
         <run_address>0x52e4</run_address>
         <size>0x16</size>
         <input_file_ref idref="fl-1e"/>
      </object_component>
      <object_component id="oc-350">
         <name>.text</name>
         <load_address>0x52fa</load_address>
         <run_address>0x52fa</run_address>
         <size>0x16</size>
         <input_file_ref idref="fl-f3"/>
      </object_component>
      <object_component id="oc-1d6">
         <name>.text:UARTEnable</name>
         <load_address>0x5310</load_address>
         <run_address>0x5310</run_address>
         <size>0x14</size>
         <input_file_ref idref="fl-18"/>
      </object_component>
      <object_component id="oc-161">
         <name>.text</name>
         <load_address>0x5324</load_address>
         <run_address>0x5324</run_address>
         <size>0x14</size>
         <input_file_ref idref="fl-e0"/>
      </object_component>
      <object_component id="oc-315">
         <name>.text</name>
         <load_address>0x5338</load_address>
         <run_address>0x5338</run_address>
         <size>0x14</size>
         <input_file_ref idref="fl-f4"/>
      </object_component>
      <object_component id="oc-1fa">
         <name>.text:GPIOPinTypeGPIOOutput</name>
         <load_address>0x534c</load_address>
         <run_address>0x534c</run_address>
         <size>0x12</size>
         <input_file_ref idref="fl-1c"/>
      </object_component>
      <object_component id="oc-2ab">
         <name>.text:GPIOPinTypeSSI</name>
         <load_address>0x535e</load_address>
         <run_address>0x535e</run_address>
         <size>0x12</size>
         <input_file_ref idref="fl-1c"/>
      </object_component>
      <object_component id="oc-1c6">
         <name>.text:GPIOPinTypeUART</name>
         <load_address>0x5370</load_address>
         <run_address>0x5370</run_address>
         <size>0x12</size>
         <input_file_ref idref="fl-1c"/>
      </object_component>
      <object_component id="oc-2b3">
         <name>.text:SSIDataGetNonBlocking</name>
         <load_address>0x5382</load_address>
         <run_address>0x5382</run_address>
         <size>0x12</size>
         <input_file_ref idref="fl-1a"/>
      </object_component>
      <object_component id="oc-222">
         <name>.text:ADCSequenceEnable</name>
         <load_address>0x5394</load_address>
         <run_address>0x5394</run_address>
         <size>0xe</size>
         <input_file_ref idref="fl-1e"/>
      </object_component>
      <object_component id="oc-12">
         <name>.text:decompress:none</name>
         <load_address>0x53a2</load_address>
         <run_address>0x53a2</run_address>
         <size>0xe</size>
         <input_file_ref idref="fl-d5"/>
      </object_component>
      <object_component id="oc-2e">
         <name>.text</name>
         <load_address>0x53b0</load_address>
         <run_address>0x53b0</run_address>
         <size>0xc</size>
         <input_file_ref idref="fl-2"/>
      </object_component>
      <object_component id="oc-29c">
         <name>.text:SSIDataPut</name>
         <load_address>0x53bc</load_address>
         <run_address>0x53bc</run_address>
         <size>0xa</size>
         <input_file_ref idref="fl-1a"/>
      </object_component>
      <object_component id="oc-2a3">
         <name>.text:SSIDisable</name>
         <load_address>0x53c6</load_address>
         <run_address>0x53c6</run_address>
         <size>0xa</size>
         <input_file_ref idref="fl-1a"/>
      </object_component>
      <object_component id="oc-2af">
         <name>.text:SSIEnable</name>
         <load_address>0x53d0</load_address>
         <run_address>0x53d0</run_address>
         <size>0xa</size>
         <input_file_ref idref="fl-1a"/>
      </object_component>
      <object_component id="oc-1de">
         <name>.text:UARTCharGet</name>
         <load_address>0x53da</load_address>
         <run_address>0x53da</run_address>
         <size>0xa</size>
         <input_file_ref idref="fl-18"/>
      </object_component>
      <object_component id="oc-1da">
         <name>.text:UARTCharPut</name>
         <load_address>0x53e4</load_address>
         <run_address>0x53e4</run_address>
         <size>0xa</size>
         <input_file_ref idref="fl-18"/>
      </object_component>
      <object_component id="oc-298">
         <name>.text:SSIBusy</name>
         <load_address>0x53ee</load_address>
         <run_address>0x53ee</run_address>
         <size>0x8</size>
         <input_file_ref idref="fl-1a"/>
      </object_component>
      <object_component id="oc-38c">
         <name>.text</name>
         <load_address>0x53f6</load_address>
         <run_address>0x53f6</run_address>
         <size>0x8</size>
         <input_file_ref idref="fl-f7"/>
      </object_component>
      <object_component id="oc-202">
         <name>.text:GPIOPinRead</name>
         <load_address>0x53fe</load_address>
         <run_address>0x53fe</run_address>
         <size>0x6</size>
         <input_file_ref idref="fl-1c"/>
      </object_component>
      <object_component id="oc-206">
         <name>.text:GPIOPinWrite</name>
         <load_address>0x5404</load_address>
         <run_address>0x5404</run_address>
         <size>0x6</size>
         <input_file_ref idref="fl-1c"/>
      </object_component>
      <object_component id="oc-1b8">
         <name>.text:SysCtlDelay</name>
         <load_address>0x540a</load_address>
         <run_address>0x540a</run_address>
         <size>0x6</size>
         <input_file_ref idref="fl-19"/>
      </object_component>
      <object_component id="oc-18">
         <name>.text:decompress:rle24</name>
         <load_address>0x5410</load_address>
         <run_address>0x5410</run_address>
         <size>0x6</size>
         <input_file_ref idref="fl-d6"/>
      </object_component>
      <object_component id="oc-6d">
         <name>.text</name>
         <load_address>0x5416</load_address>
         <run_address>0x5416</run_address>
         <size>0x4</size>
         <input_file_ref idref="fl-dc"/>
      </object_component>
      <object_component id="oc-2c2">
         <name>.const:g_pucFont</name>
         <load_address>0x541c</load_address>
         <run_address>0x541c</run_address>
         <size>0x1e0</size>
         <input_file_ref idref="fl-6"/>
      </object_component>
      <object_component id="oc-39b">
         <name>.const:.string:_ctypes_</name>
         <load_address>0x55fc</load_address>
         <run_address>0x55fc</run_address>
         <size>0x101</size>
         <input_file_ref idref="fl-e6"/>
      </object_component>
      <object_component id="oc-2ba">
         <name>.const:.string:pucCommand1$1</name>
         <load_address>0x56fd</load_address>
         <run_address>0x56fd</run_address>
         <size>0x3</size>
         <input_file_ref idref="fl-6"/>
      </object_component>
      <object_component id="oc-1bf">
         <name>.const:g_pulXtals</name>
         <load_address>0x5700</load_address>
         <run_address>0x5700</run_address>
         <size>0x6c</size>
         <input_file_ref idref="fl-19"/>
      </object_component>
      <object_component id="oc-2c5">
         <name>.const:.string:g_pucRIT128x96x4Init</name>
         <load_address>0x576c</load_address>
         <run_address>0x576c</run_address>
         <size>0x4f</size>
         <input_file_ref idref="fl-6"/>
      </object_component>
      <object_component id="oc-266">
         <name>.const</name>
         <load_address>0x57bc</load_address>
         <run_address>0x57bc</run_address>
         <size>0x40</size>
         <input_file_ref idref="fl-19"/>
      </object_component>
      <object_component id="oc-287">
         <name>.const:.string</name>
         <load_address>0x57fc</load_address>
         <run_address>0x57fc</run_address>
         <size>0x12</size>
         <input_file_ref idref="fl-7"/>
      </object_component>
      <object_component id="oc-2bc">
         <name>.const:.string:g_pucRIT128x96x4HorizontalInc</name>
         <load_address>0x580e</load_address>
         <run_address>0x580e</run_address>
         <size>0x2</size>
         <input_file_ref idref="fl-6"/>
      </object_component>
      <object_component id="oc-1e8">
         <name>.const:g_ulUARTBase</name>
         <load_address>0x5810</load_address>
         <run_address>0x5810</run_address>
         <size>0xc</size>
         <input_file_ref idref="fl-7"/>
      </object_component>
      <object_component id="oc-1e2">
         <name>.const:g_ulUARTPeriph</name>
         <load_address>0x581c</load_address>
         <run_address>0x581c</run_address>
         <size>0xc</size>
         <input_file_ref idref="fl-7"/>
      </object_component>
      <object_component id="oc-1f0">
         <name>.const</name>
         <load_address>0x5828</load_address>
         <run_address>0x5828</run_address>
         <size>0x4</size>
         <input_file_ref idref="fl-7"/>
      </object_component>
      <object_component id="oc-2bb">
         <name>.const:.string:pucCommand2$2</name>
         <load_address>0x582c</load_address>
         <run_address>0x582c</run_address>
         <size>0x3</size>
         <input_file_ref idref="fl-6"/>
      </object_component>
      <object_component id="oc-2bf">
         <name>.const:.string:g_pucRIT128x96x4VerticalInc</name>
         <load_address>0x582f</load_address>
         <run_address>0x582f</run_address>
         <size>0x2</size>
         <input_file_ref idref="fl-6"/>
      </object_component>
      <object_component id="oc-2c8">
         <name>.const:.string:pucCommand1$3</name>
         <load_address>0x5831</load_address>
         <run_address>0x5831</run_address>
         <size>0x2</size>
         <input_file_ref idref="fl-6"/>
      </object_component>
      <object_component id="oc-19f">
         <name>.const</name>
         <load_address>0x5834</load_address>
         <run_address>0x5834</run_address>
         <size>0x2</size>
         <input_file_ref idref="fl-4"/>
      </object_component>
      <object_component id="oc-3de">
         <name>.cinit..data.load</name>
         <load_address>0x5838</load_address>
         <run_address>0x5838</run_address>
         <size>0x20</size>
      </object_component>
      <object_component id="oc-3df">
         <name>.cinit..bss.load</name>
         <load_address>0x5858</load_address>
         <run_address>0x5858</run_address>
         <size>0xb</size>
      </object_component>
      <object_component id="oc-3dc">
         <name>__TI_handler_table</name>
         <load_address>0x5864</load_address>
         <run_address>0x5864</run_address>
         <size>0x8</size>
      </object_component>
      <object_component id="oc-3dd">
         <name>__TI_cinit_table</name>
         <load_address>0x586c</load_address>
         <run_address>0x586c</run_address>
         <size>0x10</size>
      </object_component>
      <object_component id="oc-193">
         <name>.data</name>
         <load_address>0x2000cdc8</load_address>
         <run_address>0x2000cdc8</run_address>
         <size>0x8</size>
         <input_file_ref idref="fl-4"/>
      </object_component>
      <object_component id="oc-1ca">
         <name>.data</name>
         <load_address>0x2000cde8</load_address>
         <run_address>0x2000cde8</run_address>
         <size>0x4</size>
         <input_file_ref idref="fl-5"/>
      </object_component>
      <object_component id="oc-1e5">
         <name>.data</name>
         <load_address>0x2000cde0</load_address>
         <run_address>0x2000cde0</run_address>
         <size>0x5</size>
         <input_file_ref idref="fl-7"/>
      </object_component>
      <object_component id="oc-92">
         <name>.data</name>
         <load_address>0x2000cd88</load_address>
         <run_address>0x2000cd88</run_address>
         <size>0x2c</size>
         <input_file_ref idref="fl-c"/>
      </object_component>
      <object_component id="oc-175">
         <name>.data</name>
         <load_address>0x2000cdd8</load_address>
         <run_address>0x2000cdd8</run_address>
         <size>0x8</size>
         <input_file_ref idref="fl-d"/>
      </object_component>
      <object_component id="oc-96">
         <name>.data</name>
         <load_address>0x2000cdd0</load_address>
         <run_address>0x2000cdd0</run_address>
         <size>0x8</size>
         <input_file_ref idref="fl-e"/>
      </object_component>
      <object_component id="oc-d7">
         <name>.data:$O1$$</name>
         <load_address>0x2000cdb4</load_address>
         <run_address>0x2000cdb4</run_address>
         <size>0xc</size>
         <input_file_ref idref="fl-d8"/>
      </object_component>
      <object_component id="oc-85">
         <name>.data</name>
         <load_address>0x2000cdf0</load_address>
         <run_address>0x2000cdf0</run_address>
         <size>0x4</size>
         <input_file_ref idref="fl-de"/>
      </object_component>
      <object_component id="oc-da">
         <name>.data:$O1$$</name>
         <load_address>0x2000cdc0</load_address>
         <run_address>0x2000cdc0</run_address>
         <size>0x8</size>
         <input_file_ref idref="fl-e0"/>
      </object_component>
      <object_component id="oc-392">
         <name>.data</name>
         <load_address>0x2000cdec</load_address>
         <run_address>0x2000cdec</run_address>
         <size>0x4</size>
         <input_file_ref idref="fl-f6"/>
      </object_component>
      <object_component id="oc-2b">
         <name>.bss:pulStack</name>
         <uninitialized>true</uninitialized>
         <run_address>0x2000c350</run_address>
         <size>0x100</size>
         <input_file_ref idref="fl-2"/>
      </object_component>
      <object_component id="oc-199">
         <name>.bss:xHeap</name>
         <uninitialized>true</uninitialized>
         <run_address>0x20000000</run_address>
         <size>0xc350</size>
         <input_file_ref idref="fl-4"/>
      </object_component>
      <object_component id="oc-196">
         <name>.bss:xStart</name>
         <uninitialized>true</uninitialized>
         <run_address>0x2000c578</run_address>
         <size>0x8</size>
         <input_file_ref idref="fl-4"/>
      </object_component>
      <object_component id="oc-19c">
         <name>.bss:xEnd</name>
         <uninitialized>true</uninitialized>
         <run_address>0x2000c570</run_address>
         <size>0x8</size>
         <input_file_ref idref="fl-4"/>
      </object_component>
      <object_component id="oc-2a0">
         <name>.bss</name>
         <uninitialized>true</uninitialized>
         <run_address>0x2000c580</run_address>
         <size>0x4</size>
         <input_file_ref idref="fl-6"/>
      </object_component>
      <object_component id="oc-2b7">
         <name>.bss:g_pucBuffer</name>
         <uninitialized>true</uninitialized>
         <run_address>0x2000c558</run_address>
         <size>0x8</size>
         <input_file_ref idref="fl-6"/>
      </object_component>
      <object_component id="oc-ee">
         <name>.bss:pxReadyTasksLists</name>
         <uninitialized>true</uninitialized>
         <run_address>0x2000c450</run_address>
         <size>0x64</size>
         <input_file_ref idref="fl-c"/>
      </object_component>
      <object_component id="oc-fd">
         <name>.bss:xDelayedTaskList1</name>
         <uninitialized>true</uninitialized>
         <run_address>0x2000c51c</run_address>
         <size>0x14</size>
         <input_file_ref idref="fl-c"/>
      </object_component>
      <object_component id="oc-100">
         <name>.bss:xDelayedTaskList2</name>
         <uninitialized>true</uninitialized>
         <run_address>0x2000c530</run_address>
         <size>0x14</size>
         <input_file_ref idref="fl-c"/>
      </object_component>
      <object_component id="oc-f4">
         <name>.bss</name>
         <uninitialized>true</uninitialized>
         <run_address>0x2000c560</run_address>
         <size>0x8</size>
         <input_file_ref idref="fl-c"/>
      </object_component>
      <object_component id="oc-f1">
         <name>.bss:xPendingReadyList</name>
         <uninitialized>true</uninitialized>
         <run_address>0x2000c544</run_address>
         <size>0x14</size>
         <input_file_ref idref="fl-c"/>
      </object_component>
      <object_component id="oc-17b">
         <name>.bss:xActiveTimerList1</name>
         <uninitialized>true</uninitialized>
         <run_address>0x2000c4f4</run_address>
         <size>0x14</size>
         <input_file_ref idref="fl-d"/>
      </object_component>
      <object_component id="oc-17e">
         <name>.bss:xActiveTimerList2</name>
         <uninitialized>true</uninitialized>
         <run_address>0x2000c508</run_address>
         <size>0x14</size>
         <input_file_ref idref="fl-d"/>
      </object_component>
      <object_component id="oc-178">
         <name>.bss</name>
         <uninitialized>true</uninitialized>
         <run_address>0x2000c568</run_address>
         <size>0x8</size>
         <input_file_ref idref="fl-d"/>
      </object_component>
      <object_component id="oc-144">
         <name>.common:g_ulSystemClock</name>
         <uninitialized>true</uninitialized>
         <run_address>0x2000c584</run_address>
         <size>0x4</size>
      </object_component>
      <object_component id="oc-239">
         <name>.common:xQueueRegistry</name>
         <uninitialized>true</uninitialized>
         <run_address>0x2000c4b4</run_address>
         <size>0x40</size>
      </object_component>
      <object_component id="oc-2a">
         <name>.stack</name>
         <uninitialized>true</uninitialized>
         <run_address>0x2000c588</run_address>
         <size>0x0</size>
         <input_file_ref idref="fl-d4"/>
      </object_component>
      <object_component id="oc-3e0">
         <name>.stack</name>
         <uninitialized>true</uninitialized>
         <run_address>0x2000c588</run_address>
         <size>0x0</size>
      </object_component>
      <object_component id="oc-41">
         <name>.debug_info</name>
         <load_address>0x0</load_address>
         <run_address>0x0</run_address>
         <size>0x176</size>
         <input_file_ref idref="fl-2"/>
      </object_component>
      <object_component id="oc-2c">
         <name>.debug_info</name>
         <load_address>0x176</load_address>
         <run_address>0x176</run_address>
         <size>0xe5</size>
         <input_file_ref idref="fl-2"/>
      </object_component>
      <object_component id="oc-10">
         <name>.debug_info</name>
         <load_address>0x25b</load_address>
         <run_address>0x25b</run_address>
         <size>0xee</size>
         <input_file_ref idref="fl-2"/>
      </object_component>
      <object_component id="oc-2f">
         <name>.debug_info</name>
         <load_address>0x349</load_address>
         <run_address>0x349</run_address>
         <size>0x252</size>
         <input_file_ref idref="fl-2"/>
      </object_component>
      <object_component id="oc-a7">
         <name>.debug_info</name>
         <load_address>0x59b</load_address>
         <run_address>0x59b</run_address>
         <size>0x84</size>
         <input_file_ref idref="fl-2"/>
      </object_component>
      <object_component id="oc-10a">
         <name>.debug_info</name>
         <load_address>0x61f</load_address>
         <run_address>0x61f</run_address>
         <size>0x18b</size>
         <input_file_ref idref="fl-2"/>
      </object_component>
      <object_component id="oc-1f5">
         <name>.debug_info</name>
         <load_address>0x7aa</load_address>
         <run_address>0x7aa</run_address>
         <size>0x4e</size>
         <input_file_ref idref="fl-2"/>
      </object_component>
      <object_component id="oc-11f">
         <name>.debug_info</name>
         <load_address>0x7f8</load_address>
         <run_address>0x7f8</run_address>
         <size>0x343</size>
         <input_file_ref idref="fl-3"/>
      </object_component>
      <object_component id="oc-d0">
         <name>.debug_info</name>
         <load_address>0xb3b</load_address>
         <run_address>0xb3b</run_address>
         <size>0x1c0</size>
         <input_file_ref idref="fl-3"/>
      </object_component>
      <object_component id="oc-105">
         <name>.debug_info</name>
         <load_address>0xcfb</load_address>
         <run_address>0xcfb</run_address>
         <size>0x2ef</size>
         <input_file_ref idref="fl-3"/>
      </object_component>
      <object_component id="oc-9b">
         <name>.debug_info</name>
         <load_address>0xfea</load_address>
         <run_address>0xfea</run_address>
         <size>0x2c</size>
         <input_file_ref idref="fl-3"/>
      </object_component>
      <object_component id="oc-28c">
         <name>.debug_info</name>
         <load_address>0x1016</load_address>
         <run_address>0x1016</run_address>
         <size>0x2c</size>
         <input_file_ref idref="fl-3"/>
      </object_component>
      <object_component id="oc-a0">
         <name>.debug_info</name>
         <load_address>0x1042</load_address>
         <run_address>0x1042</run_address>
         <size>0xae</size>
         <input_file_ref idref="fl-3"/>
      </object_component>
      <object_component id="oc-11a">
         <name>.debug_info</name>
         <load_address>0x10f0</load_address>
         <run_address>0x10f0</run_address>
         <size>0x14c</size>
         <input_file_ref idref="fl-3"/>
      </object_component>
      <object_component id="oc-1a3">
         <name>.debug_info</name>
         <load_address>0x123c</load_address>
         <run_address>0x123c</run_address>
         <size>0x1c4</size>
         <input_file_ref idref="fl-4"/>
      </object_component>
      <object_component id="oc-19a">
         <name>.debug_info</name>
         <load_address>0x1400</load_address>
         <run_address>0x1400</run_address>
         <size>0xd0</size>
         <input_file_ref idref="fl-4"/>
      </object_component>
      <object_component id="oc-1a0">
         <name>.debug_info</name>
         <load_address>0x14d0</load_address>
         <run_address>0x14d0</run_address>
         <size>0xe4</size>
         <input_file_ref idref="fl-4"/>
      </object_component>
      <object_component id="oc-197">
         <name>.debug_info</name>
         <load_address>0x15b4</load_address>
         <run_address>0x15b4</run_address>
         <size>0xd2</size>
         <input_file_ref idref="fl-4"/>
      </object_component>
      <object_component id="oc-19d">
         <name>.debug_info</name>
         <load_address>0x1686</load_address>
         <run_address>0x1686</run_address>
         <size>0xce</size>
         <input_file_ref idref="fl-4"/>
      </object_component>
      <object_component id="oc-194">
         <name>.debug_info</name>
         <load_address>0x1754</load_address>
         <run_address>0x1754</run_address>
         <size>0xec</size>
         <input_file_ref idref="fl-4"/>
      </object_component>
      <object_component id="oc-f8">
         <name>.debug_info</name>
         <load_address>0x1840</load_address>
         <run_address>0x1840</run_address>
         <size>0x47e</size>
         <input_file_ref idref="fl-4"/>
      </object_component>
      <object_component id="oc-1a4">
         <name>.debug_info</name>
         <load_address>0x1cbe</load_address>
         <run_address>0x1cbe</run_address>
         <size>0x110</size>
         <input_file_ref idref="fl-4"/>
      </object_component>
      <object_component id="oc-251">
         <name>.debug_info</name>
         <load_address>0x1dce</load_address>
         <run_address>0x1dce</run_address>
         <size>0x99</size>
         <input_file_ref idref="fl-4"/>
      </object_component>
      <object_component id="oc-1cb">
         <name>.debug_info</name>
         <load_address>0x1e67</load_address>
         <run_address>0x1e67</run_address>
         <size>0x10c</size>
         <input_file_ref idref="fl-5"/>
      </object_component>
      <object_component id="oc-13a">
         <name>.debug_info</name>
         <load_address>0x1f73</load_address>
         <run_address>0x1f73</run_address>
         <size>0x1f6</size>
         <input_file_ref idref="fl-5"/>
      </object_component>
      <object_component id="oc-2ca">
         <name>.debug_info</name>
         <load_address>0x2169</load_address>
         <run_address>0x2169</run_address>
         <size>0x3b9</size>
         <input_file_ref idref="fl-6"/>
      </object_component>
      <object_component id="oc-2a1">
         <name>.debug_info</name>
         <load_address>0x2522</load_address>
         <run_address>0x2522</run_address>
         <size>0xeb</size>
         <input_file_ref idref="fl-6"/>
      </object_component>
      <object_component id="oc-2b8">
         <name>.debug_info</name>
         <load_address>0x260d</load_address>
         <run_address>0x260d</run_address>
         <size>0xe9</size>
         <input_file_ref idref="fl-6"/>
      </object_component>
      <object_component id="oc-2c0">
         <name>.debug_info</name>
         <load_address>0x26f6</load_address>
         <run_address>0x26f6</run_address>
         <size>0x109</size>
         <input_file_ref idref="fl-6"/>
      </object_component>
      <object_component id="oc-2bd">
         <name>.debug_info</name>
         <load_address>0x27ff</load_address>
         <run_address>0x27ff</run_address>
         <size>0x10d</size>
         <input_file_ref idref="fl-6"/>
      </object_component>
      <object_component id="oc-2c3">
         <name>.debug_info</name>
         <load_address>0x290c</load_address>
         <run_address>0x290c</run_address>
         <size>0xe5</size>
         <input_file_ref idref="fl-6"/>
      </object_component>
      <object_component id="oc-2c6">
         <name>.debug_info</name>
         <load_address>0x29f1</load_address>
         <run_address>0x29f1</run_address>
         <size>0xfb</size>
         <input_file_ref idref="fl-6"/>
      </object_component>
      <object_component id="oc-20d">
         <name>.debug_info</name>
         <load_address>0x2aec</load_address>
         <run_address>0x2aec</run_address>
         <size>0xcbd</size>
         <input_file_ref idref="fl-6"/>
      </object_component>
      <object_component id="oc-1f4">
         <name>.debug_info</name>
         <load_address>0x37a9</load_address>
         <run_address>0x37a9</run_address>
         <size>0x271</size>
         <input_file_ref idref="fl-7"/>
      </object_component>
      <object_component id="oc-1e6">
         <name>.debug_info</name>
         <load_address>0x3a1a</load_address>
         <run_address>0x3a1a</run_address>
         <size>0xe1</size>
         <input_file_ref idref="fl-7"/>
      </object_component>
      <object_component id="oc-1f1">
         <name>.debug_info</name>
         <load_address>0x3afb</load_address>
         <run_address>0x3afb</run_address>
         <size>0xdf</size>
         <input_file_ref idref="fl-7"/>
      </object_component>
      <object_component id="oc-1e9">
         <name>.debug_info</name>
         <load_address>0x3bda</load_address>
         <run_address>0x3bda</run_address>
         <size>0xe9</size>
         <input_file_ref idref="fl-7"/>
      </object_component>
      <object_component id="oc-1e3">
         <name>.debug_info</name>
         <load_address>0x3cc3</load_address>
         <run_address>0x3cc3</run_address>
         <size>0xed</size>
         <input_file_ref idref="fl-7"/>
      </object_component>
      <object_component id="oc-141">
         <name>.debug_info</name>
         <load_address>0x3db0</load_address>
         <run_address>0x3db0</run_address>
         <size>0x772</size>
         <input_file_ref idref="fl-7"/>
      </object_component>
      <object_component id="oc-24a">
         <name>.debug_info</name>
         <load_address>0x4522</load_address>
         <run_address>0x4522</run_address>
         <size>0x47a</size>
         <input_file_ref idref="fl-9"/>
      </object_component>
      <object_component id="oc-2e7">
         <name>.debug_info</name>
         <load_address>0x499c</load_address>
         <run_address>0x499c</run_address>
         <size>0x39</size>
         <input_file_ref idref="fl-9"/>
      </object_component>
      <object_component id="oc-182">
         <name>.debug_info</name>
         <load_address>0x49d5</load_address>
         <run_address>0x49d5</run_address>
         <size>0x46</size>
         <input_file_ref idref="fl-9"/>
      </object_component>
      <object_component id="oc-2ec">
         <name>.debug_info</name>
         <load_address>0x4a1b</load_address>
         <run_address>0x4a1b</run_address>
         <size>0x62</size>
         <input_file_ref idref="fl-9"/>
      </object_component>
      <object_component id="oc-16e">
         <name>.debug_info</name>
         <load_address>0x4a7d</load_address>
         <run_address>0x4a7d</run_address>
         <size>0x128</size>
         <input_file_ref idref="fl-a"/>
      </object_component>
      <object_component id="oc-e4">
         <name>.debug_info</name>
         <load_address>0x4ba5</load_address>
         <run_address>0x4ba5</run_address>
         <size>0x497</size>
         <input_file_ref idref="fl-a"/>
      </object_component>
      <object_component id="oc-23a">
         <name>.debug_info</name>
         <load_address>0x503c</load_address>
         <run_address>0x503c</run_address>
         <size>0x69c</size>
         <input_file_ref idref="fl-b"/>
      </object_component>
      <object_component id="oc-170">
         <name>.debug_info</name>
         <load_address>0x56d8</load_address>
         <run_address>0x56d8</run_address>
         <size>0x269e</size>
         <input_file_ref idref="fl-b"/>
      </object_component>
      <object_component id="oc-2e0">
         <name>.debug_info</name>
         <load_address>0x7d76</load_address>
         <run_address>0x7d76</run_address>
         <size>0x1a5</size>
         <input_file_ref idref="fl-b"/>
      </object_component>
      <object_component id="oc-23d">
         <name>.debug_info</name>
         <load_address>0x7f1b</load_address>
         <run_address>0x7f1b</run_address>
         <size>0x46</size>
         <input_file_ref idref="fl-b"/>
      </object_component>
      <object_component id="oc-104">
         <name>.debug_info</name>
         <load_address>0x7f61</load_address>
         <run_address>0x7f61</run_address>
         <size>0x569</size>
         <input_file_ref idref="fl-c"/>
      </object_component>
      <object_component id="oc-93">
         <name>.debug_info</name>
         <load_address>0x84ca</load_address>
         <run_address>0x84ca</run_address>
         <size>0x2c6</size>
         <input_file_ref idref="fl-c"/>
      </object_component>
      <object_component id="oc-ef">
         <name>.debug_info</name>
         <load_address>0x8790</load_address>
         <run_address>0x8790</run_address>
         <size>0xee</size>
         <input_file_ref idref="fl-c"/>
      </object_component>
      <object_component id="oc-fe">
         <name>.debug_info</name>
         <load_address>0x887e</load_address>
         <run_address>0x887e</run_address>
         <size>0xee</size>
         <input_file_ref idref="fl-c"/>
      </object_component>
      <object_component id="oc-101">
         <name>.debug_info</name>
         <load_address>0x896c</load_address>
         <run_address>0x896c</run_address>
         <size>0xee</size>
         <input_file_ref idref="fl-c"/>
      </object_component>
      <object_component id="oc-f5">
         <name>.debug_info</name>
         <load_address>0x8a5a</load_address>
         <run_address>0x8a5a</run_address>
         <size>0x130</size>
         <input_file_ref idref="fl-c"/>
      </object_component>
      <object_component id="oc-f2">
         <name>.debug_info</name>
         <load_address>0x8b8a</load_address>
         <run_address>0x8b8a</run_address>
         <size>0xee</size>
         <input_file_ref idref="fl-c"/>
      </object_component>
      <object_component id="oc-8d">
         <name>.debug_info</name>
         <load_address>0x8c78</load_address>
         <run_address>0x8c78</run_address>
         <size>0x3069</size>
         <input_file_ref idref="fl-c"/>
      </object_component>
      <object_component id="oc-10f">
         <name>.debug_info</name>
         <load_address>0xbce1</load_address>
         <run_address>0xbce1</run_address>
         <size>0x141</size>
         <input_file_ref idref="fl-c"/>
      </object_component>
      <object_component id="oc-187">
         <name>.debug_info</name>
         <load_address>0xbe22</load_address>
         <run_address>0xbe22</run_address>
         <size>0x65f</size>
         <input_file_ref idref="fl-d"/>
      </object_component>
      <object_component id="oc-17c">
         <name>.debug_info</name>
         <load_address>0xc481</load_address>
         <run_address>0xc481</run_address>
         <size>0xef</size>
         <input_file_ref idref="fl-d"/>
      </object_component>
      <object_component id="oc-17f">
         <name>.debug_info</name>
         <load_address>0xc570</load_address>
         <run_address>0xc570</run_address>
         <size>0xef</size>
         <input_file_ref idref="fl-d"/>
      </object_component>
      <object_component id="oc-179">
         <name>.debug_info</name>
         <load_address>0xc65f</load_address>
         <run_address>0xc65f</run_address>
         <size>0x127</size>
         <input_file_ref idref="fl-d"/>
      </object_component>
      <object_component id="oc-176">
         <name>.debug_info</name>
         <load_address>0xc786</load_address>
         <run_address>0xc786</run_address>
         <size>0xe3</size>
         <input_file_ref idref="fl-d"/>
      </object_component>
      <object_component id="oc-e9">
         <name>.debug_info</name>
         <load_address>0xc869</load_address>
         <run_address>0xc869</run_address>
         <size>0x16d2</size>
         <input_file_ref idref="fl-d"/>
      </object_component>
      <object_component id="oc-188">
         <name>.debug_info</name>
         <load_address>0xdf3b</load_address>
         <run_address>0xdf3b</run_address>
         <size>0x1ba</size>
         <input_file_ref idref="fl-d"/>
      </object_component>
      <object_component id="oc-9a">
         <name>.debug_info</name>
         <load_address>0xe0f5</load_address>
         <run_address>0xe0f5</run_address>
         <size>0x211</size>
         <input_file_ref idref="fl-e"/>
      </object_component>
      <object_component id="oc-97">
         <name>.debug_info</name>
         <load_address>0xe306</load_address>
         <run_address>0xe306</run_address>
         <size>0x135</size>
         <input_file_ref idref="fl-e"/>
      </object_component>
      <object_component id="oc-3a">
         <name>.debug_info</name>
         <load_address>0xe43b</load_address>
         <run_address>0xe43b</run_address>
         <size>0x6e5</size>
         <input_file_ref idref="fl-e"/>
      </object_component>
      <object_component id="oc-37">
         <name>.debug_info</name>
         <load_address>0xeb20</load_address>
         <run_address>0xeb20</run_address>
         <size>0x154</size>
         <input_file_ref idref="fl-f"/>
      </object_component>
      <object_component id="oc-233">
         <name>.debug_info</name>
         <load_address>0xec74</load_address>
         <run_address>0xec74</run_address>
         <size>0x3b0</size>
         <input_file_ref idref="fl-10"/>
      </object_component>
      <object_component id="oc-152">
         <name>.debug_info</name>
         <load_address>0xf024</load_address>
         <run_address>0xf024</run_address>
         <size>0x2a2</size>
         <input_file_ref idref="fl-10"/>
      </object_component>
      <object_component id="oc-20b">
         <name>.debug_info</name>
         <load_address>0xf2c6</load_address>
         <run_address>0xf2c6</run_address>
         <size>0x277</size>
         <input_file_ref idref="fl-11"/>
      </object_component>
      <object_component id="oc-147">
         <name>.debug_info</name>
         <load_address>0xf53d</load_address>
         <run_address>0xf53d</run_address>
         <size>0x209</size>
         <input_file_ref idref="fl-11"/>
      </object_component>
      <object_component id="oc-219">
         <name>.debug_info</name>
         <load_address>0xf746</load_address>
         <run_address>0xf746</run_address>
         <size>0x246</size>
         <input_file_ref idref="fl-12"/>
      </object_component>
      <object_component id="oc-14d">
         <name>.debug_info</name>
         <load_address>0xf98c</load_address>
         <run_address>0xf98c</run_address>
         <size>0x251</size>
         <input_file_ref idref="fl-12"/>
      </object_component>
      <object_component id="oc-276">
         <name>.debug_info</name>
         <load_address>0xfbdd</load_address>
         <run_address>0xfbdd</run_address>
         <size>0x47d</size>
         <input_file_ref idref="fl-18"/>
      </object_component>
      <object_component id="oc-1d8">
         <name>.debug_info</name>
         <load_address>0x1005a</load_address>
         <run_address>0x1005a</run_address>
         <size>0x1b4</size>
         <input_file_ref idref="fl-18"/>
      </object_component>
      <object_component id="oc-273">
         <name>.debug_info</name>
         <load_address>0x1020e</load_address>
         <run_address>0x1020e</run_address>
         <size>0x23d</size>
         <input_file_ref idref="fl-18"/>
      </object_component>
      <object_component id="oc-1d4">
         <name>.debug_info</name>
         <load_address>0x1044b</load_address>
         <run_address>0x1044b</run_address>
         <size>0x27b</size>
         <input_file_ref idref="fl-18"/>
      </object_component>
      <object_component id="oc-1dc">
         <name>.debug_info</name>
         <load_address>0x106c6</load_address>
         <run_address>0x106c6</run_address>
         <size>0x268</size>
         <input_file_ref idref="fl-18"/>
      </object_component>
      <object_component id="oc-1e0">
         <name>.debug_info</name>
         <load_address>0x1092e</load_address>
         <run_address>0x1092e</run_address>
         <size>0x242</size>
         <input_file_ref idref="fl-18"/>
      </object_component>
      <object_component id="oc-1ba">
         <name>.debug_info</name>
         <load_address>0x10b70</load_address>
         <run_address>0x10b70</run_address>
         <size>0x84</size>
         <input_file_ref idref="fl-18"/>
      </object_component>
      <object_component id="oc-260">
         <name>.debug_info</name>
         <load_address>0x10bf4</load_address>
         <run_address>0x10bf4</run_address>
         <size>0x2c</size>
         <input_file_ref idref="fl-18"/>
      </object_component>
      <object_component id="oc-1be">
         <name>.debug_info</name>
         <load_address>0x10c20</load_address>
         <run_address>0x10c20</run_address>
         <size>0x4cc</size>
         <input_file_ref idref="fl-19"/>
      </object_component>
      <object_component id="oc-267">
         <name>.debug_info</name>
         <load_address>0x110ec</load_address>
         <run_address>0x110ec</run_address>
         <size>0x1b8</size>
         <input_file_ref idref="fl-19"/>
      </object_component>
      <object_component id="oc-1c0">
         <name>.debug_info</name>
         <load_address>0x112a4</load_address>
         <run_address>0x112a4</run_address>
         <size>0x10e</size>
         <input_file_ref idref="fl-19"/>
      </object_component>
      <object_component id="oc-1d0">
         <name>.debug_info</name>
         <load_address>0x113b2</load_address>
         <run_address>0x113b2</run_address>
         <size>0x1f0</size>
         <input_file_ref idref="fl-19"/>
      </object_component>
      <object_component id="oc-1c4">
         <name>.debug_info</name>
         <load_address>0x115a2</load_address>
         <run_address>0x115a2</run_address>
         <size>0x1ea</size>
         <input_file_ref idref="fl-19"/>
      </object_component>
      <object_component id="oc-132">
         <name>.debug_info</name>
         <load_address>0x1178c</load_address>
         <run_address>0x1178c</run_address>
         <size>0x2e4</size>
         <input_file_ref idref="fl-19"/>
      </object_component>
      <object_component id="oc-136">
         <name>.debug_info</name>
         <load_address>0x11a70</load_address>
         <run_address>0x11a70</run_address>
         <size>0x1ea</size>
         <input_file_ref idref="fl-19"/>
      </object_component>
      <object_component id="oc-2fb">
         <name>.debug_info</name>
         <load_address>0x11c5a</load_address>
         <run_address>0x11c5a</run_address>
         <size>0x477</size>
         <input_file_ref idref="fl-1a"/>
      </object_component>
      <object_component id="oc-2b2">
         <name>.debug_info</name>
         <load_address>0x120d1</load_address>
         <run_address>0x120d1</run_address>
         <size>0x1af</size>
         <input_file_ref idref="fl-1a"/>
      </object_component>
      <object_component id="oc-2a6">
         <name>.debug_info</name>
         <load_address>0x12280</load_address>
         <run_address>0x12280</run_address>
         <size>0x1b1</size>
         <input_file_ref idref="fl-1a"/>
      </object_component>
      <object_component id="oc-29f">
         <name>.debug_info</name>
         <load_address>0x12431</load_address>
         <run_address>0x12431</run_address>
         <size>0x261</size>
         <input_file_ref idref="fl-1a"/>
      </object_component>
      <object_component id="oc-2b6">
         <name>.debug_info</name>
         <load_address>0x12692</load_address>
         <run_address>0x12692</run_address>
         <size>0x1f9</size>
         <input_file_ref idref="fl-1a"/>
      </object_component>
      <object_component id="oc-2aa">
         <name>.debug_info</name>
         <load_address>0x1288b</load_address>
         <run_address>0x1288b</run_address>
         <size>0x396</size>
         <input_file_ref idref="fl-1a"/>
      </object_component>
      <object_component id="oc-29b">
         <name>.debug_info</name>
         <load_address>0x12c21</load_address>
         <run_address>0x12c21</run_address>
         <size>0x1af</size>
         <input_file_ref idref="fl-1a"/>
      </object_component>
      <object_component id="oc-293">
         <name>.debug_info</name>
         <load_address>0x12dd0</load_address>
         <run_address>0x12dd0</run_address>
         <size>0x471</size>
         <input_file_ref idref="fl-1c"/>
      </object_component>
      <object_component id="oc-207">
         <name>.debug_info</name>
         <load_address>0x13241</load_address>
         <run_address>0x13241</run_address>
         <size>0x208</size>
         <input_file_ref idref="fl-1c"/>
      </object_component>
      <object_component id="oc-26a">
         <name>.debug_info</name>
         <load_address>0x13449</load_address>
         <run_address>0x13449</run_address>
         <size>0x214</size>
         <input_file_ref idref="fl-1c"/>
      </object_component>
      <object_component id="oc-1ff">
         <name>.debug_info</name>
         <load_address>0x1365d</load_address>
         <run_address>0x1365d</run_address>
         <size>0x25a</size>
         <input_file_ref idref="fl-1c"/>
      </object_component>
      <object_component id="oc-1c7">
         <name>.debug_info</name>
         <load_address>0x138b7</load_address>
         <run_address>0x138b7</run_address>
         <size>0x1ea</size>
         <input_file_ref idref="fl-1c"/>
      </object_component>
      <object_component id="oc-2ac">
         <name>.debug_info</name>
         <load_address>0x13aa1</load_address>
         <run_address>0x13aa1</run_address>
         <size>0x1e8</size>
         <input_file_ref idref="fl-1c"/>
      </object_component>
      <object_component id="oc-1fb">
         <name>.debug_info</name>
         <load_address>0x13c89</load_address>
         <run_address>0x13c89</run_address>
         <size>0x1f6</size>
         <input_file_ref idref="fl-1c"/>
      </object_component>
      <object_component id="oc-203">
         <name>.debug_info</name>
         <load_address>0x13e7f</load_address>
         <run_address>0x13e7f</run_address>
         <size>0x1e4</size>
         <input_file_ref idref="fl-1c"/>
      </object_component>
      <object_component id="oc-2d6">
         <name>.debug_info</name>
         <load_address>0x14063</load_address>
         <run_address>0x14063</run_address>
         <size>0x466</size>
         <input_file_ref idref="fl-1e"/>
      </object_component>
      <object_component id="oc-21f">
         <name>.debug_info</name>
         <load_address>0x144c9</load_address>
         <run_address>0x144c9</run_address>
         <size>0x2ae</size>
         <input_file_ref idref="fl-1e"/>
      </object_component>
      <object_component id="oc-223">
         <name>.debug_info</name>
         <load_address>0x14777</load_address>
         <run_address>0x14777</run_address>
         <size>0x205</size>
         <input_file_ref idref="fl-1e"/>
      </object_component>
      <object_component id="oc-22f">
         <name>.debug_info</name>
         <load_address>0x1497c</load_address>
         <run_address>0x1497c</run_address>
         <size>0x2f1</size>
         <input_file_ref idref="fl-1e"/>
      </object_component>
      <object_component id="oc-21b">
         <name>.debug_info</name>
         <load_address>0x14c6d</load_address>
         <run_address>0x14c6d</run_address>
         <size>0x27b</size>
         <input_file_ref idref="fl-1e"/>
      </object_component>
      <object_component id="oc-227">
         <name>.debug_info</name>
         <load_address>0x14ee8</load_address>
         <run_address>0x14ee8</run_address>
         <size>0x209</size>
         <input_file_ref idref="fl-1e"/>
      </object_component>
      <object_component id="oc-22b">
         <name>.debug_info</name>
         <load_address>0x150f1</load_address>
         <run_address>0x150f1</run_address>
         <size>0x240</size>
         <input_file_ref idref="fl-1e"/>
      </object_component>
      <object_component id="oc-26">
         <name>.debug_info</name>
         <load_address>0x15331</load_address>
         <run_address>0x15331</run_address>
         <size>0x17c</size>
         <input_file_ref idref="fl-d4"/>
      </object_component>
      <object_component id="oc-4d">
         <name>.debug_info</name>
         <load_address>0x154ad</load_address>
         <run_address>0x154ad</run_address>
         <size>0x15c</size>
         <input_file_ref idref="fl-d5"/>
      </object_component>
      <object_component id="oc-16">
         <name>.debug_info</name>
         <load_address>0x15609</load_address>
         <run_address>0x15609</run_address>
         <size>0x1fb</size>
         <input_file_ref idref="fl-d5"/>
      </object_component>
      <object_component id="oc-48">
         <name>.debug_info</name>
         <load_address>0x15804</load_address>
         <run_address>0x15804</run_address>
         <size>0x46</size>
         <input_file_ref idref="fl-d5"/>
      </object_component>
      <object_component id="oc-ad">
         <name>.debug_info</name>
         <load_address>0x1584a</load_address>
         <run_address>0x1584a</run_address>
         <size>0x2c</size>
         <input_file_ref idref="fl-d5"/>
      </object_component>
      <object_component id="oc-55">
         <name>.debug_info</name>
         <load_address>0x15876</load_address>
         <run_address>0x15876</run_address>
         <size>0x150</size>
         <input_file_ref idref="fl-d6"/>
      </object_component>
      <object_component id="oc-4f">
         <name>.debug_info</name>
         <load_address>0x159c6</load_address>
         <run_address>0x159c6</run_address>
         <size>0x263</size>
         <input_file_ref idref="fl-d6"/>
      </object_component>
      <object_component id="oc-1a">
         <name>.debug_info</name>
         <load_address>0x15c29</load_address>
         <run_address>0x15c29</run_address>
         <size>0x1cd</size>
         <input_file_ref idref="fl-d6"/>
      </object_component>
      <object_component id="oc-56">
         <name>.debug_info</name>
         <load_address>0x15df6</load_address>
         <run_address>0x15df6</run_address>
         <size>0x39</size>
         <input_file_ref idref="fl-d6"/>
      </object_component>
      <object_component id="oc-b7">
         <name>.debug_info</name>
         <load_address>0x15e2f</load_address>
         <run_address>0x15e2f</run_address>
         <size>0x2c</size>
         <input_file_ref idref="fl-d6"/>
      </object_component>
      <object_component id="oc-de">
         <name>.debug_info</name>
         <load_address>0x15e5b</load_address>
         <run_address>0x15e5b</run_address>
         <size>0x250</size>
         <input_file_ref idref="fl-d8"/>
      </object_component>
      <object_component id="oc-d8">
         <name>.debug_info</name>
         <load_address>0x160ab</load_address>
         <run_address>0x160ab</run_address>
         <size>0x1a1</size>
         <input_file_ref idref="fl-d8"/>
      </object_component>
      <object_component id="oc-81">
         <name>.debug_info</name>
         <load_address>0x1624c</load_address>
         <run_address>0x1624c</run_address>
         <size>0x230</size>
         <input_file_ref idref="fl-d8"/>
      </object_component>
      <object_component id="oc-43">
         <name>.debug_info</name>
         <load_address>0x1647c</load_address>
         <run_address>0x1647c</run_address>
         <size>0x12d</size>
         <input_file_ref idref="fl-d9"/>
      </object_component>
      <object_component id="oc-5c">
         <name>.debug_info</name>
         <load_address>0x165a9</load_address>
         <run_address>0x165a9</run_address>
         <size>0x15b</size>
         <input_file_ref idref="fl-da"/>
      </object_component>
      <object_component id="oc-68">
         <name>.debug_info</name>
         <load_address>0x16704</load_address>
         <run_address>0x16704</run_address>
         <size>0x154</size>
         <input_file_ref idref="fl-db"/>
      </object_component>
      <object_component id="oc-70">
         <name>.debug_info</name>
         <load_address>0x16858</load_address>
         <run_address>0x16858</run_address>
         <size>0x164</size>
         <input_file_ref idref="fl-dc"/>
      </object_component>
      <object_component id="oc-2d2">
         <name>.debug_info</name>
         <load_address>0x169bc</load_address>
         <run_address>0x169bc</run_address>
         <size>0x1d7</size>
         <input_file_ref idref="fl-dd"/>
      </object_component>
      <object_component id="oc-213">
         <name>.debug_info</name>
         <load_address>0x16b93</load_address>
         <run_address>0x16b93</run_address>
         <size>0x300</size>
         <input_file_ref idref="fl-dd"/>
      </object_component>
      <object_component id="oc-369">
         <name>.debug_info</name>
         <load_address>0x16e93</load_address>
         <run_address>0x16e93</run_address>
         <size>0x2c</size>
         <input_file_ref idref="fl-dd"/>
      </object_component>
      <object_component id="oc-86">
         <name>.debug_info</name>
         <load_address>0x16ebf</load_address>
         <run_address>0x16ebf</run_address>
         <size>0x125</size>
         <input_file_ref idref="fl-de"/>
      </object_component>
      <object_component id="oc-1ee">
         <name>.debug_info</name>
[...]
      </symbol>
      <symbol id="sm-422">
         <name>xTaskIncrementTick</name>
         <value>0x1641</value>
         <object_component_ref idref="oc-8c"/>
      </symbol>
      <symbol id="sm-423">
         <name>vTaskSwitchContext</name>
         <value>0x1729</value>
         <object_component_ref idref="oc-8c"/>
      </symbol>
      <symbol id="sm-424">
         <name>uxTaskResetEventItemValue</name>
         <value>0x1d2b</value>
         <object_component_ref idref="oc-8c"/>
      </symbol>
      <symbol id="sm-425">
         <name>xTaskGetSchedulerState</name>
         <value>0x1be1</value>
         <object_component_ref idref="oc-8c"/>
      </symbol>
      <symbol id="sm-426">
         <name>xTaskGetCurrentTaskHandle</name>
         <value>0x1bd1</value>
         <object_component_ref idref="oc-8c"/>
      </symbol>
      <symbol id="sm-427">
         <name>vTaskPlaceOnUnorderedEventList</name>
         <value>0x17e1</value>
         <object_component_ref idref="oc-8c"/>
      </symbol>
      <symbol id="sm-428">
         <name>xTaskRemoveFromEventList</name>
         <value>0x1875</value>
         <object_component_ref idref="oc-8c"/>
      </symbol>
      <symbol id="sm-4aa">
         <name>xTimerCreateTimerTask</name>
         <value>0x2aa5</value>
         <object_component_ref idref="oc-e8"/>
      </symbol>
      <symbol id="sm-4ab">
         <name>pcTimerGetTimerName</name>
         <value>0x2ba1</value>
         <object_component_ref idref="oc-e8"/>
      </symbol>
      <symbol id="sm-4ac">
         <name>xTimerIsTimerActive</name>
         <value>0x2f51</value>
         <object_component_ref idref="oc-e8"/>
      </symbol>
      <symbol id="sm-4ad">
         <name>xTimerCreate</name>
         <value>0x2adf</value>
         <object_component_ref idref="oc-e8"/>
      </symbol>
      <symbol id="sm-4ae">
         <name>xTimerGenericCommand</name>
         <value>0x2b33</value>
         <object_component_ref idref="oc-e8"/>
      </symbol>
      <symbol id="sm-4af">
         <name>pvTimerGetTimerID</name>
         <value>0x2f7d</value>
         <object_component_ref idref="oc-e8"/>
      </symbol>
      <symbol id="sm-4b0">
         <name>vTimerSetTimerID</name>
         <value>0x2f97</value>
         <object_component_ref idref="oc-e8"/>
      </symbol>
      <symbol id="sm-4d5">
         <name>vPortSetupTimerInterrupt</name>
         <value>0x45c9</value>
         <object_component_ref idref="oc-39"/>
      </symbol>
      <symbol id="sm-4d6">
         <name>vPortEndScheduler</name>
         <value>0x4571</value>
         <object_component_ref idref="oc-39"/>
      </symbol>
      <symbol id="sm-4d7">
         <name>xPortSysTickCount</name>
         <value>0x2000cdd4</value>
         <object_component_ref idref="oc-96"/>
      </symbol>
      <symbol id="sm-4d8">
         <name>xPortSysTickHandler</name>
         <value>0x45a5</value>
         <object_component_ref idref="oc-39"/>
      </symbol>
      <symbol id="sm-4d9">
         <name>vPortYieldFromISR</name>
         <value>0x4573</value>
         <object_component_ref idref="oc-39"/>
      </symbol>
      <symbol id="sm-4da">
         <name>pxPortInitialiseStack</name>
         <value>0x4501</value>
         <object_component_ref idref="oc-39"/>
      </symbol>
      <symbol id="sm-4db">
         <name>vPortExitCritical</name>
         <value>0x458d</value>
         <object_component_ref idref="oc-39"/>
      </symbol>
      <symbol id="sm-4dc">
         <name>xPortStartScheduler</name>
         <value>0x4549</value>
         <object_component_ref idref="oc-39"/>
      </symbol>
      <symbol id="sm-4dd">
         <name>vPortEnterCritical</name>
         <value>0x457d</value>
         <object_component_ref idref="oc-39"/>
      </symbol>
      <symbol id="sm-4eb">
         <name>vPortStartFirstTask</name>
         <value>0x4adf</value>
         <object_component_ref idref="oc-34"/>
      </symbol>
      <symbol id="sm-4ec">
         <name>xPortPendSVHandler</name>
         <value>0x4a71</value>
         <object_component_ref idref="oc-34"/>
      </symbol>
      <symbol id="sm-4ed">
         <name>vPortClearInterruptMask</name>
         <value>0x4abb</value>
         <object_component_ref idref="oc-34"/>
      </symbol>
      <symbol id="sm-4ee">
         <name>ulPortSetInterruptMask</name>
         <value>0x4aad</value>
         <object_component_ref idref="oc-34"/>
      </symbol>
      <symbol id="sm-4ef">
         <name>vPortSVCHandler</name>
         <value>0x4ac1</value>
         <object_component_ref idref="oc-34"/>
      </symbol>
      <symbol id="sm-503">
         <name>Task_ADC</name>
         <value>0x48dd</value>
         <object_component_ref idref="oc-151"/>
      </symbol>
      <symbol id="sm-514">
         <name>Task_Blinky</name>
         <value>0x4ef5</value>
         <object_component_ref idref="oc-145"/>
      </symbol>
      <symbol id="sm-527">
         <name>Task_ReportSysTick</name>
         <value>0x4d8d</value>
         <object_component_ref idref="oc-14b"/>
      </symbol>
      <symbol id="sm-55f">
         <name>UARTConfigSetExpClk</name>
         <value>0x50c1</value>
         <object_component_ref idref="oc-1d2"/>
      </symbol>
      <symbol id="sm-560">
         <name>UARTDisable</name>
         <value>0x5295</value>
         <object_component_ref idref="oc-271"/>
      </symbol>
      <symbol id="sm-561">
         <name>UARTCharPut</name>
         <value>0x53e5</value>
         <object_component_ref idref="oc-1da"/>
      </symbol>
      <symbol id="sm-562">
         <name>UARTEnable</name>
         <value>0x5311</value>
         <object_component_ref idref="oc-1d6"/>
      </symbol>
      <symbol id="sm-563">
         <name>UARTCharGet</name>
         <value>0x53db</value>
         <object_component_ref idref="oc-1de"/>
      </symbol>
      <symbol id="sm-5e4">
         <name>SysCtlPeripheralPresent</name>
         <value>0x4b6d</value>
         <object_component_ref idref="oc-1ce"/>
      </symbol>
      <symbol id="sm-5e5">
         <name>SysCtlClockSet</name>
         <value>0x4061</value>
         <object_component_ref idref="oc-130"/>
      </symbol>
      <symbol id="sm-5e6">
         <name>SysCtlDelay</name>
         <value>0x540b</value>
         <object_component_ref idref="oc-1b8"/>
      </symbol>
      <symbol id="sm-5e7">
         <name>SysCtlPeripheralEnable</name>
         <value>0x4e45</value>
         <object_component_ref idref="oc-1c2"/>
      </symbol>
      <symbol id="sm-5e8">
         <name>SysCtlClockGet</name>
         <value>0x3ec9</value>
         <object_component_ref idref="oc-134"/>
      </symbol>
      <symbol id="sm-61c">
         <name>SSIDataPut</name>
         <value>0x53bd</value>
         <object_component_ref idref="oc-29c"/>
      </symbol>
      <symbol id="sm-61d">
         <name>SSIDataGetNonBlocking</name>
         <value>0x5383</value>
         <object_component_ref idref="oc-2b3"/>
      </symbol>
      <symbol id="sm-61e">
         <name>SSIConfigSetExpClk</name>
         <value>0x507d</value>
         <object_component_ref idref="oc-2a7"/>
      </symbol>
      <symbol id="sm-61f">
         <name>SSIEnable</name>
         <value>0x53d1</value>
         <object_component_ref idref="oc-2af"/>
      </symbol>
      <symbol id="sm-620">
         <name>SSIBusy</name>
         <value>0x53ef</value>
         <object_component_ref idref="oc-298"/>
      </symbol>
      <symbol id="sm-621">
         <name>SSIDisable</name>
         <value>0x53c7</value>
         <object_component_ref idref="oc-2a3"/>
      </symbol>
      <symbol id="sm-667">
         <name>GPIOPinTypeUART</name>
         <value>0x5371</value>
         <object_component_ref idref="oc-1c6"/>
      </symbol>
      <symbol id="sm-668">
         <name>GPIOPinTypeGPIOOutput</name>
         <value>0x534d</value>
         <object_component_ref idref="oc-1fa"/>
      </symbol>
      <symbol id="sm-669">
         <name>GPIOPinRead</name>
         <value>0x53ff</value>
         <object_component_ref idref="oc-202"/>
      </symbol>
      <symbol id="sm-66a">
         <name>GPIODirModeSet</name>
         <value>0x51ef</value>
         <object_component_ref idref="oc-269"/>
      </symbol>
      <symbol id="sm-66b">
         <name>GPIOPinWrite</name>
         <value>0x5405</value>
         <object_component_ref idref="oc-206"/>
      </symbol>
      <symbol id="sm-66c">
         <name>GPIOPadConfigSet</name>
         <value>0x46c1</value>
         <object_component_ref idref="oc-1fe"/>
      </symbol>
      <symbol id="sm-66d">
         <name>GPIOPinTypeSSI</name>
         <value>0x535f</value>
         <object_component_ref idref="oc-2ab"/>
      </symbol>
      <symbol id="sm-6a4">
         <name>ADCProcessorTrigger</name>
         <value>0x52e5</value>
         <object_component_ref idref="oc-226"/>
      </symbol>
      <symbol id="sm-6a5">
         <name>ADCSequenceEnable</name>
         <value>0x5395</value>
         <object_component_ref idref="oc-222"/>
      </symbol>
      <symbol id="sm-6a6">
         <name>ADCSequenceConfigure</name>
         <value>0x524b</value>
         <object_component_ref idref="oc-21a"/>
      </symbol>
      <symbol id="sm-6a7">
         <name>ADCSequenceStepConfigure</name>
         <value>0x4c55</value>
         <object_component_ref idref="oc-21e"/>
      </symbol>
      <symbol id="sm-6a8">
         <name>ADCIntStatus</name>
         <value>0x51c1</value>
         <object_component_ref idref="oc-22a"/>
      </symbol>
      <symbol id="sm-6a9">
         <name>ADCSequenceDataGet</name>
         <value>0x5275</value>
         <object_component_ref idref="oc-22e"/>
      </symbol>
      <symbol id="sm-6b9">
         <name>_c_int00</name>
         <value>0x5105</value>
         <object_component_ref idref="oc-24"/>
      </symbol>
      <symbol id="sm-6ba">
         <name>__stack</name>
         <value>0x2000c588</value>
         <object_component_ref idref="oc-2a"/>
      </symbol>
      <symbol id="sm-6d1">
         <name>__TI_decompress_none</name>
         <value>0x53a3</value>
         <object_component_ref idref="oc-12"/>
      </symbol>
      <symbol id="sm-6f9">
         <name>__TI_decompress_rle24</name>
         <value>0x5411</value>
         <object_component_ref idref="oc-18"/>
      </symbol>
      <symbol id="sm-71b">
         <name>C$$EXIT</name>
         <value>0x4f49</value>
         <object_component_ref idref="oc-7f"/>
      </symbol>
      <symbol id="sm-71c">
         <name>abort</name>
         <value>0x4f4d</value>
         <object_component_ref idref="oc-7f"/>
      </symbol>
      <symbol id="sm-71d">
         <name>exit</name>
         <value>0x4f55</value>
         <object_component_ref idref="oc-7f"/>
      </symbol>
      <symbol id="sm-71e">
         <name>__TI_dtors_ptr</name>
         <value>0x2000cdb8</value>
         <object_component_ref idref="oc-d7"/>
      </symbol>
      <symbol id="sm-71f">
         <name>__TI_cleanup_ptr</name>
         <value>0x2000cdb4</value>
         <object_component_ref idref="oc-d7"/>
      </symbol>
      <symbol id="sm-720">
         <name>__TI_enable_exit_profile_output</name>
         <value>0x2000cdbc</value>
         <object_component_ref idref="oc-d7"/>
      </symbol>
      <symbol id="sm-73b">
         <name>memcpy</name>
         <value>0x4841</value>
         <object_component_ref idref="oc-42"/>
      </symbol>
      <symbol id="sm-73c">
         <name>__aeabi_memcpy</name>
         <value>0x4841</value>
         <object_component_ref idref="oc-42"/>
      </symbol>
      <symbol id="sm-73d">
         <name>__aeabi_memcpy8</name>
         <value>0x4841</value>
         <object_component_ref idref="oc-42"/>
      </symbol>
      <symbol id="sm-73e">
         <name>__aeabi_memcpy4</name>
         <value>0x4841</value>
         <object_component_ref idref="oc-42"/>
      </symbol>
      <symbol id="sm-74d">
         <name>__aeabi_memset</name>
         <value>0x4af3</value>
         <object_component_ref idref="oc-5b"/>
      </symbol>
      <symbol id="sm-74e">
         <name>memset</name>
         <value>0x4af9</value>
         <object_component_ref idref="oc-5b"/>
      </symbol>
      <symbol id="sm-74f">
         <name>__aeabi_memset8</name>
         <value>0x4af3</value>
         <object_component_ref idref="oc-5b"/>
      </symbol>
      <symbol id="sm-750">
         <name>__aeabi_memset4</name>
         <value>0x4af3</value>
         <object_component_ref idref="oc-5b"/>
      </symbol>
      <symbol id="sm-751">
         <name>__aeabi_memclr8</name>
         <value>0x4af1</value>
         <object_component_ref idref="oc-5b"/>
      </symbol>
      <symbol id="sm-752">
         <name>__aeabi_memclr4</name>
         <value>0x4af1</value>
         <object_component_ref idref="oc-5b"/>
      </symbol>
      <symbol id="sm-753">
         <name>__aeabi_memclr</name>
         <value>0x4af1</value>
         <object_component_ref idref="oc-5b"/>
      </symbol>
      <symbol id="sm-75d">
         <name>__mpu_init</name>
         <value>0x4b6b</value>
         <object_component_ref idref="oc-67"/>
      </symbol>
      <symbol id="sm-767">
         <name>_system_pre_init</name>
         <value>0x5417</value>
         <object_component_ref idref="oc-6d"/>
      </symbol>
      <symbol id="sm-780">
         <name>sprintf</name>
         <value>0x4d2d</value>
         <object_component_ref idref="oc-212"/>
      </symbol>
      <symbol id="sm-788">
         <name>main_func_sp</name>
         <value>0x2000cdf0</value>
         <object_component_ref idref="oc-85"/>
      </symbol>
      <symbol id="sm-797">
         <name>__aeabi_uidivmod</name>
         <value>0x5145</value>
         <object_component_ref idref="oc-1eb"/>
      </symbol>
      <symbol id="sm-798">
         <name>__aeabi_uidiv</name>
         <value>0x5145</value>
         <object_component_ref idref="oc-1eb"/>
      </symbol>
      <symbol id="sm-7b1">
         <name>_nop</name>
         <value>0x5333</value>
         <object_component_ref idref="oc-161"/>
      </symbol>
      <symbol id="sm-7b2">
         <name>_lock</name>
         <value>0x2000cdc0</value>
         <object_component_ref idref="oc-da"/>
      </symbol>
      <symbol id="sm-7b3">
         <name>_unlock</name>
         <value>0x2000cdc4</value>
         <object_component_ref idref="oc-da"/>
      </symbol>
      <symbol id="sm-7b4">
         <name>_register_lock</name>
         <value>0x532b</value>
         <object_component_ref idref="oc-161"/>
      </symbol>
      <symbol id="sm-7b5">
         <name>_register_unlock</name>
         <value>0x5325</value>
         <object_component_ref idref="oc-161"/>
      </symbol>
      <symbol id="sm-8bc">
         <name>__TI_printfi</name>
         <value>0xfeb</value>
         <object_component_ref idref="oc-2cb"/>
      </symbol>
      <symbol id="sm-8d0">
         <name>_args_main</name>
         <value>0x52cd</value>
         <object_component_ref idref="oc-79"/>
      </symbol>
      <symbol id="sm-8e6">
         <name>atoi</name>
         <value>0x4f9d</value>
         <object_component_ref idref="oc-35c"/>
      </symbol>
      <symbol id="sm-90b">
         <name>__TI_auto_init</name>
         <value>0x4be5</value>
         <object_component_ref idref="oc-73"/>
      </symbol>
      <symbol id="sm-925">
         <name>copy_in</name>
         <value>0x4fe9</value>
         <object_component_ref idref="oc-c1"/>
      </symbol>
      <symbol id="sm-930">
         <name>_ctypes_</name>
         <value>0x55fc</value>
         <object_component_ref idref="oc-39b"/>
      </symbol>
      <symbol id="sm-947">
         <name>__aeabi_dsub</name>
         <value>0x3d11</value>
         <object_component_ref idref="oc-33f"/>
      </symbol>
      <symbol id="sm-948">
         <name>__aeabi_dadd</name>
         <value>0x3d1b</value>
         <object_component_ref idref="oc-33f"/>
      </symbol>
      <symbol id="sm-96a">
         <name>__aeabi_cdcmpeq</name>
         <value>0x4965</value>
         <object_component_ref idref="oc-31b"/>
      </symbol>
      <symbol id="sm-96b">
         <name>__aeabi_cdcmple</name>
         <value>0x4965</value>
         <object_component_ref idref="oc-31b"/>
      </symbol>
      <symbol id="sm-96c">
         <name>__aeabi_cdrcmple</name>
         <value>0x49eb</value>
         <object_component_ref idref="oc-32a"/>
      </symbol>
      <symbol id="sm-980">
         <name>__aeabi_ddiv</name>
         <value>0x41a5</value>
         <object_component_ref idref="oc-325"/>
      </symbol>
      <symbol id="sm-98b">
         <name>__aeabi_dmul</name>
         <value>0x4405</value>
         <object_component_ref idref="oc-320"/>
      </symbol>
      <symbol id="sm-995">
         <name>__aeabi_d2iz</name>
         <value>0x5035</value>
         <object_component_ref idref="oc-32f"/>
      </symbol>
      <symbol id="sm-99f">
         <name>__aeabi_idiv0</name>
         <value>0x3ec7</value>
         <object_component_ref idref="oc-280"/>
      </symbol>
      <symbol id="sm-9a9">
         <name>__aeabi_i2d</name>
         <value>0x521d</value>
         <object_component_ref idref="oc-33a"/>
      </symbol>
      <symbol id="sm-9b8">
         <name>ltoa</name>
         <value>0x4e9d</value>
         <object_component_ref idref="oc-334"/>
      </symbol>
      <symbol id="sm-9c8">
         <name>memccpy</name>
         <value>0x52b1</value>
         <object_component_ref idref="oc-356"/>
      </symbol>
      <symbol id="sm-9e1">
         <name>frexpl</name>
         <value>0x4de9</value>
         <object_component_ref idref="oc-344"/>
      </symbol>
      <symbol id="sm-9e2">
         <name>frexp</name>
         <value>0x4de9</value>
         <object_component_ref idref="oc-344"/>
      </symbol>
      <symbol id="sm-a00">
         <name>scalbn</name>
         <value>0x45f1</value>
         <object_component_ref idref="oc-34a"/>
      </symbol>
      <symbol id="sm-a01">
         <name>scalbnl</name>
         <value>0x45f1</value>
         <object_component_ref idref="oc-34a"/>
      </symbol>
      <symbol id="sm-a02">
         <name>ldexpl</name>
         <value>0x45f1</value>
         <object_component_ref idref="oc-34a"/>
      </symbol>
      <symbol id="sm-a03">
         <name>ldexp</name>
         <value>0x45f1</value>
         <object_component_ref idref="oc-34a"/>
      </symbol>
      <symbol id="sm-a0d">
         <name>_system_post_cinit</name>
         <value>0x4d2b</value>
         <object_component_ref idref="oc-c7"/>
      </symbol>
      <symbol id="sm-a1d">
         <name>strchr</name>
         <value>0x52fb</value>
         <object_component_ref idref="oc-350"/>
      </symbol>
      <symbol id="sm-a2b">
         <name>strlen</name>
         <value>0x5339</value>
         <object_component_ref idref="oc-315"/>
      </symbol>
      <symbol id="sm-a47">
         <name>__aeabi_uldivmod</name>
         <value>0x3965</value>
         <object_component_ref idref="oc-310"/>
      </symbol>
      <symbol id="sm-a4f">
         <name>errno</name>
         <value>0x2000cdec</value>
         <object_component_ref idref="oc-392"/>
      </symbol>
      <symbol id="sm-a59">
         <name>copysign</name>
         <value>0x53f7</value>
         <object_component_ref idref="oc-38c"/>
      </symbol>
      <symbol id="sm-a5a">
         <name>copysignl</name>
         <value>0x53f7</value>
         <object_component_ref idref="oc-38c"/>
      </symbol>
      <symbol id="sm-a5b">
         <name>__TI_static_base__</name>
         <value>0x0</value>
      </symbol>
      <symbol id="sm-a5e">
         <name>SHT$$INIT_ARRAY$$Limit</name>
         <value>0x0</value>
      </symbol>
      <symbol id="sm-a5f">
         <name>SHT$$INIT_ARRAY$$Base</name>
         <value>0x0</value>
      </symbol>
   </symbol_table>
   <title>Link successful</title>
</link_info>
