******************************************************************************
                  TI ARM Linker PC v15.12.1                    
******************************************************************************
>> Linked Mon Nov 13 16:01:48 2017

OUTPUT FILE NAME:   <FreeRTOS_LM3S1968_ADC_CAP.out>
ENTRY POINT SYMBOL: "_c_int00"  address: 0000524d


MEMORY CONFIGURATION

         name            origin    length      used     unused   attr    fill
----------------------  --------  ---------  --------  --------  ----  --------
  FLASH                 00000000   00040000  000059dc  0003a624  R  X
  SRAM                  20000000   00010000  0000cf84  0000307c  RW X


SEGMENT ALLOCATION MAP

run origin  load origin   length   init length attrs members
----------  ----------- ---------- ----------- ----- -------
00000000    00000000    000059e4   000059e4    r-x
  00000000    00000000    00000200   00000200    r-- .intvecs
  00000200    00000200    0000537e   0000537e    r-x .text
  00005580    00005580    0000041a   0000041a    r-- .const
  000059a0    000059a0    00000044   00000044    r-- .cinit
20000000    20000000    0000cf84   00000000    rw-
  20000000    20000000    0000c718   00000000    rw- .bss
  2000c718    2000c718    00000800   00000000    rw- .stack
  2000cf18    2000cf18    0000006c   00000000    rw- .data


SECTION ALLOCATION MAP

 output                                  attributes/
section   page    origin      length       input sections
--------  ----  ----------  ----------   ----------------
.intvecs   0    00000000    00000200     
                  00000000    00000200     FreeRTOS_LM3S_Startup.obj (.intvecs)

.text      0    00000200    0000537e     
                  00000200    000010f0     rtsv7M3_T_le_eabi.lib : _printfi.obj (.text)
                  000012f0    00000ea0     tasks.obj (.text)
                  00002190    00000914     queue.obj (.text)
                  00002aa4    00000528     timers.obj (.text)
                  00002fcc    00000510     rit128x96x4.obj (.text)
                  000034dc    00000488     uartstdio.obj (.text)
                  00003964    000001f4     rtsv7M3_T_le_eabi.lib : ull_div_t2.obj (.text)
                  00003b58    000001cc     Task_ADC_CAP.obj (.text)
                  00003d24    000001b8     heap_2.obj (.text)
                  00003edc    000001b6     rtsv7M3_T_le_eabi.lib : fd_add_t2.obj (.text)
                  00004092    00000002                           : i_div0.obj (.text)
                  00004094    00000198     driverlib-cm3.lib : sysctl.obj (.text:SysCtlClockGet)
                  0000422c    00000144                       : sysctl.obj (.text:SysCtlClockSet)
                  00004370    00000136     rtsv7M3_T_le_eabi.lib : fd_div_t2.obj (.text)
                  000044a6    0000012a     list.obj (.text)
                  000045d0    000000fc     rtsv7M3_T_le_eabi.lib : fd_mul_t2.obj (.text)
                  000046cc    000000f0     port.obj (.text)
                  000047bc    000000d0     rtsv7M3_T_le_eabi.lib : s_scalbn.obj (.text)
                  0000488c    000000c8     driverlib-cm3.lib : gpio.obj (.text:GPIOPadConfigSet)
                  00004954    000000bc     Main_ADC_CAP.obj (.text)
                  00004a10    0000009c     rtsv7M3_T_le_eabi.lib : memcpy_t2.obj (.text)
                  00004aac    00000086                           : fd_cmp_t2.obj (.text:__aeabi_cdcmple)
                  00004b32    00000086                           : fd_cmp_t2.obj (.text:__aeabi_cdrcmple)
                  00004bb8    00000080     portasm.obj (.text)
                  00004c38    0000007a     rtsv7M3_T_le_eabi.lib : memset_t2.obj (.text)
                  00004cb2    00000002                           : mpu_init.obj (.text)
                  00004cb4    00000078     driverlib-cm3.lib : sysctl.obj (.text:SysCtlPeripheralPresent)
                  00004d2c    00000070     rtsv7M3_T_le_eabi.lib : autoinit.obj (.text)
                  00004d9c    0000006c     driverlib-cm3.lib : adc.obj (.text:ADCSequenceStepConfigure)
                  00004e08    0000006a     rtsv7M3_T_le_eabi.lib : copy_decompress_rle.obj (.text)
                  00004e72    00000002                           : startup.obj (.text)
                  00004e74    00000060                           : sprintf.obj (.text)
                  00004ed4    0000005c     Task_ReportSysTick.obj (.text)
                  00004f30    0000005c     rtsv7M3_T_le_eabi.lib : s_frexp.obj (.text)
                  00004f8c    00000058     driverlib-cm3.lib : sysctl.obj (.text:SysCtlPeripheralEnable)
                  00004fe4    00000056     rtsv7M3_T_le_eabi.lib : ltoa.obj (.text)
                  0000503a    00000002     --HOLE-- [fill = 0]
                  0000503c    00000054     Task_Blinky.obj (.text)
                  00005090    00000054     rtsv7M3_T_le_eabi.lib : exit.obj (.text)
                  000050e4    0000004c                           : atoi.obj (.text)
                  00005130    0000004c                           : cpy_tbl.obj (.text)
                  0000517c    00000048                           : fd_toi_t2.obj (.text)
                  000051c4    00000044     driverlib-cm3.lib : ssi.obj (.text:SSIConfigSetExpClk)
                  00005208    00000042                       : uart.obj (.text:UARTConfigSetExpClk)
                  0000524a    00000002     --HOLE-- [fill = 0]
                  0000524c    00000040     rtsv7M3_T_le_eabi.lib : boot.obj (.text)
                  0000528c    00000040                           : u_divt2.obj (.text)
                  000052cc    0000003c     UARTStdio_Initialization_LM3S1968.obj (.text)
                  00005308    0000002e     driverlib-cm3.lib : adc.obj (.text:ADCIntStatus)
                  00005336    0000002e                       : gpio.obj (.text:GPIODirModeSet)
                  00005364    0000002e     rtsv7M3_T_le_eabi.lib : i_tofd_t2.obj (.text)
                  00005392    0000002a     driverlib-cm3.lib : adc.obj (.text:ADCSequenceConfigure)
                  000053bc    00000020                       : adc.obj (.text:ADCSequenceDataGet)
                  000053dc    0000001c                       : uart.obj (.text:UARTDisable)
                  000053f8    0000001a     rtsv7M3_T_le_eabi.lib : memccpy.obj (.text)
                  00005412    00000002     --HOLE-- [fill = 0]
                  00005414    00000018                           : args_main.obj (.text)
                  0000542c    00000016     driverlib-cm3.lib : adc.obj (.text:ADCProcessorTrigger)
                  00005442    00000016     rtsv7M3_T_le_eabi.lib : strchr.obj (.text)
                  00005458    00000014     driverlib-cm3.lib : uart.obj (.text:UARTEnable)
                  0000546c    00000014     rtsv7M3_T_le_eabi.lib : _lock.obj (.text)
                  00005480    00000014                           : strlen.obj (.text)
                  00005494    00000012     driverlib-cm3.lib : gpio.obj (.text:GPIOPinTypeGPIOInput)
                  000054a6    00000012                       : gpio.obj (.text:GPIOPinTypeGPIOOutput)
                  000054b8    00000012                       : gpio.obj (.text:GPIOPinTypeSSI)
                  000054ca    00000012                       : gpio.obj (.text:GPIOPinTypeUART)
                  000054dc    00000012                       : ssi.obj (.text:SSIDataGetNonBlocking)
                  000054ee    0000000e                       : adc.obj (.text:ADCSequenceEnable)
                  000054fc    0000000e     rtsv7M3_T_le_eabi.lib : copy_decompress_none.obj (.text:decompress:none)
                  0000550a    0000000c     FreeRTOS_LM3S_Startup.obj (.text)
                  00005516    0000000a     driverlib-cm3.lib : adc.obj (.text:ADCIntClear)
                  00005520    0000000a                       : ssi.obj (.text:SSIDataPut)
                  0000552a    0000000a                       : ssi.obj (.text:SSIDisable)
                  00005534    0000000a                       : ssi.obj (.text:SSIEnable)
                  0000553e    0000000a                       : uart.obj (.text:UARTCharGet)
                  00005548    0000000a                       : uart.obj (.text:UARTCharPut)
                  00005552    00000008                       : ssi.obj (.text:SSIBusy)
                  0000555a    00000008     rtsv7M3_T_le_eabi.lib : s_copysign.obj (.text)
                  00005562    00000006     driverlib-cm3.lib : gpio.obj (.text:GPIOPinRead)
                  00005568    00000006                       : gpio.obj (.text:GPIOPinWrite)
                  0000556e    00000006                       : sysctl.obj (.text:SysCtlDelay)
                  00005574    00000006     rtsv7M3_T_le_eabi.lib : copy_decompress_rle.obj (.text:decompress:rle24)
                  0000557a    00000004                           : pre_init.obj (.text)

.const     0    00005580    0000041a     
                  00005580    000001e0     rit128x96x4.obj (.const:g_pucFont)
                  00005760    00000101     rtsv7M3_T_le_eabi.lib : ctype.obj (.const:.string:_ctypes_)
                  00005861    00000003     rit128x96x4.obj (.const:.string:pucCommand1$1)
                  00005864    0000006c     driverlib-cm3.lib : sysctl.obj (.const:g_pulXtals)
                  000058d0    0000004f     rit128x96x4.obj (.const:.string:g_pucRIT128x96x4Init)
                  0000591f    00000001     --HOLE-- [fill = 0]
                  00005920    00000040     driverlib-cm3.lib : sysctl.obj (.const)
                  00005960    00000012     uartstdio.obj (.const:.string)
                  00005972    00000002     rit128x96x4.obj (.const:.string:g_pucRIT128x96x4HorizontalInc)
                  00005974    0000000c     uartstdio.obj (.const:g_ulUARTBase)
                  00005980    0000000c     uartstdio.obj (.const:g_ulUARTPeriph)
                  0000598c    00000004     uartstdio.obj (.const)
                  00005990    00000003     rit128x96x4.obj (.const:.string:pucCommand2$2)
                  00005993    00000002     rit128x96x4.obj (.const:.string:g_pucRIT128x96x4VerticalInc)
                  00005995    00000002     rit128x96x4.obj (.const:.string:pucCommand1$3)
                  00005997    00000001     --HOLE-- [fill = 0]
                  00005998    00000002     heap_2.obj (.const)

.cinit     0    000059a0    00000044     
                  000059a0    00000020     (.cinit..data.load) [load image, compression = rle]
                  000059c0    0000000b     (.cinit..bss.load) [load image, compression = rle]
                  000059cb    00000001     --HOLE-- [fill = 0]
                  000059cc    00000008     (__TI_handler_table)
                  000059d4    00000010     (__TI_cinit_table)

.init_array 
*          0    00000000    00000000     UNINITIALIZED

.bss       0    20000000    0000c718     UNINITIALIZED
                  20000000    0000c350     heap_2.obj (.bss:xHeap)
                  2000c350    00000190     Task_ADC_CAP.obj (.bss:arr$1)
                  2000c4e0    00000100     FreeRTOS_LM3S_Startup.obj (.bss:pulStack)
                  2000c5e0    00000064     tasks.obj (.bss:pxReadyTasksLists)
                  2000c644    00000040     (.common:xQueueRegistry)
                  2000c684    00000014     timers.obj (.bss:xActiveTimerList1)
                  2000c698    00000014     timers.obj (.bss:xActiveTimerList2)
                  2000c6ac    00000014     tasks.obj (.bss:xDelayedTaskList1)
                  2000c6c0    00000014     tasks.obj (.bss:xDelayedTaskList2)
                  2000c6d4    00000014     tasks.obj (.bss:xPendingReadyList)
                  2000c6e8    00000008     rit128x96x4.obj (.bss:g_pucBuffer)
                  2000c6f0    00000008     tasks.obj (.bss)
                  2000c6f8    00000008     timers.obj (.bss)
                  2000c700    00000008     heap_2.obj (.bss:xEnd)
                  2000c708    00000008     heap_2.obj (.bss:xStart)
                  2000c710    00000004     rit128x96x4.obj (.bss)
                  2000c714    00000004     (.common:g_ulSystemClock)

.stack     0    2000c718    00000800     UNINITIALIZED
                  2000c718    00000800     --HOLE--

.data      0    2000cf18    0000006c     UNINITIALIZED
                  2000cf18    0000002c     tasks.obj (.data)
                  2000cf44    0000000c     rtsv7M3_T_le_eabi.lib : exit.obj (.data:$O1$$)
                  2000cf50    00000008                           : _lock.obj (.data:$O1$$)
                  2000cf58    00000008     heap_2.obj (.data)
                  2000cf60    00000008     port.obj (.data)
                  2000cf68    00000008     timers.obj (.data)
                  2000cf70    00000005     uartstdio.obj (.data)
                  2000cf75    00000003     --HOLE--
                  2000cf78    00000004     UARTStdio_Initialization_LM3S1968.obj (.data)
                  2000cf7c    00000004     rtsv7M3_T_le_eabi.lib : errno.obj (.data)
                  2000cf80    00000004                           : stkdepth_vars.obj (.data)

MODULE SUMMARY

       Module                                  code    ro data   rw data
       ------                                  ----    -------   -------
    .\
       heap_2.obj                              440     2         50024  
       FreeRTOS_LM3S_Startup.obj               12      512       256    
       Main_ADC_CAP.obj                        188     0         4      
    +--+---------------------------------------+-------+---------+---------+
       Total:                                  640     514       50284  
                                                                        
    .\Drivers\
       rit128x96x4.obj                         1296    571       12     
       uartstdio.obj                           1160    46        5      
       UARTStdio_Initialization_LM3S1968.obj   60      0         4      
    +--+---------------------------------------+-------+---------+---------+
       Total:                                  2516    617       21     
                                                                        
    .\Source\
       tasks.obj                               3744    0         212    
       queue.obj                               2324    0         64     
       timers.obj                              1320    0         56     
       list.obj                                298     0         0      
    +--+---------------------------------------+-------+---------+---------+
       Total:                                  7686    0         332    
                                                                        
    .\Source\portable\CCS\ARM_CM3\
       port.obj                                240     0         8      
       portasm.obj                             128     0         0      
    +--+---------------------------------------+-------+---------+---------+
       Total:                                  368     0         8      
                                                                        
    .\Tasks\
       Task_ADC_CAP.obj                        460     0         400    
       Task_ReportSysTick.obj                  92      0         0      
       Task_Blinky.obj                         84      0         0      
    +--+---------------------------------------+-------+---------+---------+
       Total:                                  636     0         400    
                                                                        
    C:/TI_CodeComposer/StellarisWare-LM3S1968/driverlib/ccs-cm3/Debug/driverlib-cm3.lib
       sysctl.obj                              946     172       0      
       gpio.obj                                330     0         0      
       adc.obj                                 274     0         0      
       uart.obj                                134     0         0      
       ssi.obj                                 124     0         0      
    +--+---------------------------------------+-------+---------+---------+
       Total:                                  1808    172       0      
                                                                        
    C:\TI_CodeComposer\ccsv6\tools\compiler\ti-cgt-arm_15.12.1.LTS\lib\rtsv7M3_T_le_eabi.lib
       _printfi.obj                            4336    0         0      
       ull_div_t2.obj                          500     0         0      
       fd_add_t2.obj                           438     0         0      
       fd_div_t2.obj                           310     0         0      
       fd_cmp_t2.obj                           268     0         0      
       ctype.obj                               0       257       0      
       fd_mul_t2.obj                           252     0         0      
       s_scalbn.obj                            208     0         0      
       memcpy_t2.obj                           156     0         0      
       memset_t2.obj                           122     0         0      
       autoinit.obj                            112     0         0      
       copy_decompress_rle.obj                 112     0         0      
       exit.obj                                84      0         12     
       sprintf.obj                             96      0         0      
       s_frexp.obj                             92      0         0      
       ltoa.obj                                86      0         0      
       atoi.obj                                76      0         0      
       cpy_tbl.obj                             76      0         0      
       fd_toi_t2.obj                           72      0         0      
       boot.obj                                64      0         0      
       u_divt2.obj                             64      0         0      
       i_tofd_t2.obj                           46      0         0      
       _lock.obj                               20      0         8      
       memccpy.obj                             26      0         0      
       args_main.obj                           24      0         0      
       strchr.obj                              22      0         0      
       strlen.obj                              20      0         0      
       copy_decompress_none.obj                14      0         0      
       s_copysign.obj                          8       0         0      
       errno.obj                               0       0         4      
       pre_init.obj                            4       0         0      
       stkdepth_vars.obj                       0       0         4      
       i_div0.obj                              2       0         0      
       mpu_init.obj                            2       0         0      
       startup.obj                             2       0         0      
    +--+---------------------------------------+-------+---------+---------+
       Total:                                  7714    257       28     
                                                                        
       Stack:                                  0       0         2048   
       Linker Generated:                       0       67        0      
    +--+---------------------------------------+-------+---------+---------+
       Grand Total:                            21368   1627      53121  


LINKER GENERATED COPY TABLES

__TI_cinit_table @ 000059d4 records: 2, size/record: 8, table size: 16
	.data: load addr=000059a0, load size=00000020 bytes, run addr=2000cf18, run size=0000006c bytes, compression=rle
	.bss: load addr=000059c0, load size=0000000b bytes, run addr=20000000, run size=0000c718 bytes, compression=rle


LINKER GENERATED HANDLER TABLE

__TI_handler_table @ 000059cc records: 2, size/record: 4, table size: 8
	index: 0, handler: __TI_decompress_rle24
	index: 1, handler: __TI_decompress_none


GLOBAL SYMBOLS: SORTED ALPHABETICALLY BY Name 

address   name                             
-------   ----                             
00005517  ADCIntClear                      
00005309  ADCIntStatus                     
0000542d  ADCProcessorTrigger              
00005393  ADCSequenceConfigure             
000053bd  ADCSequenceDataGet               
000054ef  ADCSequenceEnable                
00004d9d  ADCSequenceStepConfigure         
00005091  C$$EXIT                          
00005337  GPIODirModeSet                   
0000488d  GPIOPadConfigSet                 
00005563  GPIOPinRead                      
00005495  GPIOPinTypeGPIOInput             
000054a7  GPIOPinTypeGPIOOutput            
000054b9  GPIOPinTypeSSI                   
000054cb  GPIOPinTypeUART                  
00005569  GPIOPinWrite                     
000030d5  RIT128x96x4Clear                 
00003353  RIT128x96x4Disable               
000034a5  RIT128x96x4DisplayOff            
00003471  RIT128x96x4DisplayOn             
000032f9  RIT128x96x4Enable                
00003271  RIT128x96x4ImageDraw             
000033cd  RIT128x96x4Init                  
00003131  RIT128x96x4StringDraw            
0000550b  ResetISR                         
UNDEFED   SHT$$INIT_ARRAY$$Base            
UNDEFED   SHT$$INIT_ARRAY$$Limit           
00005553  SSIBusy                          
000051c5  SSIConfigSetExpClk               
000054dd  SSIDataGetNonBlocking            
00005521  SSIDataPut                       
0000552b  SSIDisable                       
00005535  SSIEnable                        
00004095  SysCtlClockGet                   
0000422d  SysCtlClockSet                   
0000556f  SysCtlDelay                      
00004f8d  SysCtlPeripheralEnable           
00004cb5  SysCtlPeripheralPresent          
00003b59  Task_ADC_CAP                     
0000503d  Task_Blinky                      
00004ed5  Task_ReportSysTick               
0000553f  UARTCharGet                      
00005549  UARTCharPut                      
00005209  UARTConfigSetExpClk              
000053dd  UARTDisable                      
00005459  UARTEnable                       
000034dd  UARTStdioInit                    
000034ed  UARTStdioInitExpClk              
2000cf78  UARTStdioInitFlag                
000052cd  UARTStdio_Initialization         
00003633  UARTgetc                         
0000357b  UARTgets                         
00003659  UARTprintf                       
00003535  UARTwrite                        
2000cf18  __STACK_END                      
00000800  __STACK_SIZE                     
2000c918  __STACK_TOP                      
000059d4  __TI_CINIT_Base                  
000059e4  __TI_CINIT_Limit                 
000059cc  __TI_Handler_Table_Base          
000059d4  __TI_Handler_Table_Limit         
00004d2d  __TI_auto_init                   
2000cf44  __TI_cleanup_ptr                 
000054fd  __TI_decompress_none             
00005575  __TI_decompress_rle24            
2000cf48  __TI_dtors_ptr                   
2000cf4c  __TI_enable_exit_profile_output  
ffffffff  __TI_pprof_out_hndl              
00000feb  __TI_printfi                     
ffffffff  __TI_prof_data_size              
ffffffff  __TI_prof_data_start             
00000000  __TI_static_base__               
00004aad  __aeabi_cdcmpeq                  
00004aad  __aeabi_cdcmple                  
00004b33  __aeabi_cdrcmple                 
0000517d  __aeabi_d2iz                     
00003ee7  __aeabi_dadd                     
00004371  __aeabi_ddiv                     
000045d1  __aeabi_dmul                     
00003edd  __aeabi_dsub                     
00005365  __aeabi_i2d                      
00004093  __aeabi_idiv0                    
00004c39  __aeabi_memclr                   
00004c39  __aeabi_memclr4                  
00004c39  __aeabi_memclr8                  
00004a11  __aeabi_memcpy                   
00004a11  __aeabi_memcpy4                  
00004a11  __aeabi_memcpy8                  
00004c3b  __aeabi_memset                   
00004c3b  __aeabi_memset4                  
00004c3b  __aeabi_memset8                  
0000528d  __aeabi_uidiv                    
0000528d  __aeabi_uidivmod                 
00003965  __aeabi_uldivmod                 
ffffffff  __binit__                        
ffffffff  __c_args__                       
00004cb3  __mpu_init                       
2000c718  __stack                          
00005415  _args_main                       
0000524d  _c_int00                         
00005760  _ctypes_                         
2000cf50  _lock                            
0000547b  _nop                             
00005473  _register_lock                   
0000546d  _register_unlock                 
00004e73  _system_post_cinit               
0000557b  _system_pre_init                 
2000cf54  _unlock                          
00005095  abort                            
000050e5  atoi                             
ffffffff  binit                            
00005131  copy_in                          
0000555b  copysign                         
0000555b  copysignl                        
2000cf7c  errno                            
0000509d  exit                             
00004f31  frexp                            
00004f31  frexpl                           
00000000  g_pfnVectors                     
2000c714  g_ulSystemClock                  
000047bd  ldexp                            
000047bd  ldexpl                           
00004fe5  ltoa                             
00004955  main                             
2000cf80  main_func_sp                     
000053f9  memccpy                          
00004a11  memcpy                           
00004c41  memset                           
00002ba1  pcTimerGetTimerName              
00003d25  pvPortMalloc                     
00001d51  pvTaskIncrementMutexHeldCount    
00002f7d  pvTimerGetTimerID                
2000cf18  pxCurrentTCB                     
000046cd  pxPortInitialiseStack            
000047bd  scalbn                           
000047bd  scalbnl                          
00004e75  sprintf                          
00005443  strchr                           
00005481  strlen                           
00004bf5  ulPortSetInterruptMask           
00001d81  ulTaskNotifyTake                 
00004589  uxListRemove                     
00002771  uxQueueMessagesWaiting           
000027a7  uxQueueMessagesWaitingFromISR    
00002787  uxQueueSpacesAvailable           
00001635  uxTaskGetNumberOfTasks           
00001d2b  uxTaskResetEventItemValue        
000044a7  vListInitialise                  
000044d7  vListInitialiseItem              
00004523  vListInsert                      
000044e7  vListInsertEnd                   
00004c03  vPortClearInterruptMask          
0000473d  vPortEndScheduler                
00004749  vPortEnterCritical               
00004759  vPortExitCritical                
00003e51  vPortFree                        
00003eb9  vPortInitialiseBlocks            
00004c09  vPortSVCHandler                  
00004795  vPortSetupTimerInterrupt         
00004c27  vPortStartFirstTask              
0000473f  vPortYieldFromISR                
000029cd  vQueueAddToRegistry              
000027b9  vQueueDelete                     
00002a0f  vQueueUnregisterQueue            
00002a49  vQueueWaitForMessageRestricted   
00001481  vTaskDelay                       
000013f5  vTaskDelayUntil                  
0000151b  vTaskEndScheduler                
000019ff  vTaskMissedYield                 
000020a1  vTaskNotifyGiveFromISR           
000017a9  vTaskPlaceOnEventList            
00001831  vTaskPlaceOnEventListRestricted  
000017e1  vTaskPlaceOnUnorderedEventList   
00001c0d  vTaskPriorityInherit             
00001973  vTaskSetTimeOutState             
000014c1  vTaskStartScheduler              
0000152d  vTaskSuspendAll                  
00001729  vTaskSwitchContext               
00002f97  vTimerSetTimerID                 
00003eb3  xPortGetFreeHeapSize             
00004bb9  xPortPendSVHandler               
00004715  xPortStartScheduler              
2000cf64  xPortSysTickCount                
00004771  xPortSysTickHandler              
00002375  xQueueCreateCountingSemaphore    
00002283  xQueueCreateMutex                
0000221d  xQueueGenericCreate              
0000257d  xQueueGenericReceive             
00002191  xQueueGenericReset               
00002395  xQueueGenericSend                
0000248d  xQueueGenericSendFromISR         
0000250b  xQueueGiveFromISR                
000022ef  xQueueGiveMutexRecursive         
00002969  xQueueIsQueueEmptyFromISR        
000029ab  xQueueIsQueueFullFromISR         
0000272d  xQueuePeekFromISR                
000026b5  xQueueReceiveFromISR             
2000c644  xQueueRegistry                   
0000232b  xQueueTakeMutexRecursive         
00001995  xTaskCheckForTimeOut             
000012f1  xTaskGenericCreate               
00001ec9  xTaskGenericNotify               
00001fa9  xTaskGenericNotifyFromISR        
00001bd1  xTaskGetCurrentTaskHandle        
00001be1  xTaskGetSchedulerState           
00001609  xTaskGetTickCount                
00001621  xTaskGetTickCountFromISR         
00001641  xTaskIncrementTick               
0000213d  xTaskNotifyStateClear            
00001e19  xTaskNotifyWait                  
00001cab  xTaskPriorityDisinherit          
00001875  xTaskRemoveFromEventList         
000018fd  xTaskRemoveFromUnorderedEventList
00001537  xTaskResumeAll                   
00002adf  xTimerCreate                     
00002aa5  xTimerCreateTimerTask            
00002b33  xTimerGenericCommand             
00002f51  xTimerIsTimerActive              


GLOBAL SYMBOLS: SORTED BY Symbol Address 

address   name                             
-------   ----                             
00000000  __TI_static_base__               
00000000  g_pfnVectors                     
00000800  __STACK_SIZE                     
00000feb  __TI_printfi                     
000012f1  xTaskGenericCreate               
000013f5  vTaskDelayUntil                  
00001481  vTaskDelay                       
000014c1  vTaskStartScheduler              
0000151b  vTaskEndScheduler                
0000152d  vTaskSuspendAll                  
00001537  xTaskResumeAll                   
00001609  xTaskGetTickCount                
00001621  xTaskGetTickCountFromISR         
00001635  uxTaskGetNumberOfTasks           
00001641  xTaskIncrementTick               
00001729  vTaskSwitchContext               
000017a9  vTaskPlaceOnEventList            
000017e1  vTaskPlaceOnUnorderedEventList   
00001831  vTaskPlaceOnEventListRestricted  
00001875  xTaskRemoveFromEventList         
000018fd  xTaskRemoveFromUnorderedEventList
00001973  vTaskSetTimeOutState             
00001995  xTaskCheckForTimeOut             
000019ff  vTaskMissedYield                 
00001bd1  xTaskGetCurrentTaskHandle        
00001be1  xTaskGetSchedulerState           
00001c0d  vTaskPriorityInherit             
00001cab  xTaskPriorityDisinherit          
00001d2b  uxTaskResetEventItemValue        
00001d51  pvTaskIncrementMutexHeldCount    
00001d81  ulTaskNotifyTake                 
00001e19  xTaskNotifyWait                  
00001ec9  xTaskGenericNotify               
00001fa9  xTaskGenericNotifyFromISR        
000020a1  vTaskNotifyGiveFromISR           
0000213d  xTaskNotifyStateClear            
00002191  xQueueGenericReset               
0000221d  xQueueGenericCreate              
00002283  xQueueCreateMutex                
000022ef  xQueueGiveMutexRecursive         
0000232b  xQueueTakeMutexRecursive         
00002375  xQueueCreateCountingSemaphore    
00002395  xQueueGenericSend                
0000248d  xQueueGenericSendFromISR         
0000250b  xQueueGiveFromISR                
0000257d  xQueueGenericReceive             
000026b5  xQueueReceiveFromISR             
0000272d  xQueuePeekFromISR                
00002771  uxQueueMessagesWaiting           
00002787  uxQueueSpacesAvailable           
000027a7  uxQueueMessagesWaitingFromISR    
000027b9  vQueueDelete                     
00002969  xQueueIsQueueEmptyFromISR        
000029ab  xQueueIsQueueFullFromISR         
000029cd  vQueueAddToRegistry              
00002a0f  vQueueUnregisterQueue            
00002a49  vQueueWaitForMessageRestricted   
00002aa5  xTimerCreateTimerTask            
00002adf  xTimerCreate                     
00002b33  xTimerGenericCommand             
00002ba1  pcTimerGetTimerName              
00002f51  xTimerIsTimerActive              
00002f7d  pvTimerGetTimerID                
00002f97  vTimerSetTimerID                 
000030d5  RIT128x96x4Clear                 
00003131  RIT128x96x4StringDraw            
00003271  RIT128x96x4ImageDraw             
000032f9  RIT128x96x4Enable                
00003353  RIT128x96x4Disable               
000033cd  RIT128x96x4Init                  
00003471  RIT128x96x4DisplayOn             
000034a5  RIT128x96x4DisplayOff            
000034dd  UARTStdioInit                    
000034ed  UARTStdioInitExpClk              
00003535  UARTwrite                        
0000357b  UARTgets                         
00003633  UARTgetc                         
00003659  UARTprintf                       
00003965  __aeabi_uldivmod                 
00003b59  Task_ADC_CAP                     
00003d25  pvPortMalloc                     
00003e51  vPortFree                        
00003eb3  xPortGetFreeHeapSize             
00003eb9  vPortInitialiseBlocks            
00003edd  __aeabi_dsub                     
00003ee7  __aeabi_dadd                     
00004093  __aeabi_idiv0                    
00004095  SysCtlClockGet                   
0000422d  SysCtlClockSet                   
00004371  __aeabi_ddiv                     
000044a7  vListInitialise                  
000044d7  vListInitialiseItem              
000044e7  vListInsertEnd                   
00004523  vListInsert                      
00004589  uxListRemove                     
000045d1  __aeabi_dmul                     
000046cd  pxPortInitialiseStack            
00004715  xPortStartScheduler              
0000473d  vPortEndScheduler                
0000473f  vPortYieldFromISR                
00004749  vPortEnterCritical               
00004759  vPortExitCritical                
00004771  xPortSysTickHandler              
00004795  vPortSetupTimerInterrupt         
000047bd  ldexp                            
000047bd  ldexpl                           
000047bd  scalbn                           
000047bd  scalbnl                          
0000488d  GPIOPadConfigSet                 
00004955  main                             
00004a11  __aeabi_memcpy                   
00004a11  __aeabi_memcpy4                  
00004a11  __aeabi_memcpy8                  
00004a11  memcpy                           
00004aad  __aeabi_cdcmpeq                  
00004aad  __aeabi_cdcmple                  
00004b33  __aeabi_cdrcmple                 
00004bb9  xPortPendSVHandler               
00004bf5  ulPortSetInterruptMask           
00004c03  vPortClearInterruptMask          
00004c09  vPortSVCHandler                  
00004c27  vPortStartFirstTask              
00004c39  __aeabi_memclr                   
00004c39  __aeabi_memclr4                  
00004c39  __aeabi_memclr8                  
00004c3b  __aeabi_memset                   
00004c3b  __aeabi_memset4                  
00004c3b  __aeabi_memset8                  
00004c41  memset                           
00004cb3  __mpu_init                       
00004cb5  SysCtlPeripheralPresent          
00004d2d  __TI_auto_init                   
00004d9d  ADCSequenceStepConfigure         
00004e73  _system_post_cinit               
00004e75  sprintf                          
00004ed5  Task_ReportSysTick               
00004f31  frexp                            
00004f31  frexpl                           
00004f8d  SysCtlPeripheralEnable           
00004fe5  ltoa                             
0000503d  Task_Blinky                      
00005091  C$$EXIT                          
00005095  abort                            
0000509d  exit                             
000050e5  atoi                             
00005131  copy_in                          
0000517d  __aeabi_d2iz                     
000051c5  SSIConfigSetExpClk               
00005209  UARTConfigSetExpClk              
0000524d  _c_int00                         
0000528d  __aeabi_uidiv                    
0000528d  __aeabi_uidivmod                 
000052cd  UARTStdio_Initialization         
00005309  ADCIntStatus                     
00005337  GPIODirModeSet                   
00005365  __aeabi_i2d                      
00005393  ADCSequenceConfigure             
000053bd  ADCSequenceDataGet               
000053dd  UARTDisable                      
000053f9  memccpy                          
00005415  _args_main                       
0000542d  ADCProcessorTrigger              
00005443  strchr                           
00005459  UARTEnable                       
0000546d  _register_unlock                 
00005473  _register_lock                   
0000547b  _nop                             
00005481  strlen                           
00005495  GPIOPinTypeGPIOInput             
000054a7  GPIOPinTypeGPIOOutput            
000054b9  GPIOPinTypeSSI                   
000054cb  GPIOPinTypeUART                  
000054dd  SSIDataGetNonBlocking            
000054ef  ADCSequenceEnable                
000054fd  __TI_decompress_none             
0000550b  ResetISR                         
00005517  ADCIntClear                      
00005521  SSIDataPut                       
0000552b  SSIDisable                       
00005535  SSIEnable                        
0000553f  UARTCharGet                      
00005549  UARTCharPut                      
00005553  SSIBusy                          
0000555b  copysign                         
0000555b  copysignl                        
00005563  GPIOPinRead                      
00005569  GPIOPinWrite                     
0000556f  SysCtlDelay                      
00005575  __TI_decompress_rle24            
0000557b  _system_pre_init                 
00005760  _ctypes_                         
000059cc  __TI_Handler_Table_Base          
000059d4  __TI_CINIT_Base                  
000059d4  __TI_Handler_Table_Limit         
000059e4  __TI_CINIT_Limit                 
2000c644  xQueueRegistry                   
2000c714  g_ulSystemClock                  
2000c718  __stack                          
2000c918  __STACK_TOP                      
2000cf18  __STACK_END                      
2000cf18  pxCurrentTCB                     
2000cf44  __TI_cleanup_ptr                 
2000cf48  __TI_dtors_ptr                   
2000cf4c  __TI_enable_exit_profile_output  
2000cf50  _lock                            
2000cf54  _unlock                          
2000cf64  xPortSysTickCount                
2000cf78  UARTStdioInitFlag                
2000cf7c  errno                            
2000cf80  main_func_sp                     
ffffffff  __TI_pprof_out_hndl              
ffffffff  __TI_prof_data_size              
ffffffff  __TI_prof_data_start             
ffffffff  __binit__                        
ffffffff  __c_args__                       
ffffffff  binit                            
UNDEFED   SHT$$INIT_ARRAY$$Base            
UNDEFED   SHT$$INIT_ARRAY$$Limit           

[218 symbols]
