<?xml version="1.0"?>
<link_info>
   <banner>TI ARM Linker PC v15.12.1.LTS</banner>
   <copyright>Copyright (c) 1996-2015 Texas Instruments Incorporated</copyright>
   <link_time>0x5a0a164c</link_time>
   <link_errors>0x0</link_errors>
   <output_file>FreeRTOS_LM3S1968_ADC_CAP.out</output_file>
   <entry_point>
      <name>_c_int00</name>
      <address>0x524d</address>
   </entry_point>
   <input_file_list>
      <input_file id="fl-2">
         <path>.\</path>
         <kind>object</kind>
         <file>FreeRTOS_LM3S_Startup.obj</file>
         <name>FreeRTOS_LM3S_Startup.obj</name>
      </input_file>
      <input_file id="fl-3">
         <path>.\</path>
         <kind>object</kind>
         <file>Main_ADC_CAP.obj</file>
         <name>Main_ADC_CAP.obj</name>
      </input_file>
      <input_file id="fl-4">
         <path>.\</path>
         <kind>object</kind>
         <file>heap_2.obj</file>
         <name>heap_2.obj</name>
      </input_file>
      <input_file id="fl-5">
         <path>.\Drivers\</path>
         <kind>object</kind>
         <file>UARTStdio_Initialization_LM3S1968.obj</file>
         <name>UARTStdio_Initialization_LM3S1968.obj</name>
      </input_file>
      <input_file id="fl-6">
         <path>.\Drivers\</path>
         <kind>object</kind>
         <file>rit128x96x4.obj</file>
         <name>rit128x96x4.obj</name>
      </input_file>
      <input_file id="fl-7">
         <path>.\Drivers\</path>
         <kind>object</kind>
         <file>uartstdio.obj</file>
         <name>uartstdio.obj</name>
      </input_file>
      <input_file id="fl-8">
         <path>.\Source\</path>
         <kind>object</kind>
         <file>croutine.obj</file>
         <name>croutine.obj</name>
      </input_file>
      <input_file id="fl-9">
         <path>.\Source\</path>
         <kind>object</kind>
         <file>event_groups.obj</file>
         <name>event_groups.obj</name>
      </input_file>
      <input_file id="fl-a">
         <path>.\Source\</path>
         <kind>object</kind>
         <file>list.obj</file>
         <name>list.obj</name>
      </input_file>
      <input_file id="fl-b">
         <path>.\Source\</path>
         <kind>object</kind>
         <file>queue.obj</file>
         <name>queue.obj</name>
      </input_file>
      <input_file id="fl-c">
         <path>.\Source\</path>
         <kind>object</kind>
         <file>tasks.obj</file>
         <name>tasks.obj</name>
      </input_file>
      <input_file id="fl-d">
         <path>.\Source\</path>
         <kind>object</kind>
         <file>timers.obj</file>
         <name>timers.obj</name>
      </input_file>
      <input_file id="fl-e">
         <path>.\Source\portable\CCS\ARM_CM3\</path>
         <kind>object</kind>
         <file>port.obj</file>
         <name>port.obj</name>
      </input_file>
      <input_file id="fl-f">
         <path>.\Source\portable\CCS\ARM_CM3\</path>
         <kind>object</kind>
         <file>portasm.obj</file>
         <name>portasm.obj</name>
      </input_file>
      <input_file id="fl-10">
         <path>.\Tasks\</path>
         <kind>object</kind>
         <file>Task_ADC_CAP.obj</file>
         <name>Task_ADC_CAP.obj</name>
      </input_file>
      <input_file id="fl-11">
         <path>.\Tasks\</path>
         <kind>object</kind>
         <file>Task_Blinky.obj</file>
         <name>Task_Blinky.obj</name>
      </input_file>
      <input_file id="fl-12">
         <path>.\Tasks\</path>
         <kind>object</kind>
         <file>Task_ReportSysTick.obj</file>
         <name>Task_ReportSysTick.obj</name>
      </input_file>
      <input_file id="fl-18">
         <path>C:\TI_CodeComposer\StellarisWare-LM3S1968\driverlib\ccs-cm3\Debug\</path>
         <kind>archive</kind>
         <file>driverlib-cm3.lib</file>
         <name>uart.obj</name>
      </input_file>
      <input_file id="fl-19">
         <path>C:\TI_CodeComposer\StellarisWare-LM3S1968\driverlib\ccs-cm3\Debug\</path>
         <kind>archive</kind>
         <file>driverlib-cm3.lib</file>
         <name>sysctl.obj</name>
      </input_file>
      <input_file id="fl-1a">
         <path>C:\TI_CodeComposer\StellarisWare-LM3S1968\driverlib\ccs-cm3\Debug\</path>
         <kind>archive</kind>
         <file>driverlib-cm3.lib</file>
         <name>ssi.obj</name>
      </input_file>
      <input_file id="fl-1b">
         <path>C:\TI_CodeComposer\StellarisWare-LM3S1968\driverlib\ccs-cm3\Debug\</path>
         <kind>archive</kind>
         <file>driverlib-cm3.lib</file>
         <name>interrupt.obj</name>
      </input_file>
      <input_file id="fl-1c">
         <path>C:\TI_CodeComposer\StellarisWare-LM3S1968\driverlib\ccs-cm3\Debug\</path>
         <kind>archive</kind>
         <file>driverlib-cm3.lib</file>
         <name>gpio.obj</name>
      </input_file>
      <input_file id="fl-1d">
         <path>C:\TI_CodeComposer\StellarisWare-LM3S1968\driverlib\ccs-cm3\Debug\</path>
         <kind>archive</kind>
         <file>driverlib-cm3.lib</file>
         <name>cpu.obj</name>
      </input_file>
      <input_file id="fl-1e">
         <path>C:\TI_CodeComposer\StellarisWare-LM3S1968\driverlib\ccs-cm3\Debug\</path>
         <kind>archive</kind>
         <file>driverlib-cm3.lib</file>
         <name>adc.obj</name>
      </input_file>
      <input_file id="fl-d4">
         <path>C:\TI_CodeComposer\ccsv6\tools\compiler\ti-cgt-arm_15.12.1.LTS\lib\</path>
         <kind>archive</kind>
         <file>rtsv7M3_T_le_eabi.lib</file>
         <name>boot.obj</name>
      </input_file>
      <input_file id="fl-d5">
         <path>C:\TI_CodeComposer\ccsv6\tools\compiler\ti-cgt-arm_15.12.1.LTS\lib\</path>
         <kind>archive</kind>
         <file>rtsv7M3_T_le_eabi.lib</file>
         <name>copy_decompress_none.obj</name>
      </input_file>
      <input_file id="fl-d6">
         <path>C:\TI_CodeComposer\ccsv6\tools\compiler\ti-cgt-arm_15.12.1.LTS\lib\</path>
         <kind>archive</kind>
         <file>rtsv7M3_T_le_eabi.lib</file>
         <name>copy_decompress_rle.obj</name>
      </input_file>
      <input_file id="fl-d7">
         <path>C:\TI_CodeComposer\ccsv6\tools\compiler\ti-cgt-arm_15.12.1.LTS\lib\</path>
         <kind>archive</kind>
         <file>rtsv7M3_T_le_eabi.lib</file>
         <name>copy_zero_init.obj</name>
      </input_file>
      <input_file id="fl-d8">
         <path>C:\TI_CodeComposer\ccsv6\tools\compiler\ti-cgt-arm_15.12.1.LTS\lib\</path>
         <kind>archive</kind>
         <file>rtsv7M3_T_le_eabi.lib</file>
         <name>exit.obj</name>
      </input_file>
      <input_file id="fl-d9">
         <path>C:\TI_CodeComposer\ccsv6\tools\compiler\ti-cgt-arm_15.12.1.LTS\lib\</path>
         <kind>archive</kind>
         <file>rtsv7M3_T_le_eabi.lib</file>
         <name>memcpy_t2.obj</name>
      </input_file>
      <input_file id="fl-da">
         <path>C:\TI_CodeComposer\ccsv6\tools\compiler\ti-cgt-arm_15.12.1.LTS\lib\</path>
         <kind>archive</kind>
         <file>rtsv7M3_T_le_eabi.lib</file>
         <name>memset_t2.obj</name>
      </input_file>
      <input_file id="fl-db">
         <path>C:\TI_CodeComposer\ccsv6\tools\compiler\ti-cgt-arm_15.12.1.LTS\lib\</path>
         <kind>archive</kind>
         <file>rtsv7M3_T_le_eabi.lib</file>
         <name>mpu_init.obj</name>
      </input_file>
      <input_file id="fl-dc">
         <path>C:\TI_CodeComposer\ccsv6\tools\compiler\ti-cgt-arm_15.12.1.LTS\lib\</path>
         <kind>archive</kind>
         <file>rtsv7M3_T_le_eabi.lib</file>
         <name>pre_init.obj</name>
      </input_file>
      <input_file id="fl-dd">
         <path>C:\TI_CodeComposer\ccsv6\tools\compiler\ti-cgt-arm_15.12.1.LTS\lib\</path>
         <kind>archive</kind>
         <file>rtsv7M3_T_le_eabi.lib</file>
         <name>sprintf.obj</name>
      </input_file>
      <input_file id="fl-de">
         <path>C:\TI_CodeComposer\ccsv6\tools\compiler\ti-cgt-arm_15.12.1.LTS\lib\</path>
         <kind>archive</kind>
         <file>rtsv7M3_T_le_eabi.lib</file>
         <name>stkdepth_vars.obj</name>
      </input_file>
      <input_file id="fl-df">
         <path>C:\TI_CodeComposer\ccsv6\tools\compiler\ti-cgt-arm_15.12.1.LTS\lib\</path>
         <kind>archive</kind>
         <file>rtsv7M3_T_le_eabi.lib</file>
         <name>u_divt2.obj</name>
      </input_file>
      <input_file id="fl-e0">
         <path>C:\TI_CodeComposer\ccsv6\tools\compiler\ti-cgt-arm_15.12.1.LTS\lib\</path>
         <kind>archive</kind>
         <file>rtsv7M3_T_le_eabi.lib</file>
         <name>_lock.obj</name>
      </input_file>
      <input_file id="fl-e1">
         <path>C:\TI_CodeComposer\ccsv6\tools\compiler\ti-cgt-arm_15.12.1.LTS\lib\</path>
         <kind>archive</kind>
         <file>rtsv7M3_T_le_eabi.lib</file>
         <name>_printfi.obj</name>
      </input_file>
      <input_file id="fl-e2">
         <path>C:\TI_CodeComposer\ccsv6\tools\compiler\ti-cgt-arm_15.12.1.LTS\lib\</path>
         <kind>archive</kind>
         <file>rtsv7M3_T_le_eabi.lib</file>
         <name>args_main.obj</name>
      </input_file>
      <input_file id="fl-e3">
         <path>C:\TI_CodeComposer\ccsv6\tools\compiler\ti-cgt-arm_15.12.1.LTS\lib\</path>
         <kind>archive</kind>
         <file>rtsv7M3_T_le_eabi.lib</file>
         <name>atoi.obj</name>
      </input_file>
      <input_file id="fl-e4">
         <path>C:\TI_CodeComposer\ccsv6\tools\compiler\ti-cgt-arm_15.12.1.LTS\lib\</path>
         <kind>archive</kind>
         <file>rtsv7M3_T_le_eabi.lib</file>
         <name>autoinit.obj</name>
      </input_file>
      <input_file id="fl-e5">
         <path>C:\TI_CodeComposer\ccsv6\tools\compiler\ti-cgt-arm_15.12.1.LTS\lib\</path>
         <kind>archive</kind>
         <file>rtsv7M3_T_le_eabi.lib</file>
         <name>cpy_tbl.obj</name>
      </input_file>
      <input_file id="fl-e6">
         <path>C:\TI_CodeComposer\ccsv6\tools\compiler\ti-cgt-arm_15.12.1.LTS\lib\</path>
         <kind>archive</kind>
         <file>rtsv7M3_T_le_eabi.lib</file>
         <name>ctype.obj</name>
      </input_file>
      <input_file id="fl-e7">
         <path>C:\TI_CodeComposer\ccsv6\tools\compiler\ti-cgt-arm_15.12.1.LTS\lib\</path>
         <kind>archive</kind>
         <file>rtsv7M3_T_le_eabi.lib</file>
         <name>fd_add_t2.obj</name>
      </input_file>
      <input_file id="fl-e8">
         <path>C:\TI_CodeComposer\ccsv6\tools\compiler\ti-cgt-arm_15.12.1.LTS\lib\</path>
         <kind>archive</kind>
         <file>rtsv7M3_T_le_eabi.lib</file>
         <name>fd_cmp_t2.obj</name>
      </input_file>
      <input_file id="fl-e9">
         <path>C:\TI_CodeComposer\ccsv6\tools\compiler\ti-cgt-arm_15.12.1.LTS\lib\</path>
         <kind>archive</kind>
         <file>rtsv7M3_T_le_eabi.lib</file>
         <name>fd_div_t2.obj</name>
      </input_file>
      <input_file id="fl-ea">
         <path>C:\TI_CodeComposer\ccsv6\tools\compiler\ti-cgt-arm_15.12.1.LTS\lib\</path>
         <kind>archive</kind>
         <file>rtsv7M3_T_le_eabi.lib</file>
         <name>fd_mul_t2.obj</name>
      </input_file>
      <input_file id="fl-eb">
         <path>C:\TI_CodeComposer\ccsv6\tools\compiler\ti-cgt-arm_15.12.1.LTS\lib\</path>
         <kind>archive</kind>
         <file>rtsv7M3_T_le_eabi.lib</file>
         <name>fd_toi_t2.obj</name>
      </input_file>
      <input_file id="fl-ec">
         <path>C:\TI_CodeComposer\ccsv6\tools\compiler\ti-cgt-arm_15.12.1.LTS\lib\</path>
         <kind>archive</kind>
         <file>rtsv7M3_T_le_eabi.lib</file>
         <name>i_div0.obj</name>
      </input_file>
      <input_file id="fl-ed">
         <path>C:\TI_CodeComposer\ccsv6\tools\compiler\ti-cgt-arm_15.12.1.LTS\lib\</path>
         <kind>archive</kind>
         <file>rtsv7M3_T_le_eabi.lib</file>
         <name>i_tofd_t2.obj</name>
      </input_file>
      <input_file id="fl-ee">
         <path>C:\TI_CodeComposer\ccsv6\tools\compiler\ti-cgt-arm_15.12.1.LTS\lib\</path>
         <kind>archive</kind>
         <file>rtsv7M3_T_le_eabi.lib</file>
         <name>ltoa.obj</name>
      </input_file>
      <input_file id="fl-ef">
         <path>C:\TI_CodeComposer\ccsv6\tools\compiler\ti-cgt-arm_15.12.1.LTS\lib\</path>
         <kind>archive</kind>
         <file>rtsv7M3_T_le_eabi.lib</file>
         <name>memccpy.obj</name>
      </input_file>
      <input_file id="fl-f0">
         <path>C:\TI_CodeComposer\ccsv6\tools\compiler\ti-cgt-arm_15.12.1.LTS\lib\</path>
         <kind>archive</kind>
         <file>rtsv7M3_T_le_eabi.lib</file>
         <name>s_frexp.obj</name>
      </input_file>
      <input_file id="fl-f1">
         <path>C:\TI_CodeComposer\ccsv6\tools\compiler\ti-cgt-arm_15.12.1.LTS\lib\</path>
         <kind>archive</kind>
         <file>rtsv7M3_T_le_eabi.lib</file>
         <name>s_scalbn.obj</name>
      </input_file>
      <input_file id="fl-f2">
         <path>C:\TI_CodeComposer\ccsv6\tools\compiler\ti-cgt-arm_15.12.1.LTS\lib\</path>
         <kind>archive</kind>
         <file>rtsv7M3_T_le_eabi.lib</file>
         <name>startup.obj</name>
      </input_file>
      <input_file id="fl-f3">
         <path>C:\TI_CodeComposer\ccsv6\tools\compiler\ti-cgt-arm_15.12.1.LTS\lib\</path>
         <kind>archive</kind>
         <file>rtsv7M3_T_le_eabi.lib</file>
         <name>strchr.obj</name>
      </input_file>
      <input_file id="fl-f4">
         <path>C:\TI_CodeComposer\ccsv6\tools\compiler\ti-cgt-arm_15.12.1.LTS\lib\</path>
         <kind>archive</kind>
         <file>rtsv7M3_T_le_eabi.lib</file>
         <name>strlen.obj</name>
      </input_file>
      <input_file id="fl-f5">
         <path>C:\TI_CodeComposer\ccsv6\tools\compiler\ti-cgt-arm_15.12.1.LTS\lib\</path>
         <kind>archive</kind>
         <file>rtsv7M3_T_le_eabi.lib</file>
         <name>ull_div_t2.obj</name>
      </input_file>
      <input_file id="fl-f6">
         <path>C:\TI_CodeComposer\ccsv6\tools\compiler\ti-cgt-arm_15.12.1.LTS\lib\</path>
         <kind>archive</kind>
         <file>rtsv7M3_T_le_eabi.lib</file>
         <name>errno.obj</name>
      </input_file>
      <input_file id="fl-f7">
         <path>C:\TI_CodeComposer\ccsv6\tools\compiler\ti-cgt-arm_15.12.1.LTS\lib\</path>
         <kind>archive</kind>
         <file>rtsv7M3_T_le_eabi.lib</file>
         <name>s_copysign.obj</name>
      </input_file>
   </input_file_list>
   <object_component_list>
      <object_component id="oc-f">
         <name>.intvecs</name>
         <load_address>0x0</load_address>
         <run_address>0x0</run_address>
         <size>0x200</size>
         <input_file_ref idref="fl-2"/>
      </object_component>
      <object_component id="oc-2d9">
         <name>.text</name>
         <load_address>0x200</load_address>
         <run_address>0x200</run_address>
         <size>0x10f0</size>
         <input_file_ref idref="fl-e1"/>
      </object_component>
      <object_component id="oc-8c">
         <name>.text</name>
         <load_address>0x12f0</load_address>
         <run_address>0x12f0</run_address>
         <size>0xea0</size>
         <input_file_ref idref="fl-c"/>
      </object_component>
      <object_component id="oc-16f">
         <name>.text</name>
         <load_address>0x2190</load_address>
         <run_address>0x2190</run_address>
         <size>0x914</size>
         <input_file_ref idref="fl-b"/>
      </object_component>
      <object_component id="oc-e8">
         <name>.text</name>
         <load_address>0x2aa4</load_address>
         <run_address>0x2aa4</run_address>
         <size>0x528</size>
         <input_file_ref idref="fl-d"/>
      </object_component>
      <object_component id="oc-20c">
         <name>.text</name>
         <load_address>0x2fcc</load_address>
         <run_address>0x2fcc</run_address>
         <size>0x510</size>
         <input_file_ref idref="fl-6"/>
      </object_component>
      <object_component id="oc-13e">
         <name>.text</name>
         <load_address>0x34dc</load_address>
         <run_address>0x34dc</run_address>
         <size>0x488</size>
         <input_file_ref idref="fl-7"/>
      </object_component>
      <object_component id="oc-320">
         <name>.text</name>
         <load_address>0x3964</load_address>
         <run_address>0x3964</run_address>
         <size>0x1f4</size>
         <input_file_ref idref="fl-f5"/>
      </object_component>
      <object_component id="oc-151">
         <name>.text</name>
         <load_address>0x3b58</load_address>
         <run_address>0x3b58</run_address>
         <size>0x1cc</size>
         <input_file_ref idref="fl-10"/>
      </object_component>
      <object_component id="oc-f7">
         <name>.text</name>
         <load_address>0x3d24</load_address>
         <run_address>0x3d24</run_address>
         <size>0x1b8</size>
         <input_file_ref idref="fl-4"/>
      </object_component>
      <object_component id="oc-34f">
         <name>.text</name>
         <load_address>0x3edc</load_address>
         <run_address>0x3edc</run_address>
         <size>0x1b6</size>
         <input_file_ref idref="fl-e7"/>
      </object_component>
      <object_component id="oc-28e">
         <name>.text</name>
         <load_address>0x4092</load_address>
         <run_address>0x4092</run_address>
         <size>0x2</size>
         <input_file_ref idref="fl-ec"/>
      </object_component>
      <object_component id="oc-134">
         <name>.text:SysCtlClockGet</name>
         <load_address>0x4094</load_address>
         <run_address>0x4094</run_address>
         <size>0x198</size>
         <input_file_ref idref="fl-19"/>
      </object_component>
      <object_component id="oc-130">
         <name>.text:SysCtlClockSet</name>
         <load_address>0x422c</load_address>
         <run_address>0x422c</run_address>
         <size>0x144</size>
         <input_file_ref idref="fl-19"/>
      </object_component>
      <object_component id="oc-335">
         <name>.text</name>
         <load_address>0x4370</load_address>
         <run_address>0x4370</run_address>
         <size>0x136</size>
         <input_file_ref idref="fl-e9"/>
      </object_component>
      <object_component id="oc-e2">
         <name>.text</name>
         <load_address>0x44a6</load_address>
         <run_address>0x44a6</run_address>
         <size>0x12a</size>
         <input_file_ref idref="fl-a"/>
      </object_component>
      <object_component id="oc-330">
         <name>.text</name>
         <load_address>0x45d0</load_address>
         <run_address>0x45d0</run_address>
         <size>0xfc</size>
         <input_file_ref idref="fl-ea"/>
      </object_component>
      <object_component id="oc-39">
         <name>.text</name>
         <load_address>0x46cc</load_address>
         <run_address>0x46cc</run_address>
         <size>0xf0</size>
         <input_file_ref idref="fl-e"/>
      </object_component>
      <object_component id="oc-35a">
         <name>.text</name>
         <load_address>0x47bc</load_address>
         <run_address>0x47bc</run_address>
         <size>0xd0</size>
         <input_file_ref idref="fl-f1"/>
      </object_component>
      <object_component id="oc-1fe">
         <name>.text:GPIOPadConfigSet</name>
         <load_address>0x488c</load_address>
         <run_address>0x488c</run_address>
         <size>0xc8</size>
         <input_file_ref idref="fl-1c"/>
      </object_component>
      <object_component id="oc-cf">
         <name>.text</name>
         <load_address>0x4954</load_address>
         <run_address>0x4954</run_address>
         <size>0xbc</size>
         <input_file_ref idref="fl-3"/>
      </object_component>
      <object_component id="oc-42">
         <name>.text</name>
         <load_address>0x4a10</load_address>
         <run_address>0x4a10</run_address>
         <size>0x9c</size>
         <input_file_ref idref="fl-d9"/>
      </object_component>
      <object_component id="oc-32b">
         <name>.text:__aeabi_cdcmple</name>
         <load_address>0x4aac</load_address>
         <run_address>0x4aac</run_address>
         <size>0x86</size>
         <input_file_ref idref="fl-e8"/>
      </object_component>
      <object_component id="oc-33a">
         <name>.text:__aeabi_cdrcmple</name>
         <load_address>0x4b32</load_address>
         <run_address>0x4b32</run_address>
         <size>0x86</size>
         <input_file_ref idref="fl-e8"/>
      </object_component>
      <object_component id="oc-34">
         <name>.text</name>
         <load_address>0x4bb8</load_address>
         <run_address>0x4bb8</run_address>
         <size>0x80</size>
         <input_file_ref idref="fl-f"/>
      </object_component>
      <object_component id="oc-5b">
         <name>.text</name>
         <load_address>0x4c38</load_address>
         <run_address>0x4c38</run_address>
         <size>0x7a</size>
         <input_file_ref idref="fl-da"/>
      </object_component>
      <object_component id="oc-67">
         <name>.text</name>
         <load_address>0x4cb2</load_address>
         <run_address>0x4cb2</run_address>
         <size>0x2</size>
         <input_file_ref idref="fl-db"/>
      </object_component>
      <object_component id="oc-1ce">
         <name>.text:SysCtlPeripheralPresent</name>
         <load_address>0x4cb4</load_address>
         <run_address>0x4cb4</run_address>
         <size>0x78</size>
         <input_file_ref idref="fl-19"/>
      </object_component>
      <object_component id="oc-73">
         <name>.text</name>
         <load_address>0x4d2c</load_address>
         <run_address>0x4d2c</run_address>
         <size>0x70</size>
         <input_file_ref idref="fl-e4"/>
      </object_component>
      <object_component id="oc-21e">
         <name>.text:ADCSequenceStepConfigure</name>
         <load_address>0x4d9c</load_address>
         <run_address>0x4d9c</run_address>
         <size>0x6c</size>
         <input_file_ref idref="fl-1e"/>
      </object_component>
      <object_component id="oc-4e">
         <name>.text</name>
         <load_address>0x4e08</load_address>
         <run_address>0x4e08</run_address>
         <size>0x6a</size>
         <input_file_ref idref="fl-d6"/>
      </object_component>
      <object_component id="oc-c7">
         <name>.text</name>
         <load_address>0x4e72</load_address>
         <run_address>0x4e72</run_address>
         <size>0x2</size>
         <input_file_ref idref="fl-f2"/>
      </object_component>
      <object_component id="oc-212">
         <name>.text</name>
         <load_address>0x4e74</load_address>
         <run_address>0x4e74</run_address>
         <size>0x60</size>
         <input_file_ref idref="fl-dd"/>
      </object_component>
      <object_component id="oc-14b">
         <name>.text</name>
         <load_address>0x4ed4</load_address>
         <run_address>0x4ed4</run_address>
         <size>0x5c</size>
         <input_file_ref idref="fl-12"/>
      </object_component>
      <object_component id="oc-354">
         <name>.text</name>
         <load_address>0x4f30</load_address>
         <run_address>0x4f30</run_address>
         <size>0x5c</size>
         <input_file_ref idref="fl-f0"/>
      </object_component>
      <object_component id="oc-1c2">
         <name>.text:SysCtlPeripheralEnable</name>
         <load_address>0x4f8c</load_address>
         <run_address>0x4f8c</run_address>
         <size>0x58</size>
         <input_file_ref idref="fl-19"/>
      </object_component>
      <object_component id="oc-344">
         <name>.text</name>
         <load_address>0x4fe4</load_address>
         <run_address>0x4fe4</run_address>
         <size>0x56</size>
         <input_file_ref idref="fl-ee"/>
      </object_component>
      <object_component id="oc-145">
         <name>.text</name>
         <load_address>0x503c</load_address>
         <run_address>0x503c</run_address>
         <size>0x54</size>
         <input_file_ref idref="fl-11"/>
      </object_component>
      <object_component id="oc-7f">
         <name>.text</name>
         <load_address>0x5090</load_address>
         <run_address>0x5090</run_address>
         <size>0x54</size>
         <input_file_ref idref="fl-d8"/>
      </object_component>
      <object_component id="oc-36c">
         <name>.text</name>
         <load_address>0x50e4</load_address>
         <run_address>0x50e4</run_address>
         <size>0x4c</size>
         <input_file_ref idref="fl-e3"/>
      </object_component>
      <object_component id="oc-c1">
         <name>.text</name>
         <load_address>0x5130</load_address>
         <run_address>0x5130</run_address>
         <size>0x4c</size>
         <input_file_ref idref="fl-e5"/>
      </object_component>
      <object_component id="oc-33f">
         <name>.text</name>
         <load_address>0x517c</load_address>
         <run_address>0x517c</run_address>
         <size>0x48</size>
         <input_file_ref idref="fl-eb"/>
      </object_component>
      <object_component id="oc-2b5">
         <name>.text:SSIConfigSetExpClk</name>
         <load_address>0x51c4</load_address>
         <run_address>0x51c4</run_address>
         <size>0x44</size>
         <input_file_ref idref="fl-1a"/>
      </object_component>
      <object_component id="oc-1d2">
         <name>.text:UARTConfigSetExpClk</name>
         <load_address>0x5208</load_address>
         <run_address>0x5208</run_address>
         <size>0x42</size>
         <input_file_ref idref="fl-18"/>
      </object_component>
      <object_component id="oc-24">
         <name>.text</name>
         <load_address>0x524c</load_address>
         <run_address>0x524c</run_address>
         <size>0x40</size>
         <input_file_ref idref="fl-d4"/>
      </object_component>
      <object_component id="oc-1eb">
         <name>.text</name>
         <load_address>0x528c</load_address>
         <run_address>0x528c</run_address>
         <size>0x40</size>
         <input_file_ref idref="fl-df"/>
      </object_component>
      <object_component id="oc-138">
         <name>.text</name>
         <load_address>0x52cc</load_address>
         <run_address>0x52cc</run_address>
         <size>0x3c</size>
         <input_file_ref idref="fl-5"/>
      </object_component>
      <object_component id="oc-22e">
         <name>.text:ADCIntStatus</name>
         <load_address>0x5308</load_address>
         <run_address>0x5308</run_address>
         <size>0x2e</size>
         <input_file_ref idref="fl-1e"/>
      </object_component>
      <object_component id="oc-277">
         <name>.text:GPIODirModeSet</name>
         <load_address>0x5336</load_address>
         <run_address>0x5336</run_address>
         <size>0x2e</size>
         <input_file_ref idref="fl-1c"/>
      </object_component>
      <object_component id="oc-34a">
         <name>.text</name>
         <load_address>0x5364</load_address>
         <run_address>0x5364</run_address>
         <size>0x2e</size>
         <input_file_ref idref="fl-ed"/>
      </object_component>
      <object_component id="oc-21a">
         <name>.text:ADCSequenceConfigure</name>
         <load_address>0x5392</load_address>
         <run_address>0x5392</run_address>
         <size>0x2a</size>
         <input_file_ref idref="fl-1e"/>
      </object_component>
      <object_component id="oc-232">
         <name>.text:ADCSequenceDataGet</name>
         <load_address>0x53bc</load_address>
         <run_address>0x53bc</run_address>
         <size>0x20</size>
         <input_file_ref idref="fl-1e"/>
      </object_component>
      <object_component id="oc-27f">
         <name>.text:UARTDisable</name>
         <load_address>0x53dc</load_address>
         <run_address>0x53dc</run_address>
         <size>0x1c</size>
         <input_file_ref idref="fl-18"/>
      </object_component>
      <object_component id="oc-366">
         <name>.text</name>
         <load_address>0x53f8</load_address>
         <run_address>0x53f8</run_address>
         <size>0x1a</size>
         <input_file_ref idref="fl-ef"/>
      </object_component>
      <object_component id="oc-79">
         <name>.text</name>
         <load_address>0x5414</load_address>
         <run_address>0x5414</run_address>
         <size>0x18</size>
         <input_file_ref idref="fl-e2"/>
      </object_component>
      <object_component id="oc-22a">
         <name>.text:ADCProcessorTrigger</name>
         <load_address>0x542c</load_address>
         <run_address>0x542c</run_address>
         <size>0x16</size>
         <input_file_ref idref="fl-1e"/>
      </object_component>
      <object_component id="oc-360">
         <name>.text</name>
         <load_address>0x5442</load_address>
         <run_address>0x5442</run_address>
         <size>0x16</size>
         <input_file_ref idref="fl-f3"/>
      </object_component>
      <object_component id="oc-1d6">
         <name>.text:UARTEnable</name>
         <load_address>0x5458</load_address>
         <run_address>0x5458</run_address>
         <size>0x14</size>
         <input_file_ref idref="fl-18"/>
      </object_component>
      <object_component id="oc-161">
         <name>.text</name>
         <load_address>0x546c</load_address>
         <run_address>0x546c</run_address>
         <size>0x14</size>
         <input_file_ref idref="fl-e0"/>
      </object_component>
      <object_component id="oc-325">
         <name>.text</name>
         <load_address>0x5480</load_address>
         <run_address>0x5480</run_address>
         <size>0x14</size>
         <input_file_ref idref="fl-f4"/>
      </object_component>
      <object_component id="oc-226">
         <name>.text:GPIOPinTypeGPIOInput</name>
         <load_address>0x5494</load_address>
         <run_address>0x5494</run_address>
         <size>0x12</size>
         <input_file_ref idref="fl-1c"/>
      </object_component>
      <object_component id="oc-1fa">
         <name>.text:GPIOPinTypeGPIOOutput</name>
         <load_address>0x54a6</load_address>
         <run_address>0x54a6</run_address>
         <size>0x12</size>
         <input_file_ref idref="fl-1c"/>
      </object_component>
      <object_component id="oc-2b9">
         <name>.text:GPIOPinTypeSSI</name>
         <load_address>0x54b8</load_address>
         <run_address>0x54b8</run_address>
         <size>0x12</size>
         <input_file_ref idref="fl-1c"/>
      </object_component>
      <object_component id="oc-1c6">
         <name>.text:GPIOPinTypeUART</name>
         <load_address>0x54ca</load_address>
         <run_address>0x54ca</run_address>
         <size>0x12</size>
         <input_file_ref idref="fl-1c"/>
      </object_component>
      <object_component id="oc-2c1">
         <name>.text:SSIDataGetNonBlocking</name>
         <load_address>0x54dc</load_address>
         <run_address>0x54dc</run_address>
         <size>0x12</size>
         <input_file_ref idref="fl-1a"/>
      </object_component>
      <object_component id="oc-222">
         <name>.text:ADCSequenceEnable</name>
         <load_address>0x54ee</load_address>
         <run_address>0x54ee</run_address>
         <size>0xe</size>
         <input_file_ref idref="fl-1e"/>
      </object_component>
      <object_component id="oc-12">
         <name>.text:decompress:none</name>
         <load_address>0x54fc</load_address>
         <run_address>0x54fc</run_address>
         <size>0xe</size>
         <input_file_ref idref="fl-d5"/>
      </object_component>
      <object_component id="oc-2e">
         <name>.text</name>
         <load_address>0x550a</load_address>
         <run_address>0x550a</run_address>
         <size>0xc</size>
         <input_file_ref idref="fl-2"/>
      </object_component>
      <object_component id="oc-236">
         <name>.text:ADCIntClear</name>
         <load_address>0x5516</load_address>
         <run_address>0x5516</run_address>
         <size>0xa</size>
         <input_file_ref idref="fl-1e"/>
      </object_component>
      <object_component id="oc-2aa">
         <name>.text:SSIDataPut</name>
         <load_address>0x5520</load_address>
         <run_address>0x5520</run_address>
         <size>0xa</size>
         <input_file_ref idref="fl-1a"/>
      </object_component>
      <object_component id="oc-2b1">
         <name>.text:SSIDisable</name>
         <load_address>0x552a</load_address>
         <run_address>0x552a</run_address>
         <size>0xa</size>
         <input_file_ref idref="fl-1a"/>
      </object_component>
      <object_component id="oc-2bd">
         <name>.text:SSIEnable</name>
         <load_address>0x5534</load_address>
         <run_address>0x5534</run_address>
         <size>0xa</size>
         <input_file_ref idref="fl-1a"/>
      </object_component>
      <object_component id="oc-1de">
         <name>.text:UARTCharGet</name>
         <load_address>0x553e</load_address>
         <run_address>0x553e</run_address>
         <size>0xa</size>
         <input_file_ref idref="fl-18"/>
      </object_component>
      <object_component id="oc-1da">
         <name>.text:UARTCharPut</name>
         <load_address>0x5548</load_address>
         <run_address>0x5548</run_address>
         <size>0xa</size>
         <input_file_ref idref="fl-18"/>
      </object_component>
      <object_component id="oc-2a6">
         <name>.text:SSIBusy</name>
         <load_address>0x5552</load_address>
         <run_address>0x5552</run_address>
         <size>0x8</size>
         <input_file_ref idref="fl-1a"/>
      </object_component>
      <object_component id="oc-39c">
         <name>.text</name>
         <load_address>0x555a</load_address>
         <run_address>0x555a</run_address>
         <size>0x8</size>
         <input_file_ref idref="fl-f7"/>
      </object_component>
      <object_component id="oc-202">
         <name>.text:GPIOPinRead</name>
         <load_address>0x5562</load_address>
         <run_address>0x5562</run_address>
         <size>0x6</size>
         <input_file_ref idref="fl-1c"/>
      </object_component>
      <object_component id="oc-206">
         <name>.text:GPIOPinWrite</name>
         <load_address>0x5568</load_address>
         <run_address>0x5568</run_address>
         <size>0x6</size>
         <input_file_ref idref="fl-1c"/>
      </object_component>
      <object_component id="oc-1b8">
         <name>.text:SysCtlDelay</name>
         <load_address>0x556e</load_address>
         <run_address>0x556e</run_address>
         <size>0x6</size>
         <input_file_ref idref="fl-19"/>
      </object_component>
      <object_component id="oc-18">
         <name>.text:decompress:rle24</name>
         <load_address>0x5574</load_address>
         <run_address>0x5574</run_address>
         <size>0x6</size>
         <input_file_ref idref="fl-d6"/>
      </object_component>
      <object_component id="oc-6d">
         <name>.text</name>
         <load_address>0x557a</load_address>
         <run_address>0x557a</run_address>
         <size>0x4</size>
         <input_file_ref idref="fl-dc"/>
      </object_component>
      <object_component id="oc-2d0">
         <name>.const:g_pucFont</name>
         <load_address>0x5580</load_address>
         <run_address>0x5580</run_address>
         <size>0x1e0</size>
         <input_file_ref idref="fl-6"/>
      </object_component>
      <object_component id="oc-3ab">
         <name>.const:.string:_ctypes_</name>
         <load_address>0x5760</load_address>
         <run_address>0x5760</run_address>
         <size>0x101</size>
         <input_file_ref idref="fl-e6"/>
      </object_component>
      <object_component id="oc-2c8">
         <name>.const:.string:pucCommand1$1</name>
         <load_address>0x5861</load_address>
         <run_address>0x5861</run_address>
         <size>0x3</size>
         <input_file_ref idref="fl-6"/>
      </object_component>
      <object_component id="oc-1bf">
         <name>.const:g_pulXtals</name>
         <load_address>0x5864</load_address>
         <run_address>0x5864</run_address>
         <size>0x6c</size>
         <input_file_ref idref="fl-19"/>
      </object_component>
      <object_component id="oc-2d3">
         <name>.const:.string:g_pucRIT128x96x4Init</name>
         <load_address>0x58d0</load_address>
         <run_address>0x58d0</run_address>
         <size>0x4f</size>
         <input_file_ref idref="fl-6"/>
      </object_component>
      <object_component id="oc-274">
         <name>.const</name>
         <load_address>0x5920</load_address>
         <run_address>0x5920</run_address>
         <size>0x40</size>
         <input_file_ref idref="fl-19"/>
      </object_component>
      <object_component id="oc-295">
         <name>.const:.string</name>
         <load_address>0x5960</load_address>
         <run_address>0x5960</run_address>
         <size>0x12</size>
         <input_file_ref idref="fl-7"/>
      </object_component>
      <object_component id="oc-2ca">
         <name>.const:.string:g_pucRIT128x96x4HorizontalInc</name>
         <load_address>0x5972</load_address>
         <run_address>0x5972</run_address>
         <size>0x2</size>
         <input_file_ref idref="fl-6"/>
      </object_component>
      <object_component id="oc-1e8">
         <name>.const:g_ulUARTBase</name>
         <load_address>0x5974</load_address>
         <run_address>0x5974</run_address>
         <size>0xc</size>
         <input_file_ref idref="fl-7"/>
      </object_component>
      <object_component id="oc-1e2">
         <name>.const:g_ulUARTPeriph</name>
         <load_address>0x5980</load_address>
         <run_address>0x5980</run_address>
         <size>0xc</size>
         <input_file_ref idref="fl-7"/>
      </object_component>
      <object_component id="oc-1f0">
         <name>.const</name>
         <load_address>0x598c</load_address>
         <run_address>0x598c</run_address>
         <size>0x4</size>
         <input_file_ref idref="fl-7"/>
      </object_component>
      <object_component id="oc-2c9">
         <name>.const:.string:pucCommand2$2</name>
         <load_address>0x5990</load_address>
         <run_address>0x5990</run_address>
         <size>0x3</size>
         <input_file_ref idref="fl-6"/>
      </object_component>
      <object_component id="oc-2cd">
         <name>.const:.string:g_pucRIT128x96x4VerticalInc</name>
         <load_address>0x5993</load_address>
         <run_address>0x5993</run_address>
         <size>0x2</size>
         <input_file_ref idref="fl-6"/>
      </object_component>
      <object_component id="oc-2d6">
         <name>.const:.string:pucCommand1$3</name>
         <load_address>0x5995</load_address>
         <run_address>0x5995</run_address>
         <size>0x2</size>
         <input_file_ref idref="fl-6"/>
      </object_component>
      <object_component id="oc-19f">
         <name>.const</name>
         <load_address>0x5998</load_address>
         <run_address>0x5998</run_address>
         <size>0x2</size>
         <input_file_ref idref="fl-4"/>
      </object_component>
      <object_component id="oc-3ee">
         <name>.cinit..data.load</name>
         <load_address>0x59a0</load_address>
         <run_address>0x59a0</run_address>
         <size>0x20</size>
      </object_component>
      <object_component id="oc-3ef">
         <name>.cinit..bss.load</name>
         <load_address>0x59c0</load_address>
         <run_address>0x59c0</run_address>
         <size>0xb</size>
      </object_component>
      <object_component id="oc-3ec">
         <name>__TI_handler_table</name>
         <load_address>0x59cc</load_address>
         <run_address>0x59cc</run_address>
         <size>0x8</size>
      </object_component>
      <object_component id="oc-3ed">
         <name>__TI_cinit_table</name>
         <load_address>0x59d4</load_address>
         <run_address>0x59d4</run_address>
         <size>0x10</size>
      </object_component>
      <object_component id="oc-193">
         <name>.data</name>
         <load_address>0x2000cf58</load_address>
         <run_address>0x2000cf58</run_address>
         <size>0x8</size>
         <input_file_ref idref="fl-4"/>
      </object_component>
      <object_component id="oc-1ca">
         <name>.data</name>
         <load_address>0x2000cf78</load_address>
         <run_address>0x2000cf78</run_address>
         <size>0x4</size>
         <input_file_ref idref="fl-5"/>
      </object_component>
      <object_component id="oc-1e5">
         <name>.data</name>
         <load_address>0x2000cf70</load_address>
         <run_address>0x2000cf70</run_address>
         <size>0x5</size>
         <input_file_ref idref="fl-7"/>
      </object_component>
      <object_component id="oc-92">
         <name>.data</name>
         <load_address>0x2000cf18</load_address>
         <run_address>0x2000cf18</run_address>
         <size>0x2c</size>
         <input_file_ref idref="fl-c"/>
      </object_component>
      <object_component id="oc-175">
         <name>.data</name>
         <load_address>0x2000cf68</load_address>
         <run_address>0x2000cf68</run_address>
         <size>0x8</size>
         <input_file_ref idref="fl-d"/>
      </object_component>
      <object_component id="oc-96">
         <name>.data</name>
         <load_address>0x2000cf60</load_address>
         <run_address>0x2000cf60</run_address>
         <size>0x8</size>
         <input_file_ref idref="fl-e"/>
      </object_component>
      <object_component id="oc-d7">
         <name>.data:$O1$$</name>
         <load_address>0x2000cf44</load_address>
         <run_address>0x2000cf44</run_address>
         <size>0xc</size>
         <input_file_ref idref="fl-d8"/>
      </object_component>
      <object_component id="oc-85">
         <name>.data</name>
         <load_address>0x2000cf80</load_address>
         <run_address>0x2000cf80</run_address>
         <size>0x4</size>
         <input_file_ref idref="fl-de"/>
      </object_component>
      <object_component id="oc-da">
         <name>.data:$O1$$</name>
         <load_address>0x2000cf50</load_address>
         <run_address>0x2000cf50</run_address>
         <size>0x8</size>
         <input_file_ref idref="fl-e0"/>
      </object_component>
      <object_component id="oc-3a2">
         <name>.data</name>
         <load_address>0x2000cf7c</load_address>
         <run_address>0x2000cf7c</run_address>
         <size>0x4</size>
         <input_file_ref idref="fl-f6"/>
      </object_component>
      <object_component id="oc-2b">
         <name>.bss:pulStack</name>
         <uninitialized>true</uninitialized>
         <run_address>0x2000c4e0</run_address>
         <size>0x100</size>
         <input_file_ref idref="fl-2"/>
      </object_component>
      <object_component id="oc-199">
         <name>.bss:xHeap</name>
         <uninitialized>true</uninitialized>
         <run_address>0x20000000</run_address>
         <size>0xc350</size>
         <input_file_ref idref="fl-4"/>
      </object_component>
      <object_component id="oc-196">
         <name>.bss:xStart</name>
         <uninitialized>true</uninitialized>
         <run_address>0x2000c708</run_address>
         <size>0x8</size>
         <input_file_ref idref="fl-4"/>
      </object_component>
      <object_component id="oc-19c">
         <name>.bss:xEnd</name>
         <uninitialized>true</uninitialized>
         <run_address>0x2000c700</run_address>
         <size>0x8</size>
         <input_file_ref idref="fl-4"/>
      </object_component>
      <object_component id="oc-2ae">
         <name>.bss</name>
         <uninitialized>true</uninitialized>
         <run_address>0x2000c710</run_address>
         <size>0x4</size>
         <input_file_ref idref="fl-6"/>
      </object_component>
      <object_component id="oc-2c5">
         <name>.bss:g_pucBuffer</name>
         <uninitialized>true</uninitialized>
         <run_address>0x2000c6e8</run_address>
         <size>0x8</size>
         <input_file_ref idref="fl-6"/>
      </object_component>
      <object_component id="oc-ee">
         <name>.bss:pxReadyTasksLists</name>
         <uninitialized>true</uninitialized>
         <run_address>0x2000c5e0</run_address>
         <size>0x64</size>
         <input_file_ref idref="fl-c"/>
      </object_component>
      <object_component id="oc-fd">
         <name>.bss:xDelayedTaskList1</name>
         <uninitialized>true</uninitialized>
         <run_address>0x2000c6ac</run_address>
         <size>0x14</size>
         <input_file_ref idref="fl-c"/>
      </object_component>
      <object_component id="oc-100">
         <name>.bss:xDelayedTaskList2</name>
         <uninitialized>true</uninitialized>
         <run_address>0x2000c6c0</run_address>
         <size>0x14</size>
         <input_file_ref idref="fl-c"/>
      </object_component>
      <object_component id="oc-f4">
         <name>.bss</name>
         <uninitialized>true</uninitialized>
         <run_address>0x2000c6f0</run_address>
         <size>0x8</size>
         <input_file_ref idref="fl-c"/>
      </object_component>
      <object_component id="oc-f1">
         <name>.bss:xPendingReadyList</name>
         <uninitialized>true</uninitialized>
         <run_address>0x2000c6d4</run_address>
         <size>0x14</size>
         <input_file_ref idref="fl-c"/>
      </object_component>
      <object_component id="oc-17b">
         <name>.bss:xActiveTimerList1</name>
         <uninitialized>true</uninitialized>
         <run_address>0x2000c684</run_address>
         <size>0x14</size>
         <input_file_ref idref="fl-d"/>
      </object_component>
      <object_component id="oc-17e">
         <name>.bss:xActiveTimerList2</name>
         <uninitialized>true</uninitialized>
         <run_address>0x2000c698</run_address>
         <size>0x14</size>
         <input_file_ref idref="fl-d"/>
      </object_component>
      <object_component id="oc-178">
         <name>.bss</name>
         <uninitialized>true</uninitialized>
         <run_address>0x2000c6f8</run_address>
         <size>0x8</size>
         <input_file_ref idref="fl-d"/>
      </object_component>
      <object_component id="oc-23a">
         <name>.bss:arr$1</name>
         <uninitialized>true</uninitialized>
         <run_address>0x2000c350</run_address>
         <size>0x190</size>
         <input_file_ref idref="fl-10"/>
      </object_component>
      <object_component id="oc-144">
         <name>.common:g_ulSystemClock</name>
         <uninitialized>true</uninitialized>
         <run_address>0x2000c714</run_address>
         <size>0x4</size>
      </object_component>
      <object_component id="oc-247">
         <name>.common:xQueueRegistry</name>
         <uninitialized>true</uninitialized>
         <run_address>0x2000c644</run_address>
         <size>0x40</size>
      </object_component>
      <object_component id="oc-2a">
         <name>.stack</name>
         <uninitialized>true</uninitialized>
         <run_address>0x2000c718</run_address>
         <size>0x0</size>
         <input_file_ref idref="fl-d4"/>
      </object_component>
      <object_component id="oc-3f0">
         <name>.stack</name>
         <uninitialized>true</uninitialized>
         <run_address>0x2000c718</run_address>
         <size>0x0</size>
      </object_component>
      <object_component id="oc-41">
         <name>.debug_info</name>
         <load_address>0x0</load_address>
         <run_address>0x0</run_address>
         <size>0x17a</size>
         <input_file_ref idref="fl-2"/>
      </object_component>
      <object_component id="oc-2c">
         <name>.debug_info</name>
         <load_address>0x17a</load_address>
         <run_address>0x17a</run_address>
         <size>0xe9</size>
         <input_file_ref idref="fl-2"/>
      </object_component>
      <object_component id="oc-10">
         <name>.debug_info</name>
         <load_address>0x263</load_address>
         <run_address>0x263</run_address>
         <size>0xf2</size>
         <input_file_ref idref="fl-2"/>
      </object_component>
      <object_component id="oc-2f">
         <name>.debug_info</name>
         <load_address>0x355</load_address>
         <run_address>0x355</run_address>
         <size>0x256</size>
         <input_file_ref idref="fl-2"/>
      </object_component>
      <object_component id="oc-a7">
         <name>.debug_info</name>
         <load_address>0x5ab</load_address>
         <run_address>0x5ab</run_address>
         <size>0x84</size>
         <input_file_ref idref="fl-2"/>
      </object_component>
      <object_component id="oc-10a">
         <name>.debug_info</name>
         <load_address>0x62f</load_address>
         <run_address>0x62f</run_address>
         <size>0x18b</size>
         <input_file_ref idref="fl-2"/>
      </object_component>
      <object_component id="oc-1f5">
         <name>.debug_info</name>
         <load_address>0x7ba</load_address>
         <run_address>0x7ba</run_address>
         <size>0x4e</size>
         <input_file_ref idref="fl-2"/>
      </object_component>
      <object_component id="oc-11f">
         <name>.debug_info</name>
         <load_address>0x808</load_address>
         <run_address>0x808</run_address>
         <size>0x353</size>
         <input_file_ref idref="fl-3"/>
      </object_component>
      <object_component id="oc-d0">
         <name>.debug_info</name>
         <load_address>0xb5b</load_address>
         <run_address>0xb5b</run_address>
         <size>0x1d0</size>
         <input_file_ref idref="fl-3"/>
      </object_component>
      <object_component id="oc-105">
         <name>.debug_info</name>
         <load_address>0xd2b</load_address>
         <run_address>0xd2b</run_address>
         <size>0x2ef</size>
         <input_file_ref idref="fl-3"/>
      </object_component>
      <object_component id="oc-9b">
         <name>.debug_info</name>
         <load_address>0x101a</load_address>
         <run_address>0x101a</run_address>
         <size>0x2c</size>
         <input_file_ref idref="fl-3"/>
      </object_component>
      <object_component id="oc-29a">
         <name>.debug_info</name>
         <load_address>0x1046</load_address>
         <run_address>0x1046</run_address>
         <size>0x2c</size>
         <input_file_ref idref="fl-3"/>
      </object_component>
      <object_component id="oc-a0">
         <name>.debug_info</name>
         <load_address>0x1072</load_address>
         <run_address>0x1072</run_address>
         <size>0xae</size>
         <input_file_ref idref="fl-3"/>
      </object_component>
      <object_component id="oc-11a">
         <name>.debug_info</name>
         <load_address>0x1120</load_address>
         <run_address>0x1120</run_address>
         <size>0x14c</size>
         <input_file_ref idref="fl-3"/>
      </object_component>
      <object_component id="oc-1a3">
         <name>.debug_info</name>
         <load_address>0x126c</load_address>
         <run_address>0x126c</run_address>
         <size>0x1c8</size>
         <input_file_ref idref="fl-4"/>
      </object_component>
      <object_component id="oc-19a">
         <name>.debug_info</name>
         <load_address>0x1434</load_address>
         <run_address>0x1434</run_address>
         <size>0xd4</size>
         <input_file_ref idref="fl-4"/>
      </object_component>
      <object_component id="oc-1a0">
         <name>.debug_info</name>
         <load_address>0x1508</load_address>
         <run_address>0x1508</run_address>
         <size>0xe8</size>
         <input_file_ref idref="fl-4"/>
      </object_component>
      <object_component id="oc-197">
         <name>.debug_info</name>
         <load_address>0x15f0</load_address>
         <run_address>0x15f0</run_address>
         <size>0xd6</size>
         <input_file_ref idref="fl-4"/>
      </object_component>
      <object_component id="oc-19d">
         <name>.debug_info</name>
         <load_address>0x16c6</load_address>
         <run_address>0x16c6</run_address>
         <size>0xd2</size>
         <input_file_ref idref="fl-4"/>
      </object_component>
      <object_component id="oc-194">
         <name>.debug_info</name>
         <load_address>0x1798</load_address>
         <run_address>0x1798</run_address>
         <size>0xf0</size>
         <input_file_ref idref="fl-4"/>
      </object_component>
      <object_component id="oc-f8">
         <name>.debug_info</name>
         <load_address>0x1888</load_address>
         <run_address>0x1888</run_address>
         <size>0x482</size>
         <input_file_ref idref="fl-4"/>
      </object_component>
      <object_component id="oc-1a4">
         <name>.debug_info</name>
         <load_address>0x1d0a</load_address>
         <run_address>0x1d0a</run_address>
         <size>0x110</size>
         <input_file_ref idref="fl-4"/>
      </object_component>
      <object_component id="oc-25f">
         <name>.debug_info</name>
         <load_address>0x1e1a</load_address>
         <run_address>0x1e1a</run_address>
         <size>0x99</size>
         <input_file_ref idref="fl-4"/>
      </object_component>
      <object_component id="oc-1cb">
         <name>.debug_info</name>
         <load_address>0x1eb3</load_address>
         <run_address>0x1eb3</run_address>
         <size>0x110</size>
         <input_file_ref idref="fl-5"/>
      </object_component>
      <object_component id="oc-13c">
         <name>.debug_info</name>
         <load_address>0x1fc3</load_address>
         <run_address>0x1fc3</run_address>
         <size>0x1fa</size>
         <input_file_ref idref="fl-5"/>
      </object_component>
      <object_component id="oc-2d8">
         <name>.debug_info</name>
         <load_address>0x21bd</load_address>
         <run_address>0x21bd</run_address>
         <size>0x3bd</size>
         <input_file_ref idref="fl-6"/>
      </object_component>
      <object_component id="oc-2af">
         <name>.debug_info</name>
         <load_address>0x257a</load_address>
         <run_address>0x257a</run_address>
         <size>0xef</size>
         <input_file_ref idref="fl-6"/>
      </object_component>
      <object_component id="oc-2c6">
         <name>.debug_info</name>
         <load_address>0x2669</load_address>
         <run_address>0x2669</run_address>
         <size>0xed</size>
         <input_file_ref idref="fl-6"/>
      </object_component>
      <object_component id="oc-2ce">
         <name>.debug_info</name>
         <load_address>0x2756</load_address>
         <run_address>0x2756</run_address>
         <size>0x10d</size>
         <input_file_ref idref="fl-6"/>
      </object_component>
      <object_component id="oc-2cb">
         <name>.debug_info</name>
         <load_address>0x2863</load_address>
         <run_address>0x2863</run_address>
         <size>0x111</size>
         <input_file_ref idref="fl-6"/>
      </object_component>
      <object_component id="oc-2d1">
         <name>.debug_info</name>
         <load_address>0x2974</load_address>
         <run_address>0x2974</run_address>
         <size>0xe9</size>
         <input_file_ref idref="fl-6"/>
      </object_component>
      <object_component id="oc-2d4">
         <name>.debug_info</name>
         <load_address>0x2a5d</load_address>
         <run_address>0x2a5d</run_address>
         <size>0xff</size>
         <input_file_ref idref="fl-6"/>
      </object_component>
      <object_component id="oc-20d">
         <name>.debug_info</name>
         <load_address>0x2b5c</load_address>
         <run_address>0x2b5c</run_address>
         <size>0xcc1</size>
         <input_file_ref idref="fl-6"/>
      </object_component>
      <object_component id="oc-1f4">
         <name>.debug_info</name>
         <load_address>0x381d</load_address>
         <run_address>0x381d</run_address>
         <size>0x275</size>
         <input_file_ref idref="fl-7"/>
      </object_component>
      <object_component id="oc-1e6">
         <name>.debug_info</name>
         <load_address>0x3a92</load_address>
         <run_address>0x3a92</run_address>
         <size>0xe5</size>
         <input_file_ref idref="fl-7"/>
      </object_component>
      <object_component id="oc-1f1">
         <name>.debug_info</name>
         <load_address>0x3b77</load_address>
         <run_address>0x3b77</run_address>
         <size>0xe3</size>
         <input_file_ref idref="fl-7"/>
      </object_component>
      <object_component id="oc-1e9">
         <name>.debug_info</name>
         <load_address>0x3c5a</load_address>
         <run_address>0x3c5a</run_address>
         <size>0xed</size>
         <input_file_ref idref="fl-7"/>
      </object_component>
      <object_component id="oc-1e3">
         <name>.debug_info</name>
         <load_address>0x3d47</load_address>
         <run_address>0x3d47</run_address>
         <size>0xf1</size>
         <input_file_ref idref="fl-7"/>
      </object_component>
      <object_component id="oc-13f">
         <name>.debug_info</name>
         <load_address>0x3e38</load_address>
         <run_address>0x3e38</run_address>
         <size>0x776</size>
         <input_file_ref idref="fl-7"/>
      </object_component>
      <object_component id="oc-258">
         <name>.debug_info</name>
         <load_address>0x45ae</load_address>
         <run_address>0x45ae</run_address>
         <size>0x47e</size>
         <input_file_ref idref="fl-9"/>
      </object_component>
      <object_component id="oc-2f7">
         <name>.debug_info</name>
         <load_address>0x4a2c</load_address>
         <run_address>0x4a2c</run_address>
         <size>0x39</size>
         <input_file_ref idref="fl-9"/>
      </object_component>
      <object_component id="oc-182">
         <name>.debug_info</name>
         <load_address>0x4a65</load_address>
         <run_address>0x4a65</run_address>
         <size>0x46</size>
         <input_file_ref idref="fl-9"/>
      </object_component>
      <object_component id="oc-2fc">
         <name>.debug_info</name>
         <load_address>0x4aab</load_address>
         <run_address>0x4aab</run_address>
         <size>0x62</size>
         <input_file_ref idref="fl-9"/>
      </object_component>
      <object_component id="oc-16e">
         <name>.debug_info</name>
         <load_address>0x4b0d</load_address>
         <run_address>0x4b0d</run_address>
         <size>0x12c</size>
         <input_file_ref idref="fl-a"/>
      </object_component>
      <object_component id="oc-e3">
         <name>.debug_info</name>
         <load_address>0x4c39</load_address>
         <run_address>0x4c39</run_address>
         <size>0x49b</size>
         <input_file_ref idref="fl-a"/>
      </object_component>
      <object_component id="oc-248">
         <name>.debug_info</name>
         <load_address>0x50d4</load_address>
         <run_address>0x50d4</run_address>
         <size>0x6a0</size>
         <input_file_ref idref="fl-b"/>
      </object_component>
      <object_component id="oc-170">
         <name>.debug_info</name>
         <load_address>0x5774</load_address>
         <run_address>0x5774</run_address>
         <size>0x26a2</size>
         <input_file_ref idref="fl-b"/>
      </object_component>
      <object_component id="oc-2f0">
         <name>.debug_info</name>
         <load_address>0x7e16</load_address>
         <run_address>0x7e16</run_address>
         <size>0x1a5</size>
         <input_file_ref idref="fl-b"/>
      </object_component>
      <object_component id="oc-24b">
         <name>.debug_info</name>
         <load_address>0x7fbb</load_address>
         <run_address>0x7fbb</run_address>
         <size>0x46</size>
         <input_file_ref idref="fl-b"/>
      </object_component>
      <object_component id="oc-104">
         <name>.debug_info</name>
         <load_address>0x8001</load_address>
         <run_address>0x8001</run_address>
         <size>0x56d</size>
         <input_file_ref idref="fl-c"/>
      </object_component>
      <object_component id="oc-93">
         <name>.debug_info</name>
         <load_address>0x856e</load_address>
         <run_address>0x856e</run_address>
         <size>0x2ca</size>
         <input_file_ref idref="fl-c"/>
      </object_component>
      <object_component id="oc-ef">
         <name>.debug_info</name>
         <load_address>0x8838</load_address>
         <run_address>0x8838</run_address>
         <size>0xf2</size>
         <input_file_ref idref="fl-c"/>
      </object_component>
      <object_component id="oc-fe">
         <name>.debug_info</name>
         <load_address>0x892a</load_address>
         <run_address>0x892a</run_address>
         <size>0xf2</size>
         <input_file_ref idref="fl-c"/>
      </object_component>
      <object_component id="oc-101">
         <name>.debug_info</name>
         <load_address>0x8a1c</load_address>
         <run_address>0x8a1c</run_address>
         <size>0xf2</size>
         <input_file_ref idref="fl-c"/>
      </object_component>
      <object_component id="oc-f5">
         <name>.debug_info</name>
         <load_address>0x8b0e</load_address>
         <run_address>0x8b0e</run_address>
         <size>0x134</size>
         <input_file_ref idref="fl-c"/>
      </object_component>
      <object_component id="oc-f2">
         <name>.debug_info</name>
         <load_address>0x8c42</load_address>
         <run_address>0x8c42</run_address>
         <size>0xf2</size>
         <input_file_ref idref="fl-c"/>
      </object_component>
      <object_component id="oc-8d">
         <name>.debug_info</name>
         <load_address>0x8d34</load_address>
         <run_address>0x8d34</run_address>
         <size>0x306d</size>
         <input_file_ref idref="fl-c"/>
      </object_component>
      <object_component id="oc-10f">
         <name>.debug_info</name>
         <load_address>0xbda1</load_address>
         <run_address>0xbda1</run_address>
         <size>0x141</size>
         <input_file_ref idref="fl-c"/>
      </object_component>
      <object_component id="oc-187">
         <name>.debug_info</name>
         <load_address>0xbee2</load_address>
         <run_address>0xbee2</run_address>
         <size>0x663</size>
         <input_file_ref idref="fl-d"/>
      </object_component>
      <object_component id="oc-17c">
         <name>.debug_info</name>
         <load_address>0xc545</load_address>
         <run_address>0xc545</run_address>
         <size>0xf3</size>
         <input_file_ref idref="fl-d"/>
      </object_component>
      <object_component id="oc-17f">
         <name>.debug_info</name>
         <load_address>0xc638</load_address>
         <run_address>0xc638</run_address>
         <size>0xf3</size>
         <input_file_ref idref="fl-d"/>
      </object_component>
      <object_component id="oc-179">
         <name>.debug_info</name>
         <load_address>0xc72b</load_address>
         <run_address>0xc72b</run_address>
         <size>0x12b</size>
         <input_file_ref idref="fl-d"/>
      </object_component>
      <object_component id="oc-176">
         <name>.debug_info</name>
         <load_address>0xc856</load_address>
         <run_address>0xc856</run_address>
         <size>0xe7</size>
         <input_file_ref idref="fl-d"/>
      </object_component>
      <object_component id="oc-e9">
         <name>.debug_info</name>
         <load_address>0xc93d</load_address>
         <run_address>0xc93d</run_address>
         <size>0x16d6</size>
         <input_file_ref idref="fl-d"/>
      </object_component>
      <object_component id="oc-188">
         <name>.debug_info</name>
         <load_address>0xe013</load_address>
         <run_address>0xe013</run_address>
         <size>0x1ba</size>
         <input_file_ref idref="fl-d"/>
      </object_component>
      <object_component id="oc-9a">
         <name>.debug_info</name>
         <load_address>0xe1cd</load_address>
         <run_address>0xe1cd</run_address>
         <size>0x215</size>
         <input_file_ref idref="fl-e"/>
      </object_component>
      <object_component id="oc-97">
         <name>.debug_info</name>
         <load_address>0xe3e2</load_address>
         <run_address>0xe3e2</run_address>
         <size>0x139</size>
         <input_file_ref idref="fl-e"/>
      </object_component>
      <object_component id="oc-3a">
         <name>.debug_info</name>
         <load_address>0xe51b</load_address>
         <run_address>0xe51b</run_address>
         <size>0x6e9</size>
         <input_file_ref idref="fl-e"/>
      </object_component>
      <object_component id="oc-35">
         <name>.debug_info</name>
         <load_address>0xec04</load_address>
         <run_address>0xec04</run_address>
         <size>0x158</size>
         <input_file_ref idref="fl-f"/>
      </object_component>
      <object_component id="oc-23c">
         <name>.debug_info</name>
         <load_address>0xed5c</load_address>
         <run_address>0xed5c</run_address>
         <size>0x4e1</size>
         <input_file_ref idref="fl-10"/>
      </object_component>
      <object_component id="oc-153">
         <name>.debug_info</name>
         <load_address>0xf23d</load_address>
         <run_address>0xf23d</run_address>
         <size>0x488</size>
         <input_file_ref idref="fl-10"/>
      </object_component>
      <object_component id="oc-23d">
         <name>.debug_info</name>
         <load_address>0xf6c5</load_address>
         <run_address>0xf6c5</run_address>
         <size>0x48</size>
         <input_file_ref idref="fl-10"/>
      </object_component>
      <object_component id="oc-20b">
         <name>.debug_info</name>
         <load_address>0xf70d</load_address>
         <run_address>0xf70d</run_address>
         <size>0x27b</size>
         <input_file_ref idref="fl-11"/>
      </object_component>
      <object_component id="oc-147">
         <name>.debug_info</name>
         <load_address>0xf988</load_address>
         <run_address>0xf988</run_address>
         <size>0x20d</size>
         <input_file_ref idref="fl-11"/>
      </object_component>
      <object_component id="oc-219">
         <name>.debug_info</name>
         <load_address>0xfb95</load_address>
         <run_address>0xfb95</run_address>
         <size>0x24a</size>
         <input_file_ref idref="fl-12"/>
      </object_component>
      <object_component id="oc-14c">
         <name>.debug_info</name>
         <load_address>0xfddf</load_address>
         <run_address>0xfddf</run_address>
         <size>0x255</size>
         <input_file_ref idref="fl-12"/>
      </object_component>
      <object_component id="oc-284">
         <name>.debug_info</name>
         <load_address>0x10034</load_address>
         <run_address>0x10034</run_address>
         <size>0x47d</size>
         <input_file_ref idref="fl-18"/>
      </object_component>
      <object_component id="oc-1d7">
         <name>.debug_info</name>
         <load_address>0x104b1</load_address>
         <run_address>0x104b1</run_address>
         <size>0x1b4</size>
         <input_file_ref idref="fl-18"/>
      </object_component>
      <object_component id="oc-280">
         <name>.debug_info</name>
         <load_address>0x10665</load_address>
         <run_address>0x10665</run_address>
         <size>0x23d</size>
         <input_file_ref idref="fl-18"/>
      </object_component>
      <object_component id="oc-1d3">
         <name>.debug_info</name>
         <load_address>0x108a2</load_address>
         <run_address>0x108a2</run_address>
         <size>0x27b</size>
         <input_file_ref idref="fl-18"/>
      </object_component>
      <object_component id="oc-1db">
         <name>.debug_info</name>
         <load_address>0x10b1d</load_address>
         <run_address>0x10b1d</run_address>
         <size>0x268</size>
         <input_file_ref idref="fl-18"/>
      </object_component>
      <object_component id="oc-1df">
         <name>.debug_info</name>
         <load_address>0x10d85</load_address>
         <run_address>0x10d85</run_address>
         <size>0x242</size>
         <input_file_ref idref="fl-18"/>
      </object_component>
      <object_component id="oc-1ba">
         <name>.debug_info</name>
         <load_address>0x10fc7</load_address>
         <run_address>0x10fc7</run_address>
         <size>0x84</size>
         <input_file_ref idref="fl-18"/>
      </object_component>
      <object_component id="oc-26e">
         <name>.debug_info</name>
         <load_address>0x1104b</load_address>
         <run_address>0x1104b</run_address>
         <size>0x2c</size>
         <input_file_ref idref="fl-18"/>
      </object_component>
      <object_component id="oc-1be">
         <name>.debug_info</name>
         <load_address>0x11077</load_address>
         <run_address>0x11077</run_address>
         <size>0x4cc</size>
         <input_file_ref idref="fl-19"/>
      </object_component>
      <object_component id="oc-275">
         <name>.debug_info</name>
         <load_address>0x11543</load_address>
         <run_address>0x11543</run_address>
         <size>0x1b8</size>
         <input_file_ref idref="fl-19"/>
      </object_component>
      <object_component id="oc-1c0">
         <name>.debug_info</name>
         <load_address>0x116fb</load_address>
         <run_address>0x116fb</run_address>
         <size>0x10e</size>
         <input_file_ref idref="fl-19"/>
      </object_component>
      <object_component id="oc-1d0">
         <name>.debug_info</name>
         <load_address>0x11809</load_address>
         <run_address>0x11809</run_address>
         <size>0x1f0</size>
         <input_file_ref idref="fl-19"/>
      </object_component>
      <object_component id="oc-1c4">
         <name>.debug_info</name>
         <load_address>0x119f9</load_address>
         <run_address>0x119f9</run_address>
         <size>0x1ea</size>
         <input_file_ref idref="fl-19"/>
      </object_component>
      <object_component id="oc-131">
         <name>.debug_info</name>
         <load_address>0x11be3</load_address>
         <run_address>0x11be3</run_address>
         <size>0x2e4</size>
         <input_file_ref idref="fl-19"/>
      </object_component>
      <object_component id="oc-135">
         <name>.debug_info</name>
         <load_address>0x11ec7</load_address>
         <run_address>0x11ec7</run_address>
         <size>0x1ea</size>
         <input_file_ref idref="fl-19"/>
      </object_component>
      <object_component id="oc-30b">
         <name>.debug_info</name>
         <load_address>0x120b1</load_address>
         <run_address>0x120b1</run_address>
         <size>0x477</size>
         <input_file_ref idref="fl-1a"/>
      </object_component>
      <object_component id="oc-2c0">
         <name>.debug_info</name>
         <load_address>0x12528</load_address>
         <run_address>0x12528</run_address>
         <size>0x1af</size>
         <input_file_ref idref="fl-1a"/>
      </object_component>
      <object_component id="oc-2b4">
         <name>.debug_info</name>
         <load_address>0x126d7</load_address>
         <run_address>0x126d7</run_address>
         <size>0x1b1</size>
         <input_file_ref idref="fl-1a"/>
      </object_component>
      <object_component id="oc-2ad">
         <name>.debug_info</name>
         <load_address>0x12888</load_address>
         <run_address>0x12888</run_address>
         <size>0x261</size>
         <input_file_ref idref="fl-1a"/>
      </object_component>
      <object_component id="oc-2c4">
         <name>.debug_info</name>
         <load_address>0x12ae9</load_address>
         <run_address>0x12ae9</run_address>
         <size>0x1f9</size>
         <input_file_ref idref="fl-1a"/>
      </object_component>
      <object_component id="oc-2b8">
         <name>.debug_info</name>
         <load_address>0x12ce2</load_address>
         <run_address>0x12ce2</run_address>
         <size>0x396</size>
         <input_file_ref idref="fl-1a"/>
      </object_component>
      <object_component id="oc-2a9">
         <name>.debug_info</name>
         <load_address>0x13078</load_address>
         <run_address>0x13078</run_address>
         <size>0x1af</size>
         <input_file_ref idref="fl-1a"/>
      </object_component>
      <object_component id="oc-2a1">
         <name>.debug_info</name>
         <load_address>0x13227</load_address>
         <run_address>0x13227</run_address>
         <size>0x471</size>
         <input_file_ref idref="fl-1c"/>
      </object_component>
      <object_component id="oc-209">
         <name>.debug_info</name>
         <load_address>0x13698</load_address>
         <run_address>0x13698</run_address>
         <size>0x208</size>
         <input_file_ref idref="fl-1c"/>
      </object_component>
      <object_component id="oc-27a">
         <name>.debug_info</name>
         <load_address>0x138a0</load_address>
         <run_address>0x138a0</run_address>
         <size>0x214</size>
         <input_file_ref idref="fl-1c"/>
      </object_component>
      <object_component id="oc-201">
         <name>.debug_info</name>
         <load_address>0x13ab4</load_address>
         <run_address>0x13ab4</run_address>
         <size>0x25a</size>
         <input_file_ref idref="fl-1c"/>
      </object_component>
      <object_component id="oc-1c7">
         <name>.debug_info</name>
         <load_address>0x13d0e</load_address>
         <run_address>0x13d0e</run_address>
         <size>0x1ea</size>
         <input_file_ref idref="fl-1c"/>
      </object_component>
      <object_component id="oc-2ba">
         <name>.debug_info</name>
         <load_address>0x13ef8</load_address>
         <run_address>0x13ef8</run_address>
         <size>0x1e8</size>
         <input_file_ref idref="fl-1c"/>
      </object_component>
      <object_component id="oc-1fb">
         <name>.debug_info</name>
         <load_address>0x140e0</load_address>
         <run_address>0x140e0</run_address>
         <size>0x1f6</size>
         <input_file_ref idref="fl-1c"/>
      </object_component>
      <object_component id="oc-227">
         <name>.debug_info</name>
         <load_address>0x142d6</load_address>
         <run_address>0x142d6</run_address>
         <size>0x1f4</size>
         <input_file_ref idref="fl-1c"/>
      </object_component>
      <object_component id="oc-203">
         <name>.debug_info</name>
         <load_address>0x144ca</load_address>
         <run_address>0x144ca</run_address>
         <size>0x1e4</size>
         <input_file_ref idref="fl-1c"/>
      </object_component>
      <object_component id="oc-2e4">
         <name>.debug_info</name>
         <load_address>0x146ae</load_address>
         <run_address>0x146ae</run_address>
         <size>0x466</size>
         <input_file_ref idref="fl-1e"/>
      </object_component>
      <object_component id="oc-21f">
         <name>.debug_info</name>
         <load_address>0x14b14</load_address>
         <run_address>0x14b14</run_address>
         <size>0x2ae</size>
         <input_file_ref idref="fl-1e"/>
      </object_component>
      <object_component id="oc-223">
         <name>.debug_info</name>
         <load_address>0x14dc2</load_address>
         <run_address>0x14dc2</run_address>
         <size>0x205</size>
         <input_file_ref idref="fl-1e"/>
      </object_component>
      <object_component id="oc-233">
         <name>.debug_info</name>
         <load_address>0x14fc7</load_address>
         <run_address>0x14fc7</run_address>
         <size>0x2f1</size>
         <input_file_ref idref="fl-1e"/>
      </object_component>
      <object_component id="oc-21b">
         <name>.debug_info</name>
         <load_address>0x152b8</load_address>
         <run_address>0x152b8</run_address>
         <size>0x27b</size>
         <input_file_ref idref="fl-1e"/>
      </object_component>
      <object_component id="oc-22b">
         <name>.debug_info</name>
         <load_address>0x15533</load_address>
         <run_address>0x15533</run_address>
         <size>0x209</size>
         <input_file_ref idref="fl-1e"/>
      </object_component>
      <object_component id="oc-22f">
         <name>.debug_info</name>
         <load_address>0x1573c</load_address>
         <run_address>0x1573c</run_address>
         <size>0x240</size>
         <input_file_ref idref="fl-1e"/>
      </object_component>
      <object_component id="oc-237">
         <name>.debug_info</name>
         <load_address>0x1597c</load_address>
         <run_address>0x1597c</run_address>
         <size>0x1f9</size>
         <input_file_ref idref="fl-1e"/>
      </object_component>
      <object_component id="oc-25">
         <name>.debug_info</name>
         <load_address>0x15b75</load_address>
         <run_address>0x15b75</run_address>
         <size>0x17c</size>
         <input_file_ref idref="fl-d4"/>
      </object_component>
      <object_component id="oc-4d">
         <name>.debug_info</name>
         <load_address>0x15cf1</load_address>
         <run_address>0x15cf1</run_address>
         <size>0x15c</size>
         <input_file_ref idref="fl-d5"/>
      </object_component>
      <object_component id="oc-16">
         <name>.debug_info</name>
         <load_address>0x15e4d</load_address>
         <run_address>0x15e4d</run_address>
         <size>0x1fb</size>
         <input_file_ref idref="fl-d5"/>
      </object_component>
      <object_component id="oc-48">
         <name>.debug_info</name>
         <load_address>0x16048</load_address>
         <run_address>0x16048</run_address>
         <size>0x46</size>
         <input_file_ref idref="fl-d5"/>
      </object_component>
      <object_component id="oc-ad">
         <name>.debug_info</name>
         <load_address>0x1608e</load_address>
         <run_address>0x1608e</run_address>
         <size>0x2c</size>
         <input_file_ref idref="fl-d5"/>
      </object_component>
      <object_component id="oc-55">
         <name>.debug_info</name>
         <load_address>0x160ba</load_address>
         <run_address>0x160ba</run_address>
         <size>0x150</size>
         <input_file_ref idref="fl-d6"/>
      </object_component>
      <object_component id="oc-4f">
         <name>.debug_info</name>
         <load_address>0x1620a</load_address>
         <run_address>0x1620a</run_address>
         <size>0x263</size>
         <input_file_ref idref="fl-d6"/>
      </object_component>
      <object_component id="oc-1b">
         <name>.debug_info</name>
         <load_address>0x1646d</load_address>
         <run_address>0x1646d</run_address>
         <size>0x1cd</size>
         <input_file_ref idref="fl-d6"/>
      </object_component>
      <object_component id="oc-56">
         <name>.debug_info</name>
         <load_address>0x1663a</load_address>
         <run_address>0x1663a</run_address>
         <size>0x39</size>
         <input_file_ref idref="fl-d6"/>
      </object_component>
      <object_component id="oc-b7">
         <name>.debug_info</name>
         <load_address>0x16673</load_address>
         <run_address>0x16673</run_address>
         <size>0x2c</size>
         <input_file_ref idref="fl-d6"/>
      </object_component>
      <object_component id="oc-de">
         <name>.debug_info</name>
         <load_address>0x1669f</load_address>
         <run_address>0x1669f</run_address>
         <size>0x250</size>
         <input_file_ref idref="fl-d8"/>
      </object_component>
      <object_component id="oc-d8">
         <name>.debug_info</name>
         <load_address>0x168ef</load_address>
         <run_address>0x168ef</run_address>
         <size>0x1a1</size>
         <input_file_ref idref="fl-d8"/>
      </object_component>
      <object_component id="oc-81">
         <name>.debug_info</name>
         <load_address>0x16a90</load_address>
         <run_address>0x16a90</run_address>
         <size>0x230</size>
         <input_file_ref idref="fl-d8"/>
      </object_component>
      <object_component id="oc-43">
         <name>.debug_info</name>
         <load_address>0x16cc0</load_address>
         <run_address>0x16cc0</run_address>
         <size>0x12d</size>
         <input_file_ref idref="fl-d9"/>
      </object_component>
      <object_component id="oc-5e">
         <name>.debug_info</name>
         <load_address>0x16ded</load_address>
         <run_address>0x16ded</run_address>
         <size>0x15b</size>
         <input_file_ref idref="fl-da"/>
      </object_component>
      <object_component id="oc-68">
[...]
      </symbol>
      <symbol id="sm-424">
         <name>uxTaskResetEventItemValue</name>
         <value>0x1d2b</value>
         <object_component_ref idref="oc-8c"/>
      </symbol>
      <symbol id="sm-425">
         <name>xTaskGetSchedulerState</name>
         <value>0x1be1</value>
         <object_component_ref idref="oc-8c"/>
      </symbol>
      <symbol id="sm-426">
         <name>xTaskGetCurrentTaskHandle</name>
         <value>0x1bd1</value>
         <object_component_ref idref="oc-8c"/>
      </symbol>
      <symbol id="sm-427">
         <name>vTaskPlaceOnUnorderedEventList</name>
         <value>0x17e1</value>
         <object_component_ref idref="oc-8c"/>
      </symbol>
      <symbol id="sm-428">
         <name>xTaskRemoveFromEventList</name>
         <value>0x1875</value>
         <object_component_ref idref="oc-8c"/>
      </symbol>
      <symbol id="sm-4aa">
         <name>xTimerCreateTimerTask</name>
         <value>0x2aa5</value>
         <object_component_ref idref="oc-e8"/>
      </symbol>
      <symbol id="sm-4ab">
         <name>pcTimerGetTimerName</name>
         <value>0x2ba1</value>
         <object_component_ref idref="oc-e8"/>
      </symbol>
      <symbol id="sm-4ac">
         <name>xTimerIsTimerActive</name>
         <value>0x2f51</value>
         <object_component_ref idref="oc-e8"/>
      </symbol>
      <symbol id="sm-4ad">
         <name>xTimerCreate</name>
         <value>0x2adf</value>
         <object_component_ref idref="oc-e8"/>
      </symbol>
      <symbol id="sm-4ae">
         <name>xTimerGenericCommand</name>
         <value>0x2b33</value>
         <object_component_ref idref="oc-e8"/>
      </symbol>
      <symbol id="sm-4af">
         <name>pvTimerGetTimerID</name>
         <value>0x2f7d</value>
         <object_component_ref idref="oc-e8"/>
      </symbol>
      <symbol id="sm-4b0">
         <name>vTimerSetTimerID</name>
         <value>0x2f97</value>
         <object_component_ref idref="oc-e8"/>
      </symbol>
      <symbol id="sm-4d5">
         <name>vPortSetupTimerInterrupt</name>
         <value>0x4795</value>
         <object_component_ref idref="oc-39"/>
      </symbol>
      <symbol id="sm-4d6">
         <name>vPortEndScheduler</name>
         <value>0x473d</value>
         <object_component_ref idref="oc-39"/>
      </symbol>
      <symbol id="sm-4d7">
         <name>xPortSysTickCount</name>
         <value>0x2000cf64</value>
         <object_component_ref idref="oc-96"/>
      </symbol>
      <symbol id="sm-4d8">
         <name>xPortSysTickHandler</name>
         <value>0x4771</value>
         <object_component_ref idref="oc-39"/>
      </symbol>
      <symbol id="sm-4d9">
         <name>vPortYieldFromISR</name>
         <value>0x473f</value>
         <object_component_ref idref="oc-39"/>
      </symbol>
      <symbol id="sm-4da">
         <name>pxPortInitialiseStack</name>
         <value>0x46cd</value>
         <object_component_ref idref="oc-39"/>
      </symbol>
      <symbol id="sm-4db">
         <name>vPortExitCritical</name>
         <value>0x4759</value>
         <object_component_ref idref="oc-39"/>
      </symbol>
      <symbol id="sm-4dc">
         <name>xPortStartScheduler</name>
         <value>0x4715</value>
         <object_component_ref idref="oc-39"/>
      </symbol>
      <symbol id="sm-4dd">
         <name>vPortEnterCritical</name>
         <value>0x4749</value>
         <object_component_ref idref="oc-39"/>
      </symbol>
      <symbol id="sm-4eb">
         <name>vPortStartFirstTask</name>
         <value>0x4c27</value>
         <object_component_ref idref="oc-34"/>
      </symbol>
      <symbol id="sm-4ec">
         <name>xPortPendSVHandler</name>
         <value>0x4bb9</value>
         <object_component_ref idref="oc-34"/>
      </symbol>
      <symbol id="sm-4ed">
         <name>vPortClearInterruptMask</name>
         <value>0x4c03</value>
         <object_component_ref idref="oc-34"/>
      </symbol>
      <symbol id="sm-4ee">
         <name>ulPortSetInterruptMask</name>
         <value>0x4bf5</value>
         <object_component_ref idref="oc-34"/>
      </symbol>
      <symbol id="sm-4ef">
         <name>vPortSVCHandler</name>
         <value>0x4c09</value>
         <object_component_ref idref="oc-34"/>
      </symbol>
      <symbol id="sm-51b">
         <name>Task_ADC_CAP</name>
         <value>0x3b59</value>
         <object_component_ref idref="oc-151"/>
      </symbol>
      <symbol id="sm-52c">
         <name>Task_Blinky</name>
         <value>0x503d</value>
         <object_component_ref idref="oc-145"/>
      </symbol>
      <symbol id="sm-53f">
         <name>Task_ReportSysTick</name>
         <value>0x4ed5</value>
         <object_component_ref idref="oc-14b"/>
      </symbol>
      <symbol id="sm-577">
         <name>UARTConfigSetExpClk</name>
         <value>0x5209</value>
         <object_component_ref idref="oc-1d2"/>
      </symbol>
      <symbol id="sm-578">
         <name>UARTDisable</name>
         <value>0x53dd</value>
         <object_component_ref idref="oc-27f"/>
      </symbol>
      <symbol id="sm-579">
         <name>UARTCharPut</name>
         <value>0x5549</value>
         <object_component_ref idref="oc-1da"/>
      </symbol>
      <symbol id="sm-57a">
         <name>UARTEnable</name>
         <value>0x5459</value>
         <object_component_ref idref="oc-1d6"/>
      </symbol>
      <symbol id="sm-57b">
         <name>UARTCharGet</name>
         <value>0x553f</value>
         <object_component_ref idref="oc-1de"/>
      </symbol>
      <symbol id="sm-5fc">
         <name>SysCtlPeripheralPresent</name>
         <value>0x4cb5</value>
         <object_component_ref idref="oc-1ce"/>
      </symbol>
      <symbol id="sm-5fd">
         <name>SysCtlClockSet</name>
         <value>0x422d</value>
         <object_component_ref idref="oc-130"/>
      </symbol>
      <symbol id="sm-5fe">
         <name>SysCtlDelay</name>
         <value>0x556f</value>
         <object_component_ref idref="oc-1b8"/>
      </symbol>
      <symbol id="sm-5ff">
         <name>SysCtlPeripheralEnable</name>
         <value>0x4f8d</value>
         <object_component_ref idref="oc-1c2"/>
      </symbol>
      <symbol id="sm-600">
         <name>SysCtlClockGet</name>
         <value>0x4095</value>
         <object_component_ref idref="oc-134"/>
      </symbol>
      <symbol id="sm-634">
         <name>SSIDataPut</name>
         <value>0x5521</value>
         <object_component_ref idref="oc-2aa"/>
      </symbol>
      <symbol id="sm-635">
         <name>SSIDataGetNonBlocking</name>
         <value>0x54dd</value>
         <object_component_ref idref="oc-2c1"/>
      </symbol>
      <symbol id="sm-636">
         <name>SSIConfigSetExpClk</name>
         <value>0x51c5</value>
         <object_component_ref idref="oc-2b5"/>
      </symbol>
      <symbol id="sm-637">
         <name>SSIEnable</name>
         <value>0x5535</value>
         <object_component_ref idref="oc-2bd"/>
      </symbol>
      <symbol id="sm-638">
         <name>SSIBusy</name>
         <value>0x5553</value>
         <object_component_ref idref="oc-2a6"/>
      </symbol>
      <symbol id="sm-639">
         <name>SSIDisable</name>
         <value>0x552b</value>
         <object_component_ref idref="oc-2b1"/>
      </symbol>
      <symbol id="sm-685">
         <name>GPIOPinTypeGPIOInput</name>
         <value>0x5495</value>
         <object_component_ref idref="oc-226"/>
      </symbol>
      <symbol id="sm-686">
         <name>GPIOPinTypeUART</name>
         <value>0x54cb</value>
         <object_component_ref idref="oc-1c6"/>
      </symbol>
      <symbol id="sm-687">
         <name>GPIOPinTypeGPIOOutput</name>
         <value>0x54a7</value>
         <object_component_ref idref="oc-1fa"/>
      </symbol>
      <symbol id="sm-688">
         <name>GPIOPinRead</name>
         <value>0x5563</value>
         <object_component_ref idref="oc-202"/>
      </symbol>
      <symbol id="sm-689">
         <name>GPIODirModeSet</name>
         <value>0x5337</value>
         <object_component_ref idref="oc-277"/>
      </symbol>
      <symbol id="sm-68a">
         <name>GPIOPinWrite</name>
         <value>0x5569</value>
         <object_component_ref idref="oc-206"/>
      </symbol>
      <symbol id="sm-68b">
         <name>GPIOPadConfigSet</name>
         <value>0x488d</value>
         <object_component_ref idref="oc-1fe"/>
      </symbol>
      <symbol id="sm-68c">
         <name>GPIOPinTypeSSI</name>
         <value>0x54b9</value>
         <object_component_ref idref="oc-2b9"/>
      </symbol>
      <symbol id="sm-6c9">
         <name>ADCProcessorTrigger</name>
         <value>0x542d</value>
         <object_component_ref idref="oc-22a"/>
      </symbol>
      <symbol id="sm-6ca">
         <name>ADCSequenceEnable</name>
         <value>0x54ef</value>
         <object_component_ref idref="oc-222"/>
      </symbol>
      <symbol id="sm-6cb">
         <name>ADCSequenceConfigure</name>
         <value>0x5393</value>
         <object_component_ref idref="oc-21a"/>
      </symbol>
      <symbol id="sm-6cc">
         <name>ADCSequenceStepConfigure</name>
         <value>0x4d9d</value>
         <object_component_ref idref="oc-21e"/>
      </symbol>
      <symbol id="sm-6cd">
         <name>ADCIntClear</name>
         <value>0x5517</value>
         <object_component_ref idref="oc-236"/>
      </symbol>
      <symbol id="sm-6ce">
         <name>ADCIntStatus</name>
         <value>0x5309</value>
         <object_component_ref idref="oc-22e"/>
      </symbol>
      <symbol id="sm-6cf">
         <name>ADCSequenceDataGet</name>
         <value>0x53bd</value>
         <object_component_ref idref="oc-232"/>
      </symbol>
      <symbol id="sm-6df">
         <name>_c_int00</name>
         <value>0x524d</value>
         <object_component_ref idref="oc-24"/>
      </symbol>
      <symbol id="sm-6e0">
         <name>__stack</name>
         <value>0x2000c718</value>
         <object_component_ref idref="oc-2a"/>
      </symbol>
      <symbol id="sm-6f7">
         <name>__TI_decompress_none</name>
         <value>0x54fd</value>
         <object_component_ref idref="oc-12"/>
      </symbol>
      <symbol id="sm-71f">
         <name>__TI_decompress_rle24</name>
         <value>0x5575</value>
         <object_component_ref idref="oc-18"/>
      </symbol>
      <symbol id="sm-741">
         <name>C$$EXIT</name>
         <value>0x5091</value>
         <object_component_ref idref="oc-7f"/>
      </symbol>
      <symbol id="sm-742">
         <name>abort</name>
         <value>0x5095</value>
         <object_component_ref idref="oc-7f"/>
      </symbol>
      <symbol id="sm-743">
         <name>exit</name>
         <value>0x509d</value>
         <object_component_ref idref="oc-7f"/>
      </symbol>
      <symbol id="sm-744">
         <name>__TI_dtors_ptr</name>
         <value>0x2000cf48</value>
         <object_component_ref idref="oc-d7"/>
      </symbol>
      <symbol id="sm-745">
         <name>__TI_cleanup_ptr</name>
         <value>0x2000cf44</value>
         <object_component_ref idref="oc-d7"/>
      </symbol>
      <symbol id="sm-746">
         <name>__TI_enable_exit_profile_output</name>
         <value>0x2000cf4c</value>
         <object_component_ref idref="oc-d7"/>
      </symbol>
      <symbol id="sm-761">
         <name>memcpy</name>
         <value>0x4a11</value>
         <object_component_ref idref="oc-42"/>
      </symbol>
      <symbol id="sm-762">
         <name>__aeabi_memcpy</name>
         <value>0x4a11</value>
         <object_component_ref idref="oc-42"/>
      </symbol>
      <symbol id="sm-763">
         <name>__aeabi_memcpy8</name>
         <value>0x4a11</value>
         <object_component_ref idref="oc-42"/>
      </symbol>
      <symbol id="sm-764">
         <name>__aeabi_memcpy4</name>
         <value>0x4a11</value>
         <object_component_ref idref="oc-42"/>
      </symbol>
      <symbol id="sm-773">
         <name>__aeabi_memset</name>
         <value>0x4c3b</value>
         <object_component_ref idref="oc-5b"/>
      </symbol>
      <symbol id="sm-774">
         <name>memset</name>
         <value>0x4c41</value>
         <object_component_ref idref="oc-5b"/>
      </symbol>
      <symbol id="sm-775">
         <name>__aeabi_memset8</name>
         <value>0x4c3b</value>
         <object_component_ref idref="oc-5b"/>
      </symbol>
      <symbol id="sm-776">
         <name>__aeabi_memset4</name>
         <value>0x4c3b</value>
         <object_component_ref idref="oc-5b"/>
      </symbol>
      <symbol id="sm-777">
         <name>__aeabi_memclr8</name>
         <value>0x4c39</value>
         <object_component_ref idref="oc-5b"/>
      </symbol>
      <symbol id="sm-778">
         <name>__aeabi_memclr4</name>
         <value>0x4c39</value>
         <object_component_ref idref="oc-5b"/>
      </symbol>
      <symbol id="sm-779">
         <name>__aeabi_memclr</name>
         <value>0x4c39</value>
         <object_component_ref idref="oc-5b"/>
      </symbol>
      <symbol id="sm-783">
         <name>__mpu_init</name>
         <value>0x4cb3</value>
         <object_component_ref idref="oc-67"/>
      </symbol>
      <symbol id="sm-78d">
         <name>_system_pre_init</name>
         <value>0x557b</value>
         <object_component_ref idref="oc-6d"/>
      </symbol>
      <symbol id="sm-7a6">
         <name>sprintf</name>
         <value>0x4e75</value>
         <object_component_ref idref="oc-212"/>
      </symbol>
      <symbol id="sm-7ae">
         <name>main_func_sp</name>
         <value>0x2000cf80</value>
         <object_component_ref idref="oc-85"/>
      </symbol>
      <symbol id="sm-7bd">
         <name>__aeabi_uidivmod</name>
         <value>0x528d</value>
         <object_component_ref idref="oc-1eb"/>
      </symbol>
      <symbol id="sm-7be">
         <name>__aeabi_uidiv</name>
         <value>0x528d</value>
         <object_component_ref idref="oc-1eb"/>
      </symbol>
      <symbol id="sm-7d7">
         <name>_nop</name>
         <value>0x547b</value>
         <object_component_ref idref="oc-161"/>
      </symbol>
      <symbol id="sm-7d8">
         <name>_lock</name>
         <value>0x2000cf50</value>
         <object_component_ref idref="oc-da"/>
      </symbol>
      <symbol id="sm-7d9">
         <name>_unlock</name>
         <value>0x2000cf54</value>
         <object_component_ref idref="oc-da"/>
      </symbol>
      <symbol id="sm-7da">
         <name>_register_lock</name>
         <value>0x5473</value>
         <object_component_ref idref="oc-161"/>
      </symbol>
      <symbol id="sm-7db">
         <name>_register_unlock</name>
         <value>0x546d</value>
         <object_component_ref idref="oc-161"/>
      </symbol>
      <symbol id="sm-8e2">
         <name>__TI_printfi</name>
         <value>0xfeb</value>
         <object_component_ref idref="oc-2d9"/>
      </symbol>
      <symbol id="sm-8f6">
         <name>_args_main</name>
         <value>0x5415</value>
         <object_component_ref idref="oc-79"/>
      </symbol>
      <symbol id="sm-90c">
         <name>atoi</name>
         <value>0x50e5</value>
         <object_component_ref idref="oc-36c"/>
      </symbol>
      <symbol id="sm-931">
         <name>__TI_auto_init</name>
         <value>0x4d2d</value>
         <object_component_ref idref="oc-73"/>
      </symbol>
      <symbol id="sm-94b">
         <name>copy_in</name>
         <value>0x5131</value>
         <object_component_ref idref="oc-c1"/>
      </symbol>
      <symbol id="sm-956">
         <name>_ctypes_</name>
         <value>0x5760</value>
         <object_component_ref idref="oc-3ab"/>
      </symbol>
      <symbol id="sm-96d">
         <name>__aeabi_dsub</name>
         <value>0x3edd</value>
         <object_component_ref idref="oc-34f"/>
      </symbol>
      <symbol id="sm-96e">
         <name>__aeabi_dadd</name>
         <value>0x3ee7</value>
         <object_component_ref idref="oc-34f"/>
      </symbol>
      <symbol id="sm-990">
         <name>__aeabi_cdcmpeq</name>
         <value>0x4aad</value>
         <object_component_ref idref="oc-32b"/>
      </symbol>
      <symbol id="sm-991">
         <name>__aeabi_cdcmple</name>
         <value>0x4aad</value>
         <object_component_ref idref="oc-32b"/>
      </symbol>
      <symbol id="sm-992">
         <name>__aeabi_cdrcmple</name>
         <value>0x4b33</value>
         <object_component_ref idref="oc-33a"/>
      </symbol>
      <symbol id="sm-9a6">
         <name>__aeabi_ddiv</name>
         <value>0x4371</value>
         <object_component_ref idref="oc-335"/>
      </symbol>
      <symbol id="sm-9b1">
         <name>__aeabi_dmul</name>
         <value>0x45d1</value>
         <object_component_ref idref="oc-330"/>
      </symbol>
      <symbol id="sm-9bb">
         <name>__aeabi_d2iz</name>
         <value>0x517d</value>
         <object_component_ref idref="oc-33f"/>
      </symbol>
      <symbol id="sm-9c5">
         <name>__aeabi_idiv0</name>
         <value>0x4093</value>
         <object_component_ref idref="oc-28e"/>
      </symbol>
      <symbol id="sm-9cf">
         <name>__aeabi_i2d</name>
         <value>0x5365</value>
         <object_component_ref idref="oc-34a"/>
      </symbol>
      <symbol id="sm-9de">
         <name>ltoa</name>
         <value>0x4fe5</value>
         <object_component_ref idref="oc-344"/>
      </symbol>
      <symbol id="sm-9ee">
         <name>memccpy</name>
         <value>0x53f9</value>
         <object_component_ref idref="oc-366"/>
      </symbol>
      <symbol id="sm-a07">
         <name>frexpl</name>
         <value>0x4f31</value>
         <object_component_ref idref="oc-354"/>
      </symbol>
      <symbol id="sm-a08">
         <name>frexp</name>
         <value>0x4f31</value>
         <object_component_ref idref="oc-354"/>
      </symbol>
      <symbol id="sm-a26">
         <name>scalbn</name>
         <value>0x47bd</value>
         <object_component_ref idref="oc-35a"/>
      </symbol>
      <symbol id="sm-a27">
         <name>scalbnl</name>
         <value>0x47bd</value>
         <object_component_ref idref="oc-35a"/>
      </symbol>
      <symbol id="sm-a28">
         <name>ldexpl</name>
         <value>0x47bd</value>
         <object_component_ref idref="oc-35a"/>
      </symbol>
      <symbol id="sm-a29">
         <name>ldexp</name>
         <value>0x47bd</value>
         <object_component_ref idref="oc-35a"/>
      </symbol>
      <symbol id="sm-a33">
         <name>_system_post_cinit</name>
         <value>0x4e73</value>
         <object_component_ref idref="oc-c7"/>
      </symbol>
      <symbol id="sm-a43">
         <name>strchr</name>
         <value>0x5443</value>
         <object_component_ref idref="oc-360"/>
      </symbol>
      <symbol id="sm-a51">
         <name>strlen</name>
         <value>0x5481</value>
         <object_component_ref idref="oc-325"/>
      </symbol>
      <symbol id="sm-a6d">
         <name>__aeabi_uldivmod</name>
         <value>0x3965</value>
         <object_component_ref idref="oc-320"/>
      </symbol>
      <symbol id="sm-a75">
         <name>errno</name>
         <value>0x2000cf7c</value>
         <object_component_ref idref="oc-3a2"/>
      </symbol>
      <symbol id="sm-a7f">
         <name>copysign</name>
         <value>0x555b</value>
         <object_component_ref idref="oc-39c"/>
      </symbol>
      <symbol id="sm-a80">
         <name>copysignl</name>
         <value>0x555b</value>
         <object_component_ref idref="oc-39c"/>
      </symbol>
      <symbol id="sm-a81">
         <name>__TI_static_base__</name>
         <value>0x0</value>
      </symbol>
      <symbol id="sm-a84">
         <name>SHT$$INIT_ARRAY$$Limit</name>
         <value>0x0</value>
      </symbol>
      <symbol id="sm-a85">
         <name>SHT$$INIT_ARRAY$$Base</name>
         <value>0x0</value>
      </symbol>
   </symbol_table>
   <title>Link successful</title>
</link_info>
