******************************************************************************
                  TI ARM Linker PC v15.12.1                    
******************************************************************************
>> Linked Wed Nov 29 14:19:32 2017

OUTPUT FILE NAME:   <FreeRTOS_LM3S1968_TOD.out>
ENTRY POINT SYMBOL: "_c_int00"  address: 000051f1


MEMORY CONFIGURATION

         name            origin    length      used     unused   attr    fill
----------------------  --------  ---------  --------  --------  ----  --------
  FLASH                 00000000   00040000  000059e8  0003a618  R  X
  SRAM                  20000000   00010000  0000d094  00002f6c  RW X


SEGMENT ALLOCATION MAP

run origin  load origin   length   init length attrs members
----------  ----------- ---------- ----------- ----- -------
00000000    00000000    000059ec   000059ec    r-x
  00000000    00000000    00000200   00000200    r-- .intvecs
  00000200    00000200    00005302   00005302    r-x .text
  00005504    00005504    0000048a   0000048a    r-- .const
  00005990    00005990    0000005c   0000005c    r-- .cinit
20000000    20000000    0000d098   00000000    rw-
  20000000    20000000    0000026c   00000000    rw- .vtable
  20000270    20000270    0000c5a8   00000000    rw- .bss
  2000c818    2000c818    00000800   00000000    rw- .stack
  2000d018    2000d018    00000080   00000000    rw- .data


SECTION ALLOCATION MAP

 output                                  attributes/
section   page    origin      length       input sections
--------  ----  ----------  ----------   ----------------
.intvecs   0    00000000    00000200     
                  00000000    00000200     FreeRTOS_LM3S_Startup.obj (.intvecs)

.text      0    00000200    00005302     
                  00000200    000010f0     rtsv7M3_T_le_eabi.lib : _printfi.obj (.text)
                  000012f0    00000ea0     tasks.obj (.text)
                  00002190    00000914     queue.obj (.text)
                  00002aa4    00000528     timers.obj (.text)
                  00002fcc    00000510     rit128x96x4.obj (.text)
                  000034dc    00000488     uartstdio.obj (.text)
                  00003964    000001f4     rtsv7M3_T_le_eabi.lib : ull_div_t2.obj (.text)
                  00003b58    000001b8     heap_2.obj (.text)
                  00003d10    000001b6     rtsv7M3_T_le_eabi.lib : fd_add_t2.obj (.text)
                  00003ec6    00000002                           : i_div0.obj (.text)
                  00003ec8    00000198     driverlib-cm3.lib : sysctl.obj (.text:SysCtlClockGet)
                  00004060    00000174     Task_TimeOfDay.obj (.text)
                  000041d4    00000144     driverlib-cm3.lib : sysctl.obj (.text:SysCtlClockSet)
                  00004318    00000136     rtsv7M3_T_le_eabi.lib : fd_div_t2.obj (.text)
                  0000444e    0000012a     list.obj (.text)
                  00004578    000000fc     rtsv7M3_T_le_eabi.lib : fd_mul_t2.obj (.text)
                  00004674    000000f0     port.obj (.text)
                  00004764    000000d0     rtsv7M3_T_le_eabi.lib : s_scalbn.obj (.text)
                  00004834    000000c8     driverlib-cm3.lib : gpio.obj (.text:GPIOPadConfigSet)
                  000048fc    000000c0     Main_TOD.obj (.text)
                  000049bc    0000009c     rtsv7M3_T_le_eabi.lib : memcpy_t2.obj (.text)
                  00004a58    00000086                           : fd_cmp_t2.obj (.text:__aeabi_cdcmple)
                  00004ade    00000086                           : fd_cmp_t2.obj (.text:__aeabi_cdrcmple)
                  00004b64    00000080     portasm.obj (.text)
                  00004be4    0000007a     rtsv7M3_T_le_eabi.lib : memset_t2.obj (.text)
                  00004c5e    00000002                           : mpu_init.obj (.text)
                  00004c60    00000078     driverlib-cm3.lib : sysctl.obj (.text:SysCtlPeripheralPresent)
                  00004cd8    00000070     rtsv7M3_T_le_eabi.lib : autoinit.obj (.text)
                  00004d48    0000006a                           : copy_decompress_rle.obj (.text)
                  00004db2    00000002                           : startup.obj (.text)
                  00004db4    00000064     driverlib-cm3.lib : interrupt.obj (.text:IntEnable)
                  00004e18    00000060     rtsv7M3_T_le_eabi.lib : sprintf.obj (.text)
                  00004e78    0000005c     Task_ReportSysTick.obj (.text)
                  00004ed4    0000005c     rtsv7M3_T_le_eabi.lib : s_frexp.obj (.text)
                  00004f30    00000058     driverlib-cm3.lib : sysctl.obj (.text:SysCtlPeripheralEnable)
                  00004f88    00000056     rtsv7M3_T_le_eabi.lib : ltoa.obj (.text)
                  00004fde    00000002     --HOLE-- [fill = 0]
                  00004fe0    00000054     Task_Blinky.obj (.text)
                  00005034    00000054     rtsv7M3_T_le_eabi.lib : exit.obj (.text)
                  00005088    0000004c                           : atoi.obj (.text)
                  000050d4    0000004c                           : cpy_tbl.obj (.text)
                  00005120    00000048                           : fd_toi_t2.obj (.text)
                  00005168    00000044     driverlib-cm3.lib : ssi.obj (.text:SSIConfigSetExpClk)
                  000051ac    00000042                       : uart.obj (.text:UARTConfigSetExpClk)
                  000051ee    00000002     --HOLE-- [fill = 0]
                  000051f0    00000040     rtsv7M3_T_le_eabi.lib : boot.obj (.text)
                  00005230    00000040                           : u_divt2.obj (.text)
                  00005270    0000003c     UARTStdio_Initialization_LM3S1968.obj (.text)
                  000052ac    00000034     driverlib-cm3.lib : interrupt.obj (.text:IntRegister)
                  000052e0    0000002e                       : gpio.obj (.text:GPIODirModeSet)
                  0000530e    0000002e     rtsv7M3_T_le_eabi.lib : i_tofd_t2.obj (.text)
                  0000533c    00000024     driverlib-cm3.lib : timer.obj (.text:TimerConfigure)
                  00005360    0000001c                       : uart.obj (.text:UARTDisable)
                  0000537c    0000001a     rtsv7M3_T_le_eabi.lib : memccpy.obj (.text)
                  00005396    00000002     --HOLE-- [fill = 0]
                  00005398    00000018                           : args_main.obj (.text)
                  000053b0    00000016                           : strchr.obj (.text)
                  000053c6    00000014     driverlib-cm3.lib : uart.obj (.text:UARTEnable)
                  000053da    00000002     --HOLE-- [fill = 0]
                  000053dc    00000014     rtsv7M3_T_le_eabi.lib : _lock.obj (.text)
                  000053f0    00000014                           : strlen.obj (.text)
                  00005404    00000012     driverlib-cm3.lib : gpio.obj (.text:GPIOPinTypeGPIOOutput)
                  00005416    00000012                       : gpio.obj (.text:GPIOPinTypeSSI)
                  00005428    00000012                       : gpio.obj (.text:GPIOPinTypeUART)
                  0000543a    00000012                       : ssi.obj (.text:SSIDataGetNonBlocking)
                  0000544c    00000012                       : timer.obj (.text:TimerLoadSet)
                  0000545e    00000012                       : timer.obj (.text:TimerPrescaleSet)
                  00005470    0000000e                       : timer.obj (.text:TimerEnable)
                  0000547e    0000000e     rtsv7M3_T_le_eabi.lib : copy_decompress_none.obj (.text:decompress:none)
                  0000548c    0000000c     FreeRTOS_LM3S_Startup.obj (.text)
                  00005498    0000000a     driverlib-cm3.lib : ssi.obj (.text:SSIDataPut)
                  000054a2    0000000a                       : ssi.obj (.text:SSIDisable)
                  000054ac    0000000a                       : ssi.obj (.text:SSIEnable)
                  000054b6    0000000a                       : uart.obj (.text:UARTCharGet)
                  000054c0    0000000a                       : uart.obj (.text:UARTCharPut)
                  000054ca    00000008                       : ssi.obj (.text:SSIBusy)
                  000054d2    00000008                       : timer.obj (.text:TimerIntEnable)
                  000054da    00000008     rtsv7M3_T_le_eabi.lib : s_copysign.obj (.text)
                  000054e2    00000006     driverlib-cm3.lib : gpio.obj (.text:GPIOPinRead)
                  000054e8    00000006                       : gpio.obj (.text:GPIOPinWrite)
                  000054ee    00000006                       : sysctl.obj (.text:SysCtlDelay)
                  000054f4    00000006     rtsv7M3_T_le_eabi.lib : copy_decompress_rle.obj (.text:decompress:rle24)
                  000054fa    00000004     driverlib-cm3.lib : timer.obj (.text:TimerIntClear)
                  000054fe    00000004     rtsv7M3_T_le_eabi.lib : pre_init.obj (.text)

.const     0    00005504    0000048a     
                  00005504    000001e0     rit128x96x4.obj (.const:g_pucFont)
                  000056e4    00000101     rtsv7M3_T_le_eabi.lib : ctype.obj (.const:.string:_ctypes_)
                  000057e5    00000003     rit128x96x4.obj (.const:.string:pucCommand1$1)
                  000057e8    00000070     driverlib-cm3.lib : interrupt.obj (.const)
                  00005858    0000006c                       : sysctl.obj (.const:g_pulXtals)
                  000058c4    0000004f     rit128x96x4.obj (.const:.string:g_pucRIT128x96x4Init)
                  00005913    00000001     --HOLE-- [fill = 0]
                  00005914    00000040     driverlib-cm3.lib : sysctl.obj (.const)
                  00005954    00000012     uartstdio.obj (.const:.string)
                  00005966    00000002     rit128x96x4.obj (.const:.string:g_pucRIT128x96x4HorizontalInc)
                  00005968    0000000c     uartstdio.obj (.const:g_ulUARTBase)
                  00005974    0000000c     uartstdio.obj (.const:g_ulUARTPeriph)
                  00005980    00000004     uartstdio.obj (.const)
                  00005984    00000003     rit128x96x4.obj (.const:.string:pucCommand2$2)
                  00005987    00000002     rit128x96x4.obj (.const:.string:g_pucRIT128x96x4VerticalInc)
                  00005989    00000002     rit128x96x4.obj (.const:.string:pucCommand1$3)
                  0000598b    00000001     --HOLE-- [fill = 0]
                  0000598c    00000002     heap_2.obj (.const)

.cinit     0    00005990    0000005c     
                  00005990    00000020     (.cinit..data.load) [load image, compression = rle]
                  000059b0    0000000b     (.cinit..bss.load) [load image, compression = rle]
                  000059bb    00000005     --HOLE-- [fill = 0]
                  000059c0    0000000b     (.cinit..vtable.load) [load image, compression = rle]
                  000059cb    00000001     --HOLE-- [fill = 0]
                  000059cc    00000008     (__TI_handler_table)
                  000059d4    00000018     (__TI_cinit_table)

.init_array 
*          0    00000000    00000000     UNINITIALIZED

.vtable    0    20000000    0000026c     UNINITIALIZED
                  20000000    0000026c     driverlib-cm3.lib : interrupt.obj (.vtable)

.bss       0    20000270    0000c5a8     UNINITIALIZED
                  20000270    0000c350     heap_2.obj (.bss:xHeap)
                  2000c5c0    00000100     FreeRTOS_LM3S_Startup.obj (.bss:pulStack)
                  2000c6c0    00000064     tasks.obj (.bss:pxReadyTasksLists)
                  2000c724    00000040     (.common:xQueueRegistry)
                  2000c764    00000018     (.common:TimeString)
                  2000c77c    00000014     timers.obj (.bss:xActiveTimerList1)
                  2000c790    00000014     timers.obj (.bss:xActiveTimerList2)
                  2000c7a4    00000014     tasks.obj (.bss:xDelayedTaskList1)
                  2000c7b8    00000014     tasks.obj (.bss:xDelayedTaskList2)
                  2000c7cc    00000014     tasks.obj (.bss:xPendingReadyList)
                  2000c7e0    00000008     rit128x96x4.obj (.bss:g_pucBuffer)
                  2000c7e8    00000008     tasks.obj (.bss)
                  2000c7f0    00000008     timers.obj (.bss)
                  2000c7f8    00000008     heap_2.obj (.bss:xEnd)
                  2000c800    00000008     heap_2.obj (.bss:xStart)
                  2000c808    00000004     rit128x96x4.obj (.bss)
                  2000c80c    00000004     (.common:Task1_Status)
                  2000c810    00000004     (.common:Timer_0_A_Semaphore)
                  2000c814    00000004     (.common:g_ulSystemClock)

.stack     0    2000c818    00000800     UNINITIALIZED
                  2000c818    00000800     --HOLE--

.data      0    2000d018    00000080     UNINITIALIZED
                  2000d018    0000002c     tasks.obj (.data)
                  2000d044    00000014     Task_TimeOfDay.obj (.data)
                  2000d058    0000000c     rtsv7M3_T_le_eabi.lib : exit.obj (.data:$O1$$)
                  2000d064    00000008                           : _lock.obj (.data:$O1$$)
                  2000d06c    00000008     heap_2.obj (.data)
                  2000d074    00000008     port.obj (.data)
                  2000d07c    00000008     timers.obj (.data)
                  2000d084    00000005     uartstdio.obj (.data)
                  2000d089    00000003     --HOLE--
                  2000d08c    00000004     UARTStdio_Initialization_LM3S1968.obj (.data)
                  2000d090    00000004     rtsv7M3_T_le_eabi.lib : errno.obj (.data)
                  2000d094    00000004                           : stkdepth_vars.obj (.data)

MODULE SUMMARY

       Module                                  code    ro data   rw data
       ------                                  ----    -------   -------
    .\
       heap_2.obj                              440     2         50024  
       FreeRTOS_LM3S_Startup.obj               12      512       256    
       Main_TOD.obj                            192     0         4      
    +--+---------------------------------------+-------+---------+---------+
       Total:                                  644     514       50284  
                                                                        
    .\Drivers\
       rit128x96x4.obj                         1296    571       12     
       uartstdio.obj                           1160    46        5      
       UARTStdio_Initialization_LM3S1968.obj   60      0         4      
    +--+---------------------------------------+-------+---------+---------+
       Total:                                  2516    617       21     
                                                                        
    .\Source\
       tasks.obj                               3744    0         212    
       queue.obj                               2324    0         64     
       timers.obj                              1320    0         56     
       list.obj                                298     0         0      
    +--+---------------------------------------+-------+---------+---------+
       Total:                                  7686    0         332    
                                                                        
    .\Source\portable\CCS\ARM_CM3\
       port.obj                                240     0         8      
       portasm.obj                             128     0         0      
    +--+---------------------------------------+-------+---------+---------+
       Total:                                  368     0         8      
                                                                        
    .\Tasks\
       Task_TimeOfDay.obj                      372     0         52     
       Task_ReportSysTick.obj                  92      0         0      
       Task_Blinky.obj                         84      0         0      
    +--+---------------------------------------+-------+---------+---------+
       Total:                                  548     0         52     
                                                                        
    C:/TI_CodeComposer/StellarisWare-LM3S1968/driverlib/ccs-cm3/Debug/driverlib-cm3.lib
       sysctl.obj                              946     172       0      
       interrupt.obj                           152     112       620    
       gpio.obj                                312     0         0      
       uart.obj                                134     0         0      
       ssi.obj                                 124     0         0      
       timer.obj                               98      0         0      
    +--+---------------------------------------+-------+---------+---------+
       Total:                                  1766    284       620    
                                                                        
    C:\TI_CodeComposer\ccsv6\tools\compiler\ti-cgt-arm_15.12.1.LTS\lib\rtsv7M3_T_le_eabi.lib
       _printfi.obj                            4336    0         0      
       ull_div_t2.obj                          500     0         0      
       fd_add_t2.obj                           438     0         0      
       fd_div_t2.obj                           310     0         0      
       fd_cmp_t2.obj                           268     0         0      
       ctype.obj                               0       257       0      
       fd_mul_t2.obj                           252     0         0      
       s_scalbn.obj                            208     0         0      
       memcpy_t2.obj                           156     0         0      
       memset_t2.obj                           122     0         0      
       autoinit.obj                            112     0         0      
       copy_decompress_rle.obj                 112     0         0      
       exit.obj                                84      0         12     
       sprintf.obj                             96      0         0      
       s_frexp.obj                             92      0         0      
       ltoa.obj                                86      0         0      
       atoi.obj                                76      0         0      
       cpy_tbl.obj                             76      0         0      
       fd_toi_t2.obj                           72      0         0      
       boot.obj                                64      0         0      
       u_divt2.obj                             64      0         0      
       i_tofd_t2.obj                           46      0         0      
       _lock.obj                               20      0         8      
       memccpy.obj                             26      0         0      
       args_main.obj                           24      0         0      
       strchr.obj                              22      0         0      
       strlen.obj                              20      0         0      
       copy_decompress_none.obj                14      0         0      
       s_copysign.obj                          8       0         0      
       errno.obj                               0       0         4      
       pre_init.obj                            4       0         0      
       stkdepth_vars.obj                       0       0         4      
       i_div0.obj                              2       0         0      
       mpu_init.obj                            2       0         0      
       startup.obj                             2       0         0      
    +--+---------------------------------------+-------+---------+---------+
       Total:                                  7714    257       28     
                                                                        
       Stack:                                  0       0         2048   
       Linker Generated:                       0       86        0      
    +--+---------------------------------------+-------+---------+---------+
       Grand Total:                            21242   1758      53393  


LINKER GENERATED COPY TABLES

__TI_cinit_table @ 000059d4 records: 3, size/record: 8, table size: 24
	.data: load addr=00005990, load size=00000020 bytes, run addr=2000d018, run size=00000080 bytes, compression=rle
	.bss: load addr=000059b0, load size=0000000b bytes, run addr=20000270, run size=0000c5a8 bytes, compression=rle
	.vtable: load addr=000059c0, load size=0000000b bytes, run addr=20000000, run size=0000026c bytes, compression=rle


LINKER GENERATED HANDLER TABLE

__TI_handler_table @ 000059cc records: 2, size/record: 4, table size: 8
	index: 0, handler: __TI_decompress_rle24
	index: 1, handler: __TI_decompress_none


GLOBAL SYMBOLS: SORTED ALPHABETICALLY BY Name 

address   name                             
-------   ----                             
00005035  C$$EXIT                          
000052e1  GPIODirModeSet                   
00004835  GPIOPadConfigSet                 
000054e3  GPIOPinRead                      
00005405  GPIOPinTypeGPIOOutput            
00005417  GPIOPinTypeSSI                   
00005429  GPIOPinTypeUART                  
000054e9  GPIOPinWrite                     
00004db5  IntEnable                        
000052ad  IntRegister                      
000030d5  RIT128x96x4Clear                 
00003353  RIT128x96x4Disable               
000034a5  RIT128x96x4DisplayOff            
00003471  RIT128x96x4DisplayOn             
000032f9  RIT128x96x4Enable                
00003271  RIT128x96x4ImageDraw             
000033cd  RIT128x96x4Init                  
00003131  RIT128x96x4StringDraw            
0000548d  ResetISR                         
UNDEFED   SHT$$INIT_ARRAY$$Base            
UNDEFED   SHT$$INIT_ARRAY$$Limit           
000054cb  SSIBusy                          
00005169  SSIConfigSetExpClk               
0000543b  SSIDataGetNonBlocking            
00005499  SSIDataPut                       
000054a3  SSIDisable                       
000054ad  SSIEnable                        
00003ec9  SysCtlClockGet                   
000041d5  SysCtlClockSet                   
000054ef  SysCtlDelay                      
00004f31  SysCtlPeripheralEnable           
00004c61  SysCtlPeripheralPresent          
2000c80c  Task1_Status                     
00004fe1  Task_Blinky                      
00004e79  Task_ReportSysTick               
00004083  Task_TimeOfDay                   
2000d044  TimeCount                        
2000c764  TimeString                       
0000533d  TimerConfigure                   
00005471  TimerEnable                      
000054fb  TimerIntClear                    
000054d3  TimerIntEnable                   
0000544d  TimerLoadSet                     
0000545f  TimerPrescaleSet                 
2000c810  Timer_0_A_Semaphore              
00004061  Timer_ISR                        
000054b7  UARTCharGet                      
000054c1  UARTCharPut                      
000051ad  UARTConfigSetExpClk              
00005361  UARTDisable                      
000053c7  UARTEnable                       
000034dd  UARTStdioInit                    
000034ed  UARTStdioInitExpClk              
2000d08c  UARTStdioInitFlag                
00005271  UARTStdio_Initialization         
00003633  UARTgetc                         
0000357b  UARTgets                         
00003659  UARTprintf                       
00003535  UARTwrite                        
2000d018  __STACK_END                      
00000800  __STACK_SIZE                     
2000ca18  __STACK_TOP                      
000059d4  __TI_CINIT_Base                  
000059ec  __TI_CINIT_Limit                 
000059cc  __TI_Handler_Table_Base          
000059d4  __TI_Handler_Table_Limit         
00004cd9  __TI_auto_init                   
2000d058  __TI_cleanup_ptr                 
0000547f  __TI_decompress_none             
000054f5  __TI_decompress_rle24            
2000d05c  __TI_dtors_ptr                   
2000d060  __TI_enable_exit_profile_output  
ffffffff  __TI_pprof_out_hndl              
00000feb  __TI_printfi                     
ffffffff  __TI_prof_data_size              
ffffffff  __TI_prof_data_start             
00000000  __TI_static_base__               
00004a59  __aeabi_cdcmpeq                  
00004a59  __aeabi_cdcmple                  
00004adf  __aeabi_cdrcmple                 
00005121  __aeabi_d2iz                     
00003d1b  __aeabi_dadd                     
00004319  __aeabi_ddiv                     
00004579  __aeabi_dmul                     
00003d11  __aeabi_dsub                     
0000530f  __aeabi_i2d                      
00003ec7  __aeabi_idiv0                    
00004be5  __aeabi_memclr                   
00004be5  __aeabi_memclr4                  
00004be5  __aeabi_memclr8                  
000049bd  __aeabi_memcpy                   
000049bd  __aeabi_memcpy4                  
000049bd  __aeabi_memcpy8                  
00004be7  __aeabi_memset                   
00004be7  __aeabi_memset4                  
00004be7  __aeabi_memset8                  
00005231  __aeabi_uidiv                    
00005231  __aeabi_uidivmod                 
00003965  __aeabi_uldivmod                 
ffffffff  __binit__                        
ffffffff  __c_args__                       
00004c5f  __mpu_init                       
2000c818  __stack                          
00005399  _args_main                       
000051f1  _c_int00                         
000056e4  _ctypes_                         
2000d064  _lock                            
000053eb  _nop                             
000053e3  _register_lock                   
000053dd  _register_unlock                 
00004db3  _system_post_cinit               
000054ff  _system_pre_init                 
2000d068  _unlock                          
00005039  abort                            
00005089  atoi                             
ffffffff  binit                            
000050d5  copy_in                          
000054db  copysign                         
000054db  copysignl                        
2000d090  errno                            
00005041  exit                             
00004ed5  frexp                            
00004ed5  frexpl                           
20000000  g_pfnRAMVectors                  
00000000  g_pfnVectors                     
2000c814  g_ulSystemClock                  
00004765  ldexp                            
00004765  ldexpl                           
00004f89  ltoa                             
000048fd  main                             
2000d094  main_func_sp                     
0000537d  memccpy                          
000049bd  memcpy                           
00004bed  memset                           
00002ba1  pcTimerGetTimerName              
00003b59  pvPortMalloc                     
00001d51  pvTaskIncrementMutexHeldCount    
00002f7d  pvTimerGetTimerID                
2000d018  pxCurrentTCB                     
00004675  pxPortInitialiseStack            
00004765  scalbn                           
00004765  scalbnl                          
00004e19  sprintf                          
000053b1  strchr                           
000053f1  strlen                           
00004ba1  ulPortSetInterruptMask           
00001d81  ulTaskNotifyTake                 
00004531  uxListRemove                     
00002771  uxQueueMessagesWaiting           
000027a7  uxQueueMessagesWaitingFromISR    
00002787  uxQueueSpacesAvailable           
00001635  uxTaskGetNumberOfTasks           
00001d2b  uxTaskResetEventItemValue        
0000444f  vListInitialise                  
0000447f  vListInitialiseItem              
000044cb  vListInsert                      
0000448f  vListInsertEnd                   
00004baf  vPortClearInterruptMask          
000046e5  vPortEndScheduler                
000046f1  vPortEnterCritical               
00004701  vPortExitCritical                
00003c85  vPortFree                        
00003ced  vPortInitialiseBlocks            
00004bb5  vPortSVCHandler                  
0000473d  vPortSetupTimerInterrupt         
00004bd3  vPortStartFirstTask              
000046e7  vPortYieldFromISR                
000029cd  vQueueAddToRegistry              
000027b9  vQueueDelete                     
00002a0f  vQueueUnregisterQueue            
00002a49  vQueueWaitForMessageRestricted   
00001481  vTaskDelay                       
000013f5  vTaskDelayUntil                  
0000151b  vTaskEndScheduler                
000019ff  vTaskMissedYield                 
000020a1  vTaskNotifyGiveFromISR           
000017a9  vTaskPlaceOnEventList            
00001831  vTaskPlaceOnEventListRestricted  
000017e1  vTaskPlaceOnUnorderedEventList   
00001c0d  vTaskPriorityInherit             
00001973  vTaskSetTimeOutState             
000014c1  vTaskStartScheduler              
0000152d  vTaskSuspendAll                  
00001729  vTaskSwitchContext               
00002f97  vTimerSetTimerID                 
00003ce7  xPortGetFreeHeapSize             
00004b65  xPortPendSVHandler               
000046bd  xPortStartScheduler              
2000d078  xPortSysTickCount                
00004719  xPortSysTickHandler              
00002375  xQueueCreateCountingSemaphore    
00002283  xQueueCreateMutex                
0000221d  xQueueGenericCreate              
0000257d  xQueueGenericReceive             
00002191  xQueueGenericReset               
00002395  xQueueGenericSend                
0000248d  xQueueGenericSendFromISR         
0000250b  xQueueGiveFromISR                
000022ef  xQueueGiveMutexRecursive         
00002969  xQueueIsQueueEmptyFromISR        
000029ab  xQueueIsQueueFullFromISR         
0000272d  xQueuePeekFromISR                
000026b5  xQueueReceiveFromISR             
2000c724  xQueueRegistry                   
0000232b  xQueueTakeMutexRecursive         
00001995  xTaskCheckForTimeOut             
000012f1  xTaskGenericCreate               
00001ec9  xTaskGenericNotify               
00001fa9  xTaskGenericNotifyFromISR        
00001bd1  xTaskGetCurrentTaskHandle        
00001be1  xTaskGetSchedulerState           
00001609  xTaskGetTickCount                
00001621  xTaskGetTickCountFromISR         
00001641  xTaskIncrementTick               
0000213d  xTaskNotifyStateClear            
00001e19  xTaskNotifyWait                  
00001cab  xTaskPriorityDisinherit          
00001875  xTaskRemoveFromEventList         
000018fd  xTaskRemoveFromUnorderedEventList
00001537  xTaskResumeAll                   
00002adf  xTimerCreate                     
00002aa5  xTimerCreateTimerTask            
00002b33  xTimerGenericCommand             
00002f51  xTimerIsTimerActive              


GLOBAL SYMBOLS: SORTED BY Symbol Address 

address   name                             
-------   ----                             
00000000  __TI_static_base__               
00000000  g_pfnVectors                     
00000800  __STACK_SIZE                     
00000feb  __TI_printfi                     
000012f1  xTaskGenericCreate               
000013f5  vTaskDelayUntil                  
00001481  vTaskDelay                       
000014c1  vTaskStartScheduler              
0000151b  vTaskEndScheduler                
0000152d  vTaskSuspendAll                  
00001537  xTaskResumeAll                   
00001609  xTaskGetTickCount                
00001621  xTaskGetTickCountFromISR         
00001635  uxTaskGetNumberOfTasks           
00001641  xTaskIncrementTick               
00001729  vTaskSwitchContext               
000017a9  vTaskPlaceOnEventList            
000017e1  vTaskPlaceOnUnorderedEventList   
00001831  vTaskPlaceOnEventListRestricted  
00001875  xTaskRemoveFromEventList         
000018fd  xTaskRemoveFromUnorderedEventList
00001973  vTaskSetTimeOutState             
00001995  xTaskCheckForTimeOut             
000019ff  vTaskMissedYield                 
00001bd1  xTaskGetCurrentTaskHandle        
00001be1  xTaskGetSchedulerState           
00001c0d  vTaskPriorityInherit             
00001cab  xTaskPriorityDisinherit          
00001d2b  uxTaskResetEventItemValue        
00001d51  pvTaskIncrementMutexHeldCount    
00001d81  ulTaskNotifyTake                 
00001e19  xTaskNotifyWait                  
00001ec9  xTaskGenericNotify               
00001fa9  xTaskGenericNotifyFromISR        
000020a1  vTaskNotifyGiveFromISR           
0000213d  xTaskNotifyStateClear            
00002191  xQueueGenericReset               
0000221d  xQueueGenericCreate              
00002283  xQueueCreateMutex                
000022ef  xQueueGiveMutexRecursive         
0000232b  xQueueTakeMutexRecursive         
00002375  xQueueCreateCountingSemaphore    
00002395  xQueueGenericSend                
0000248d  xQueueGenericSendFromISR         
0000250b  xQueueGiveFromISR                
0000257d  xQueueGenericReceive             
000026b5  xQueueReceiveFromISR             
0000272d  xQueuePeekFromISR                
00002771  uxQueueMessagesWaiting           
00002787  uxQueueSpacesAvailable           
000027a7  uxQueueMessagesWaitingFromISR    
000027b9  vQueueDelete                     
00002969  xQueueIsQueueEmptyFromISR        
000029ab  xQueueIsQueueFullFromISR         
000029cd  vQueueAddToRegistry              
00002a0f  vQueueUnregisterQueue            
00002a49  vQueueWaitForMessageRestricted   
00002aa5  xTimerCreateTimerTask            
00002adf  xTimerCreate                     
00002b33  xTimerGenericCommand             
00002ba1  pcTimerGetTimerName              
00002f51  xTimerIsTimerActive              
00002f7d  pvTimerGetTimerID                
00002f97  vTimerSetTimerID                 
000030d5  RIT128x96x4Clear                 
00003131  RIT128x96x4StringDraw            
00003271  RIT128x96x4ImageDraw             
000032f9  RIT128x96x4Enable                
00003353  RIT128x96x4Disable               
000033cd  RIT128x96x4Init                  
00003471  RIT128x96x4DisplayOn             
000034a5  RIT128x96x4DisplayOff            
000034dd  UARTStdioInit                    
000034ed  UARTStdioInitExpClk              
00003535  UARTwrite                        
0000357b  UARTgets                         
00003633  UARTgetc                         
00003659  UARTprintf                       
00003965  __aeabi_uldivmod                 
00003b59  pvPortMalloc                     
00003c85  vPortFree                        
00003ce7  xPortGetFreeHeapSize             
00003ced  vPortInitialiseBlocks            
00003d11  __aeabi_dsub                     
00003d1b  __aeabi_dadd                     
00003ec7  __aeabi_idiv0                    
00003ec9  SysCtlClockGet                   
00004061  Timer_ISR                        
00004083  Task_TimeOfDay                   
000041d5  SysCtlClockSet                   
00004319  __aeabi_ddiv                     
0000444f  vListInitialise                  
0000447f  vListInitialiseItem              
0000448f  vListInsertEnd                   
000044cb  vListInsert                      
00004531  uxListRemove                     
00004579  __aeabi_dmul                     
00004675  pxPortInitialiseStack            
000046bd  xPortStartScheduler              
000046e5  vPortEndScheduler                
000046e7  vPortYieldFromISR                
000046f1  vPortEnterCritical               
00004701  vPortExitCritical                
00004719  xPortSysTickHandler              
0000473d  vPortSetupTimerInterrupt         
00004765  ldexp                            
00004765  ldexpl                           
00004765  scalbn                           
00004765  scalbnl                          
00004835  GPIOPadConfigSet                 
000048fd  main                             
000049bd  __aeabi_memcpy                   
000049bd  __aeabi_memcpy4                  
000049bd  __aeabi_memcpy8                  
000049bd  memcpy                           
00004a59  __aeabi_cdcmpeq                  
00004a59  __aeabi_cdcmple                  
00004adf  __aeabi_cdrcmple                 
00004b65  xPortPendSVHandler               
00004ba1  ulPortSetInterruptMask           
00004baf  vPortClearInterruptMask          
00004bb5  vPortSVCHandler                  
00004bd3  vPortStartFirstTask              
00004be5  __aeabi_memclr                   
00004be5  __aeabi_memclr4                  
00004be5  __aeabi_memclr8                  
00004be7  __aeabi_memset                   
00004be7  __aeabi_memset4                  
00004be7  __aeabi_memset8                  
00004bed  memset                           
00004c5f  __mpu_init                       
00004c61  SysCtlPeripheralPresent          
00004cd9  __TI_auto_init                   
00004db3  _system_post_cinit               
00004db5  IntEnable                        
00004e19  sprintf                          
00004e79  Task_ReportSysTick               
00004ed5  frexp                            
00004ed5  frexpl                           
00004f31  SysCtlPeripheralEnable           
00004f89  ltoa                             
00004fe1  Task_Blinky                      
00005035  C$$EXIT                          
00005039  abort                            
00005041  exit                             
00005089  atoi                             
000050d5  copy_in                          
00005121  __aeabi_d2iz                     
00005169  SSIConfigSetExpClk               
000051ad  UARTConfigSetExpClk              
000051f1  _c_int00                         
00005231  __aeabi_uidiv                    
00005231  __aeabi_uidivmod                 
00005271  UARTStdio_Initialization         
000052ad  IntRegister                      
000052e1  GPIODirModeSet                   
0000530f  __aeabi_i2d                      
0000533d  TimerConfigure                   
00005361  UARTDisable                      
0000537d  memccpy                          
00005399  _args_main                       
000053b1  strchr                           
000053c7  UARTEnable                       
000053dd  _register_unlock                 
000053e3  _register_lock                   
000053eb  _nop                             
000053f1  strlen                           
00005405  GPIOPinTypeGPIOOutput            
00005417  GPIOPinTypeSSI                   
00005429  GPIOPinTypeUART                  
0000543b  SSIDataGetNonBlocking            
0000544d  TimerLoadSet                     
0000545f  TimerPrescaleSet                 
00005471  TimerEnable                      
0000547f  __TI_decompress_none             
0000548d  ResetISR                         
00005499  SSIDataPut                       
000054a3  SSIDisable                       
000054ad  SSIEnable                        
000054b7  UARTCharGet                      
000054c1  UARTCharPut                      
000054cb  SSIBusy                          
000054d3  TimerIntEnable                   
000054db  copysign                         
000054db  copysignl                        
000054e3  GPIOPinRead                      
000054e9  GPIOPinWrite                     
000054ef  SysCtlDelay                      
000054f5  __TI_decompress_rle24            
000054fb  TimerIntClear                    
000054ff  _system_pre_init                 
000056e4  _ctypes_                         
000059cc  __TI_Handler_Table_Base          
000059d4  __TI_CINIT_Base                  
000059d4  __TI_Handler_Table_Limit         
000059ec  __TI_CINIT_Limit                 
20000000  g_pfnRAMVectors                  
2000c724  xQueueRegistry                   
2000c764  TimeString                       
2000c80c  Task1_Status                     
2000c810  Timer_0_A_Semaphore              
2000c814  g_ulSystemClock                  
2000c818  __stack                          
2000ca18  __STACK_TOP                      
2000d018  __STACK_END                      
2000d018  pxCurrentTCB                     
2000d044  TimeCount                        
2000d058  __TI_cleanup_ptr                 
2000d05c  __TI_dtors_ptr                   
2000d060  __TI_enable_exit_profile_output  
2000d064  _lock                            
2000d068  _unlock                          
2000d078  xPortSysTickCount                
2000d08c  UARTStdioInitFlag                
2000d090  errno                            
2000d094  main_func_sp                     
ffffffff  __TI_pprof_out_hndl              
ffffffff  __TI_prof_data_size              
ffffffff  __TI_prof_data_start             
ffffffff  __binit__                        
ffffffff  __c_args__                       
ffffffff  binit                            
UNDEFED   SHT$$INIT_ARRAY$$Base            
UNDEFED   SHT$$INIT_ARRAY$$Limit           

[224 symbols]
