<?xml version="1.0"?>
<link_info>
   <banner>TI ARM Linker PC v15.12.1.LTS</banner>
   <copyright>Copyright (c) 1996-2015 Texas Instruments Incorporated</copyright>
   <link_time>0x5a1f1654</link_time>
   <link_errors>0x0</link_errors>
   <output_file>FreeRTOS_LM3S1968_TOD.out</output_file>
   <entry_point>
      <name>_c_int00</name>
      <address>0x51f1</address>
   </entry_point>
   <input_file_list>
      <input_file id="fl-2">
         <path>.\</path>
         <kind>object</kind>
         <file>FreeRTOS_LM3S_Startup.obj</file>
         <name>FreeRTOS_LM3S_Startup.obj</name>
      </input_file>
      <input_file id="fl-3">
         <path>.\</path>
         <kind>object</kind>
         <file>Main_TOD.obj</file>
         <name>Main_TOD.obj</name>
      </input_file>
      <input_file id="fl-4">
         <path>.\</path>
         <kind>object</kind>
         <file>heap_2.obj</file>
         <name>heap_2.obj</name>
      </input_file>
      <input_file id="fl-5">
         <path>.\Drivers\</path>
         <kind>object</kind>
         <file>UARTStdio_Initialization_LM3S1968.obj</file>
         <name>UARTStdio_Initialization_LM3S1968.obj</name>
      </input_file>
      <input_file id="fl-6">
         <path>.\Drivers\</path>
         <kind>object</kind>
         <file>rit128x96x4.obj</file>
         <name>rit128x96x4.obj</name>
      </input_file>
      <input_file id="fl-7">
         <path>.\Drivers\</path>
         <kind>object</kind>
         <file>uartstdio.obj</file>
         <name>uartstdio.obj</name>
      </input_file>
      <input_file id="fl-8">
         <path>.\Source\</path>
         <kind>object</kind>
         <file>croutine.obj</file>
         <name>croutine.obj</name>
      </input_file>
      <input_file id="fl-9">
         <path>.\Source\</path>
         <kind>object</kind>
         <file>event_groups.obj</file>
         <name>event_groups.obj</name>
      </input_file>
      <input_file id="fl-a">
         <path>.\Source\</path>
         <kind>object</kind>
         <file>list.obj</file>
         <name>list.obj</name>
      </input_file>
      <input_file id="fl-b">
         <path>.\Source\</path>
         <kind>object</kind>
         <file>queue.obj</file>
         <name>queue.obj</name>
      </input_file>
      <input_file id="fl-c">
         <path>.\Source\</path>
         <kind>object</kind>
         <file>tasks.obj</file>
         <name>tasks.obj</name>
      </input_file>
      <input_file id="fl-d">
         <path>.\Source\</path>
         <kind>object</kind>
         <file>timers.obj</file>
         <name>timers.obj</name>
      </input_file>
      <input_file id="fl-e">
         <path>.\Source\portable\CCS\ARM_CM3\</path>
         <kind>object</kind>
         <file>port.obj</file>
         <name>port.obj</name>
      </input_file>
      <input_file id="fl-f">
         <path>.\Source\portable\CCS\ARM_CM3\</path>
         <kind>object</kind>
         <file>portasm.obj</file>
         <name>portasm.obj</name>
      </input_file>
      <input_file id="fl-10">
         <path>.\Tasks\</path>
         <kind>object</kind>
         <file>Task_ADC.obj</file>
         <name>Task_ADC.obj</name>
      </input_file>
      <input_file id="fl-11">
         <path>.\Tasks\</path>
         <kind>object</kind>
         <file>Task_Blinky.obj</file>
         <name>Task_Blinky.obj</name>
      </input_file>
      <input_file id="fl-12">
         <path>.\Tasks\</path>
         <kind>object</kind>
         <file>Task_ReportSysTick.obj</file>
         <name>Task_ReportSysTick.obj</name>
      </input_file>
      <input_file id="fl-13">
         <path>.\Tasks\</path>
         <kind>object</kind>
         <file>Task_TimeOfDay.obj</file>
         <name>Task_TimeOfDay.obj</name>
      </input_file>
      <input_file id="fl-19">
         <path>C:\TI_CodeComposer\StellarisWare-LM3S1968\driverlib\ccs-cm3\Debug\</path>
         <kind>archive</kind>
         <file>driverlib-cm3.lib</file>
         <name>uart.obj</name>
      </input_file>
      <input_file id="fl-1a">
         <path>C:\TI_CodeComposer\StellarisWare-LM3S1968\driverlib\ccs-cm3\Debug\</path>
         <kind>archive</kind>
         <file>driverlib-cm3.lib</file>
         <name>timer.obj</name>
      </input_file>
      <input_file id="fl-1b">
         <path>C:\TI_CodeComposer\StellarisWare-LM3S1968\driverlib\ccs-cm3\Debug\</path>
         <kind>archive</kind>
         <file>driverlib-cm3.lib</file>
         <name>sysctl.obj</name>
      </input_file>
      <input_file id="fl-1c">
         <path>C:\TI_CodeComposer\StellarisWare-LM3S1968\driverlib\ccs-cm3\Debug\</path>
         <kind>archive</kind>
         <file>driverlib-cm3.lib</file>
         <name>ssi.obj</name>
      </input_file>
      <input_file id="fl-1d">
         <path>C:\TI_CodeComposer\StellarisWare-LM3S1968\driverlib\ccs-cm3\Debug\</path>
         <kind>archive</kind>
         <file>driverlib-cm3.lib</file>
         <name>interrupt.obj</name>
      </input_file>
      <input_file id="fl-1e">
         <path>C:\TI_CodeComposer\StellarisWare-LM3S1968\driverlib\ccs-cm3\Debug\</path>
         <kind>archive</kind>
         <file>driverlib-cm3.lib</file>
         <name>gpio.obj</name>
      </input_file>
      <input_file id="fl-1f">
         <path>C:\TI_CodeComposer\StellarisWare-LM3S1968\driverlib\ccs-cm3\Debug\</path>
         <kind>archive</kind>
         <file>driverlib-cm3.lib</file>
         <name>cpu.obj</name>
      </input_file>
      <input_file id="fl-20">
         <path>C:\TI_CodeComposer\StellarisWare-LM3S1968\driverlib\ccs-cm3\Debug\</path>
         <kind>archive</kind>
         <file>driverlib-cm3.lib</file>
         <name>adc.obj</name>
      </input_file>
      <input_file id="fl-d6">
         <path>C:\TI_CodeComposer\ccsv6\tools\compiler\ti-cgt-arm_15.12.1.LTS\lib\</path>
         <kind>archive</kind>
         <file>rtsv7M3_T_le_eabi.lib</file>
         <name>boot.obj</name>
      </input_file>
      <input_file id="fl-d7">
         <path>C:\TI_CodeComposer\ccsv6\tools\compiler\ti-cgt-arm_15.12.1.LTS\lib\</path>
         <kind>archive</kind>
         <file>rtsv7M3_T_le_eabi.lib</file>
         <name>copy_decompress_none.obj</name>
      </input_file>
      <input_file id="fl-d8">
         <path>C:\TI_CodeComposer\ccsv6\tools\compiler\ti-cgt-arm_15.12.1.LTS\lib\</path>
         <kind>archive</kind>
         <file>rtsv7M3_T_le_eabi.lib</file>
         <name>copy_decompress_rle.obj</name>
      </input_file>
      <input_file id="fl-d9">
         <path>C:\TI_CodeComposer\ccsv6\tools\compiler\ti-cgt-arm_15.12.1.LTS\lib\</path>
         <kind>archive</kind>
         <file>rtsv7M3_T_le_eabi.lib</file>
         <name>copy_zero_init.obj</name>
      </input_file>
      <input_file id="fl-da">
         <path>C:\TI_CodeComposer\ccsv6\tools\compiler\ti-cgt-arm_15.12.1.LTS\lib\</path>
         <kind>archive</kind>
         <file>rtsv7M3_T_le_eabi.lib</file>
         <name>exit.obj</name>
      </input_file>
      <input_file id="fl-db">
         <path>C:\TI_CodeComposer\ccsv6\tools\compiler\ti-cgt-arm_15.12.1.LTS\lib\</path>
         <kind>archive</kind>
         <file>rtsv7M3_T_le_eabi.lib</file>
         <name>memcpy_t2.obj</name>
      </input_file>
      <input_file id="fl-dc">
         <path>C:\TI_CodeComposer\ccsv6\tools\compiler\ti-cgt-arm_15.12.1.LTS\lib\</path>
         <kind>archive</kind>
         <file>rtsv7M3_T_le_eabi.lib</file>
         <name>memset_t2.obj</name>
      </input_file>
      <input_file id="fl-dd">
         <path>C:\TI_CodeComposer\ccsv6\tools\compiler\ti-cgt-arm_15.12.1.LTS\lib\</path>
         <kind>archive</kind>
         <file>rtsv7M3_T_le_eabi.lib</file>
         <name>mpu_init.obj</name>
      </input_file>
      <input_file id="fl-de">
         <path>C:\TI_CodeComposer\ccsv6\tools\compiler\ti-cgt-arm_15.12.1.LTS\lib\</path>
         <kind>archive</kind>
         <file>rtsv7M3_T_le_eabi.lib</file>
         <name>pre_init.obj</name>
      </input_file>
      <input_file id="fl-df">
         <path>C:\TI_CodeComposer\ccsv6\tools\compiler\ti-cgt-arm_15.12.1.LTS\lib\</path>
         <kind>archive</kind>
         <file>rtsv7M3_T_le_eabi.lib</file>
         <name>sprintf.obj</name>
      </input_file>
      <input_file id="fl-e0">
         <path>C:\TI_CodeComposer\ccsv6\tools\compiler\ti-cgt-arm_15.12.1.LTS\lib\</path>
         <kind>archive</kind>
         <file>rtsv7M3_T_le_eabi.lib</file>
         <name>stkdepth_vars.obj</name>
      </input_file>
      <input_file id="fl-e1">
         <path>C:\TI_CodeComposer\ccsv6\tools\compiler\ti-cgt-arm_15.12.1.LTS\lib\</path>
         <kind>archive</kind>
         <file>rtsv7M3_T_le_eabi.lib</file>
         <name>u_divt2.obj</name>
      </input_file>
      <input_file id="fl-e2">
         <path>C:\TI_CodeComposer\ccsv6\tools\compiler\ti-cgt-arm_15.12.1.LTS\lib\</path>
         <kind>archive</kind>
         <file>rtsv7M3_T_le_eabi.lib</file>
         <name>_lock.obj</name>
      </input_file>
      <input_file id="fl-e3">
         <path>C:\TI_CodeComposer\ccsv6\tools\compiler\ti-cgt-arm_15.12.1.LTS\lib\</path>
         <kind>archive</kind>
         <file>rtsv7M3_T_le_eabi.lib</file>
         <name>_printfi.obj</name>
      </input_file>
      <input_file id="fl-e4">
         <path>C:\TI_CodeComposer\ccsv6\tools\compiler\ti-cgt-arm_15.12.1.LTS\lib\</path>
         <kind>archive</kind>
         <file>rtsv7M3_T_le_eabi.lib</file>
         <name>args_main.obj</name>
      </input_file>
      <input_file id="fl-e5">
         <path>C:\TI_CodeComposer\ccsv6\tools\compiler\ti-cgt-arm_15.12.1.LTS\lib\</path>
         <kind>archive</kind>
         <file>rtsv7M3_T_le_eabi.lib</file>
         <name>atoi.obj</name>
      </input_file>
      <input_file id="fl-e6">
         <path>C:\TI_CodeComposer\ccsv6\tools\compiler\ti-cgt-arm_15.12.1.LTS\lib\</path>
         <kind>archive</kind>
         <file>rtsv7M3_T_le_eabi.lib</file>
         <name>autoinit.obj</name>
      </input_file>
      <input_file id="fl-e7">
         <path>C:\TI_CodeComposer\ccsv6\tools\compiler\ti-cgt-arm_15.12.1.LTS\lib\</path>
         <kind>archive</kind>
         <file>rtsv7M3_T_le_eabi.lib</file>
         <name>cpy_tbl.obj</name>
      </input_file>
      <input_file id="fl-e8">
         <path>C:\TI_CodeComposer\ccsv6\tools\compiler\ti-cgt-arm_15.12.1.LTS\lib\</path>
         <kind>archive</kind>
         <file>rtsv7M3_T_le_eabi.lib</file>
         <name>ctype.obj</name>
      </input_file>
      <input_file id="fl-e9">
         <path>C:\TI_CodeComposer\ccsv6\tools\compiler\ti-cgt-arm_15.12.1.LTS\lib\</path>
         <kind>archive</kind>
         <file>rtsv7M3_T_le_eabi.lib</file>
         <name>fd_add_t2.obj</name>
      </input_file>
      <input_file id="fl-ea">
         <path>C:\TI_CodeComposer\ccsv6\tools\compiler\ti-cgt-arm_15.12.1.LTS\lib\</path>
         <kind>archive</kind>
         <file>rtsv7M3_T_le_eabi.lib</file>
         <name>fd_cmp_t2.obj</name>
      </input_file>
      <input_file id="fl-eb">
         <path>C:\TI_CodeComposer\ccsv6\tools\compiler\ti-cgt-arm_15.12.1.LTS\lib\</path>
         <kind>archive</kind>
         <file>rtsv7M3_T_le_eabi.lib</file>
         <name>fd_div_t2.obj</name>
      </input_file>
      <input_file id="fl-ec">
         <path>C:\TI_CodeComposer\ccsv6\tools\compiler\ti-cgt-arm_15.12.1.LTS\lib\</path>
         <kind>archive</kind>
         <file>rtsv7M3_T_le_eabi.lib</file>
         <name>fd_mul_t2.obj</name>
      </input_file>
      <input_file id="fl-ed">
         <path>C:\TI_CodeComposer\ccsv6\tools\compiler\ti-cgt-arm_15.12.1.LTS\lib\</path>
         <kind>archive</kind>
         <file>rtsv7M3_T_le_eabi.lib</file>
         <name>fd_toi_t2.obj</name>
      </input_file>
      <input_file id="fl-ee">
         <path>C:\TI_CodeComposer\ccsv6\tools\compiler\ti-cgt-arm_15.12.1.LTS\lib\</path>
         <kind>archive</kind>
         <file>rtsv7M3_T_le_eabi.lib</file>
         <name>i_div0.obj</name>
      </input_file>
      <input_file id="fl-ef">
         <path>C:\TI_CodeComposer\ccsv6\tools\compiler\ti-cgt-arm_15.12.1.LTS\lib\</path>
         <kind>archive</kind>
         <file>rtsv7M3_T_le_eabi.lib</file>
         <name>i_tofd_t2.obj</name>
      </input_file>
      <input_file id="fl-f0">
         <path>C:\TI_CodeComposer\ccsv6\tools\compiler\ti-cgt-arm_15.12.1.LTS\lib\</path>
         <kind>archive</kind>
         <file>rtsv7M3_T_le_eabi.lib</file>
         <name>ltoa.obj</name>
      </input_file>
      <input_file id="fl-f1">
         <path>C:\TI_CodeComposer\ccsv6\tools\compiler\ti-cgt-arm_15.12.1.LTS\lib\</path>
         <kind>archive</kind>
         <file>rtsv7M3_T_le_eabi.lib</file>
         <name>memccpy.obj</name>
      </input_file>
      <input_file id="fl-f2">
         <path>C:\TI_CodeComposer\ccsv6\tools\compiler\ti-cgt-arm_15.12.1.LTS\lib\</path>
         <kind>archive</kind>
         <file>rtsv7M3_T_le_eabi.lib</file>
         <name>s_frexp.obj</name>
      </input_file>
      <input_file id="fl-f3">
         <path>C:\TI_CodeComposer\ccsv6\tools\compiler\ti-cgt-arm_15.12.1.LTS\lib\</path>
         <kind>archive</kind>
         <file>rtsv7M3_T_le_eabi.lib</file>
         <name>s_scalbn.obj</name>
      </input_file>
      <input_file id="fl-f4">
         <path>C:\TI_CodeComposer\ccsv6\tools\compiler\ti-cgt-arm_15.12.1.LTS\lib\</path>
         <kind>archive</kind>
         <file>rtsv7M3_T_le_eabi.lib</file>
         <name>startup.obj</name>
      </input_file>
      <input_file id="fl-f5">
         <path>C:\TI_CodeComposer\ccsv6\tools\compiler\ti-cgt-arm_15.12.1.LTS\lib\</path>
         <kind>archive</kind>
         <file>rtsv7M3_T_le_eabi.lib</file>
         <name>strchr.obj</name>
      </input_file>
      <input_file id="fl-f6">
         <path>C:\TI_CodeComposer\ccsv6\tools\compiler\ti-cgt-arm_15.12.1.LTS\lib\</path>
         <kind>archive</kind>
         <file>rtsv7M3_T_le_eabi.lib</file>
         <name>strlen.obj</name>
      </input_file>
      <input_file id="fl-f7">
         <path>C:\TI_CodeComposer\ccsv6\tools\compiler\ti-cgt-arm_15.12.1.LTS\lib\</path>
         <kind>archive</kind>
         <file>rtsv7M3_T_le_eabi.lib</file>
         <name>ull_div_t2.obj</name>
      </input_file>
      <input_file id="fl-f8">
         <path>C:\TI_CodeComposer\ccsv6\tools\compiler\ti-cgt-arm_15.12.1.LTS\lib\</path>
         <kind>archive</kind>
         <file>rtsv7M3_T_le_eabi.lib</file>
         <name>errno.obj</name>
      </input_file>
      <input_file id="fl-f9">
         <path>C:\TI_CodeComposer\ccsv6\tools\compiler\ti-cgt-arm_15.12.1.LTS\lib\</path>
         <kind>archive</kind>
         <file>rtsv7M3_T_le_eabi.lib</file>
         <name>s_copysign.obj</name>
      </input_file>
   </input_file_list>
   <object_component_list>
      <object_component id="oc-f">
         <name>.intvecs</name>
         <load_address>0x0</load_address>
         <run_address>0x0</run_address>
         <size>0x200</size>
         <input_file_ref idref="fl-2"/>
      </object_component>
      <object_component id="oc-2da">
         <name>.text</name>
         <load_address>0x200</load_address>
         <run_address>0x200</run_address>
         <size>0x10f0</size>
         <input_file_ref idref="fl-e3"/>
      </object_component>
      <object_component id="oc-8c">
         <name>.text</name>
         <load_address>0x12f0</load_address>
         <run_address>0x12f0</run_address>
         <size>0xea0</size>
         <input_file_ref idref="fl-c"/>
      </object_component>
      <object_component id="oc-16f">
         <name>.text</name>
         <load_address>0x2190</load_address>
         <run_address>0x2190</run_address>
         <size>0x914</size>
         <input_file_ref idref="fl-b"/>
      </object_component>
      <object_component id="oc-e8">
         <name>.text</name>
         <load_address>0x2aa4</load_address>
         <run_address>0x2aa4</run_address>
         <size>0x528</size>
         <input_file_ref idref="fl-d"/>
      </object_component>
      <object_component id="oc-20c">
         <name>.text</name>
         <load_address>0x2fcc</load_address>
         <run_address>0x2fcc</run_address>
         <size>0x510</size>
         <input_file_ref idref="fl-6"/>
      </object_component>
      <object_component id="oc-13e">
         <name>.text</name>
         <load_address>0x34dc</load_address>
         <run_address>0x34dc</run_address>
         <size>0x488</size>
         <input_file_ref idref="fl-7"/>
      </object_component>
      <object_component id="oc-32d">
         <name>.text</name>
         <load_address>0x3964</load_address>
         <run_address>0x3964</run_address>
         <size>0x1f4</size>
         <input_file_ref idref="fl-f7"/>
      </object_component>
      <object_component id="oc-f7">
         <name>.text</name>
         <load_address>0x3b58</load_address>
         <run_address>0x3b58</run_address>
         <size>0x1b8</size>
         <input_file_ref idref="fl-4"/>
      </object_component>
      <object_component id="oc-35c">
         <name>.text</name>
         <load_address>0x3d10</load_address>
         <run_address>0x3d10</run_address>
         <size>0x1b6</size>
         <input_file_ref idref="fl-e9"/>
      </object_component>
      <object_component id="oc-28f">
         <name>.text</name>
         <load_address>0x3ec6</load_address>
         <run_address>0x3ec6</run_address>
         <size>0x2</size>
         <input_file_ref idref="fl-ee"/>
      </object_component>
      <object_component id="oc-134">
         <name>.text:SysCtlClockGet</name>
         <load_address>0x3ec8</load_address>
         <run_address>0x3ec8</run_address>
         <size>0x198</size>
         <input_file_ref idref="fl-1b"/>
      </object_component>
      <object_component id="oc-151">
         <name>.text</name>
         <load_address>0x4060</load_address>
         <run_address>0x4060</run_address>
         <size>0x174</size>
         <input_file_ref idref="fl-13"/>
      </object_component>
      <object_component id="oc-130">
         <name>.text:SysCtlClockSet</name>
         <load_address>0x41d4</load_address>
         <run_address>0x41d4</run_address>
         <size>0x144</size>
         <input_file_ref idref="fl-1b"/>
      </object_component>
      <object_component id="oc-342">
         <name>.text</name>
         <load_address>0x4318</load_address>
         <run_address>0x4318</run_address>
         <size>0x136</size>
         <input_file_ref idref="fl-eb"/>
      </object_component>
      <object_component id="oc-e2">
         <name>.text</name>
         <load_address>0x444e</load_address>
         <run_address>0x444e</run_address>
         <size>0x12a</size>
         <input_file_ref idref="fl-a"/>
      </object_component>
      <object_component id="oc-33d">
         <name>.text</name>
         <load_address>0x4578</load_address>
         <run_address>0x4578</run_address>
         <size>0xfc</size>
         <input_file_ref idref="fl-ec"/>
      </object_component>
      <object_component id="oc-39">
         <name>.text</name>
         <load_address>0x4674</load_address>
         <run_address>0x4674</run_address>
         <size>0xf0</size>
         <input_file_ref idref="fl-e"/>
      </object_component>
      <object_component id="oc-367">
         <name>.text</name>
         <load_address>0x4764</load_address>
         <run_address>0x4764</run_address>
         <size>0xd0</size>
         <input_file_ref idref="fl-f3"/>
      </object_component>
      <object_component id="oc-1fe">
         <name>.text:GPIOPadConfigSet</name>
         <load_address>0x4834</load_address>
         <run_address>0x4834</run_address>
         <size>0xc8</size>
         <input_file_ref idref="fl-1e"/>
      </object_component>
      <object_component id="oc-cf">
         <name>.text</name>
         <load_address>0x48fc</load_address>
         <run_address>0x48fc</run_address>
         <size>0xc0</size>
         <input_file_ref idref="fl-3"/>
      </object_component>
      <object_component id="oc-42">
         <name>.text</name>
         <load_address>0x49bc</load_address>
         <run_address>0x49bc</run_address>
         <size>0x9c</size>
         <input_file_ref idref="fl-db"/>
      </object_component>
      <object_component id="oc-338">
         <name>.text:__aeabi_cdcmple</name>
         <load_address>0x4a58</load_address>
         <run_address>0x4a58</run_address>
         <size>0x86</size>
         <input_file_ref idref="fl-ea"/>
      </object_component>
      <object_component id="oc-347">
         <name>.text:__aeabi_cdrcmple</name>
         <load_address>0x4ade</load_address>
         <run_address>0x4ade</run_address>
         <size>0x86</size>
         <input_file_ref idref="fl-ea"/>
      </object_component>
      <object_component id="oc-34">
         <name>.text</name>
         <load_address>0x4b64</load_address>
         <run_address>0x4b64</run_address>
         <size>0x80</size>
         <input_file_ref idref="fl-f"/>
      </object_component>
      <object_component id="oc-5b">
         <name>.text</name>
         <load_address>0x4be4</load_address>
         <run_address>0x4be4</run_address>
         <size>0x7a</size>
         <input_file_ref idref="fl-dc"/>
      </object_component>
      <object_component id="oc-67">
         <name>.text</name>
         <load_address>0x4c5e</load_address>
         <run_address>0x4c5e</run_address>
         <size>0x2</size>
         <input_file_ref idref="fl-dd"/>
      </object_component>
      <object_component id="oc-1ce">
         <name>.text:SysCtlPeripheralPresent</name>
         <load_address>0x4c60</load_address>
         <run_address>0x4c60</run_address>
         <size>0x78</size>
         <input_file_ref idref="fl-1b"/>
      </object_component>
      <object_component id="oc-73">
         <name>.text</name>
         <load_address>0x4cd8</load_address>
         <run_address>0x4cd8</run_address>
         <size>0x70</size>
         <input_file_ref idref="fl-e6"/>
      </object_component>
      <object_component id="oc-4e">
         <name>.text</name>
         <load_address>0x4d48</load_address>
         <run_address>0x4d48</run_address>
         <size>0x6a</size>
         <input_file_ref idref="fl-d8"/>
      </object_component>
      <object_component id="oc-c7">
         <name>.text</name>
         <load_address>0x4db2</load_address>
         <run_address>0x4db2</run_address>
         <size>0x2</size>
         <input_file_ref idref="fl-f4"/>
      </object_component>
      <object_component id="oc-232">
         <name>.text:IntEnable</name>
         <load_address>0x4db4</load_address>
         <run_address>0x4db4</run_address>
         <size>0x64</size>
         <input_file_ref idref="fl-1d"/>
      </object_component>
      <object_component id="oc-212">
         <name>.text</name>
         <load_address>0x4e18</load_address>
         <run_address>0x4e18</run_address>
         <size>0x60</size>
         <input_file_ref idref="fl-df"/>
      </object_component>
      <object_component id="oc-14b">
         <name>.text</name>
         <load_address>0x4e78</load_address>
         <run_address>0x4e78</run_address>
         <size>0x5c</size>
         <input_file_ref idref="fl-12"/>
      </object_component>
      <object_component id="oc-361">
         <name>.text</name>
         <load_address>0x4ed4</load_address>
         <run_address>0x4ed4</run_address>
         <size>0x5c</size>
         <input_file_ref idref="fl-f2"/>
      </object_component>
      <object_component id="oc-1c2">
         <name>.text:SysCtlPeripheralEnable</name>
         <load_address>0x4f30</load_address>
         <run_address>0x4f30</run_address>
         <size>0x58</size>
         <input_file_ref idref="fl-1b"/>
      </object_component>
      <object_component id="oc-351">
         <name>.text</name>
         <load_address>0x4f88</load_address>
         <run_address>0x4f88</run_address>
         <size>0x56</size>
         <input_file_ref idref="fl-f0"/>
      </object_component>
      <object_component id="oc-145">
         <name>.text</name>
         <load_address>0x4fe0</load_address>
         <run_address>0x4fe0</run_address>
         <size>0x54</size>
         <input_file_ref idref="fl-11"/>
      </object_component>
      <object_component id="oc-7f">
         <name>.text</name>
         <load_address>0x5034</load_address>
         <run_address>0x5034</run_address>
         <size>0x54</size>
         <input_file_ref idref="fl-da"/>
      </object_component>
      <object_component id="oc-379">
         <name>.text</name>
         <load_address>0x5088</load_address>
         <run_address>0x5088</run_address>
         <size>0x4c</size>
         <input_file_ref idref="fl-e5"/>
      </object_component>
      <object_component id="oc-c1">
         <name>.text</name>
         <load_address>0x50d4</load_address>
         <run_address>0x50d4</run_address>
         <size>0x4c</size>
         <input_file_ref idref="fl-e7"/>
      </object_component>
      <object_component id="oc-34c">
         <name>.text</name>
         <load_address>0x5120</load_address>
         <run_address>0x5120</run_address>
         <size>0x48</size>
         <input_file_ref idref="fl-ed"/>
      </object_component>
      <object_component id="oc-2b6">
         <name>.text:SSIConfigSetExpClk</name>
         <load_address>0x5168</load_address>
         <run_address>0x5168</run_address>
         <size>0x44</size>
         <input_file_ref idref="fl-1c"/>
      </object_component>
      <object_component id="oc-1d2">
         <name>.text:UARTConfigSetExpClk</name>
         <load_address>0x51ac</load_address>
         <run_address>0x51ac</run_address>
         <size>0x42</size>
         <input_file_ref idref="fl-19"/>
      </object_component>
      <object_component id="oc-24">
         <name>.text</name>
         <load_address>0x51f0</load_address>
         <run_address>0x51f0</run_address>
         <size>0x40</size>
         <input_file_ref idref="fl-d6"/>
      </object_component>
      <object_component id="oc-1eb">
         <name>.text</name>
         <load_address>0x5230</load_address>
         <run_address>0x5230</run_address>
         <size>0x40</size>
         <input_file_ref idref="fl-e1"/>
      </object_component>
      <object_component id="oc-138">
         <name>.text</name>
         <load_address>0x5270</load_address>
         <run_address>0x5270</run_address>
         <size>0x3c</size>
         <input_file_ref idref="fl-5"/>
      </object_component>
      <object_component id="oc-22a">
         <name>.text:IntRegister</name>
         <load_address>0x52ac</load_address>
         <run_address>0x52ac</run_address>
         <size>0x34</size>
         <input_file_ref idref="fl-1d"/>
      </object_component>
      <object_component id="oc-278">
         <name>.text:GPIODirModeSet</name>
         <load_address>0x52e0</load_address>
         <run_address>0x52e0</run_address>
         <size>0x2e</size>
         <input_file_ref idref="fl-1e"/>
      </object_component>
      <object_component id="oc-357">
         <name>.text</name>
         <load_address>0x530e</load_address>
         <run_address>0x530e</run_address>
         <size>0x2e</size>
         <input_file_ref idref="fl-ef"/>
      </object_component>
      <object_component id="oc-21e">
         <name>.text:TimerConfigure</name>
         <load_address>0x533c</load_address>
         <run_address>0x533c</run_address>
         <size>0x24</size>
         <input_file_ref idref="fl-1a"/>
      </object_component>
      <object_component id="oc-280">
         <name>.text:UARTDisable</name>
         <load_address>0x5360</load_address>
         <run_address>0x5360</run_address>
         <size>0x1c</size>
         <input_file_ref idref="fl-19"/>
      </object_component>
      <object_component id="oc-373">
         <name>.text</name>
         <load_address>0x537c</load_address>
         <run_address>0x537c</run_address>
         <size>0x1a</size>
         <input_file_ref idref="fl-f1"/>
      </object_component>
      <object_component id="oc-79">
         <name>.text</name>
         <load_address>0x5398</load_address>
         <run_address>0x5398</run_address>
         <size>0x18</size>
         <input_file_ref idref="fl-e4"/>
      </object_component>
      <object_component id="oc-36d">
         <name>.text</name>
         <load_address>0x53b0</load_address>
         <run_address>0x53b0</run_address>
         <size>0x16</size>
         <input_file_ref idref="fl-f5"/>
      </object_component>
      <object_component id="oc-1d6">
         <name>.text:UARTEnable</name>
         <load_address>0x53c6</load_address>
         <run_address>0x53c6</run_address>
         <size>0x14</size>
         <input_file_ref idref="fl-19"/>
      </object_component>
      <object_component id="oc-161">
         <name>.text</name>
         <load_address>0x53dc</load_address>
         <run_address>0x53dc</run_address>
         <size>0x14</size>
         <input_file_ref idref="fl-e2"/>
      </object_component>
      <object_component id="oc-332">
         <name>.text</name>
         <load_address>0x53f0</load_address>
         <run_address>0x53f0</run_address>
         <size>0x14</size>
         <input_file_ref idref="fl-f6"/>
      </object_component>
      <object_component id="oc-1fa">
         <name>.text:GPIOPinTypeGPIOOutput</name>
         <load_address>0x5404</load_address>
         <run_address>0x5404</run_address>
         <size>0x12</size>
         <input_file_ref idref="fl-1e"/>
      </object_component>
      <object_component id="oc-2ba">
         <name>.text:GPIOPinTypeSSI</name>
         <load_address>0x5416</load_address>
         <run_address>0x5416</run_address>
         <size>0x12</size>
         <input_file_ref idref="fl-1e"/>
      </object_component>
      <object_component id="oc-1c6">
         <name>.text:GPIOPinTypeUART</name>
         <load_address>0x5428</load_address>
         <run_address>0x5428</run_address>
         <size>0x12</size>
         <input_file_ref idref="fl-1e"/>
      </object_component>
      <object_component id="oc-2c2">
         <name>.text:SSIDataGetNonBlocking</name>
         <load_address>0x543a</load_address>
         <run_address>0x543a</run_address>
         <size>0x12</size>
         <input_file_ref idref="fl-1c"/>
      </object_component>
      <object_component id="oc-226">
         <name>.text:TimerLoadSet</name>
         <load_address>0x544c</load_address>
         <run_address>0x544c</run_address>
         <size>0x12</size>
         <input_file_ref idref="fl-1a"/>
      </object_component>
      <object_component id="oc-222">
         <name>.text:TimerPrescaleSet</name>
         <load_address>0x545e</load_address>
         <run_address>0x545e</run_address>
         <size>0x12</size>
         <input_file_ref idref="fl-1a"/>
      </object_component>
      <object_component id="oc-236">
         <name>.text:TimerEnable</name>
         <load_address>0x5470</load_address>
         <run_address>0x5470</run_address>
         <size>0xe</size>
         <input_file_ref idref="fl-1a"/>
      </object_component>
      <object_component id="oc-12">
         <name>.text:decompress:none</name>
         <load_address>0x547e</load_address>
         <run_address>0x547e</run_address>
         <size>0xe</size>
         <input_file_ref idref="fl-d7"/>
      </object_component>
      <object_component id="oc-2e">
         <name>.text</name>
         <load_address>0x548c</load_address>
         <run_address>0x548c</run_address>
         <size>0xc</size>
         <input_file_ref idref="fl-2"/>
      </object_component>
      <object_component id="oc-2ab">
         <name>.text:SSIDataPut</name>
         <load_address>0x5498</load_address>
         <run_address>0x5498</run_address>
         <size>0xa</size>
         <input_file_ref idref="fl-1c"/>
      </object_component>
      <object_component id="oc-2b2">
         <name>.text:SSIDisable</name>
         <load_address>0x54a2</load_address>
         <run_address>0x54a2</run_address>
         <size>0xa</size>
         <input_file_ref idref="fl-1c"/>
      </object_component>
      <object_component id="oc-2be">
         <name>.text:SSIEnable</name>
         <load_address>0x54ac</load_address>
         <run_address>0x54ac</run_address>
         <size>0xa</size>
         <input_file_ref idref="fl-1c"/>
      </object_component>
      <object_component id="oc-1de">
         <name>.text:UARTCharGet</name>
         <load_address>0x54b6</load_address>
         <run_address>0x54b6</run_address>
         <size>0xa</size>
         <input_file_ref idref="fl-19"/>
      </object_component>
      <object_component id="oc-1da">
         <name>.text:UARTCharPut</name>
         <load_address>0x54c0</load_address>
         <run_address>0x54c0</run_address>
         <size>0xa</size>
         <input_file_ref idref="fl-19"/>
      </object_component>
      <object_component id="oc-2a7">
         <name>.text:SSIBusy</name>
         <load_address>0x54ca</load_address>
         <run_address>0x54ca</run_address>
         <size>0x8</size>
         <input_file_ref idref="fl-1c"/>
      </object_component>
      <object_component id="oc-22e">
         <name>.text:TimerIntEnable</name>
         <load_address>0x54d2</load_address>
         <run_address>0x54d2</run_address>
         <size>0x8</size>
         <input_file_ref idref="fl-1a"/>
      </object_component>
      <object_component id="oc-3af">
         <name>.text</name>
         <load_address>0x54da</load_address>
         <run_address>0x54da</run_address>
         <size>0x8</size>
         <input_file_ref idref="fl-f9"/>
      </object_component>
      <object_component id="oc-202">
         <name>.text:GPIOPinRead</name>
         <load_address>0x54e2</load_address>
         <run_address>0x54e2</run_address>
         <size>0x6</size>
         <input_file_ref idref="fl-1e"/>
      </object_component>
      <object_component id="oc-206">
         <name>.text:GPIOPinWrite</name>
         <load_address>0x54e8</load_address>
         <run_address>0x54e8</run_address>
         <size>0x6</size>
         <input_file_ref idref="fl-1e"/>
      </object_component>
      <object_component id="oc-1b8">
         <name>.text:SysCtlDelay</name>
         <load_address>0x54ee</load_address>
         <run_address>0x54ee</run_address>
         <size>0x6</size>
         <input_file_ref idref="fl-1b"/>
      </object_component>
      <object_component id="oc-18">
         <name>.text:decompress:rle24</name>
         <load_address>0x54f4</load_address>
         <run_address>0x54f4</run_address>
         <size>0x6</size>
         <input_file_ref idref="fl-d8"/>
      </object_component>
      <object_component id="oc-21a">
         <name>.text:TimerIntClear</name>
         <load_address>0x54fa</load_address>
         <run_address>0x54fa</run_address>
         <size>0x4</size>
         <input_file_ref idref="fl-1a"/>
      </object_component>
      <object_component id="oc-6d">
         <name>.text</name>
         <load_address>0x54fe</load_address>
         <run_address>0x54fe</run_address>
         <size>0x4</size>
         <input_file_ref idref="fl-de"/>
      </object_component>
      <object_component id="oc-2d1">
         <name>.const:g_pucFont</name>
         <load_address>0x5504</load_address>
         <run_address>0x5504</run_address>
         <size>0x1e0</size>
         <input_file_ref idref="fl-6"/>
      </object_component>
      <object_component id="oc-3be">
         <name>.const:.string:_ctypes_</name>
         <load_address>0x56e4</load_address>
         <run_address>0x56e4</run_address>
         <size>0x101</size>
         <input_file_ref idref="fl-e8"/>
      </object_component>
      <object_component id="oc-2c9">
         <name>.const:.string:pucCommand1$1</name>
         <load_address>0x57e5</load_address>
         <run_address>0x57e5</run_address>
         <size>0x3</size>
         <input_file_ref idref="fl-6"/>
      </object_component>
      <object_component id="oc-2ee">
         <name>.const</name>
         <load_address>0x57e8</load_address>
         <run_address>0x57e8</run_address>
         <size>0x70</size>
         <input_file_ref idref="fl-1d"/>
      </object_component>
      <object_component id="oc-1bf">
         <name>.const:g_pulXtals</name>
         <load_address>0x5858</load_address>
         <run_address>0x5858</run_address>
         <size>0x6c</size>
         <input_file_ref idref="fl-1b"/>
      </object_component>
      <object_component id="oc-2d4">
         <name>.const:.string:g_pucRIT128x96x4Init</name>
         <load_address>0x58c4</load_address>
         <run_address>0x58c4</run_address>
         <size>0x4f</size>
         <input_file_ref idref="fl-6"/>
      </object_component>
      <object_component id="oc-275">
         <name>.const</name>
         <load_address>0x5914</load_address>
         <run_address>0x5914</run_address>
         <size>0x40</size>
         <input_file_ref idref="fl-1b"/>
      </object_component>
      <object_component id="oc-296">
         <name>.const:.string</name>
         <load_address>0x5954</load_address>
         <run_address>0x5954</run_address>
         <size>0x12</size>
         <input_file_ref idref="fl-7"/>
      </object_component>
      <object_component id="oc-2cb">
         <name>.const:.string:g_pucRIT128x96x4HorizontalInc</name>
         <load_address>0x5966</load_address>
         <run_address>0x5966</run_address>
         <size>0x2</size>
         <input_file_ref idref="fl-6"/>
      </object_component>
      <object_component id="oc-1e8">
         <name>.const:g_ulUARTBase</name>
         <load_address>0x5968</load_address>
         <run_address>0x5968</run_address>
         <size>0xc</size>
         <input_file_ref idref="fl-7"/>
      </object_component>
      <object_component id="oc-1e2">
         <name>.const:g_ulUARTPeriph</name>
         <load_address>0x5974</load_address>
         <run_address>0x5974</run_address>
         <size>0xc</size>
         <input_file_ref idref="fl-7"/>
      </object_component>
      <object_component id="oc-1f0">
         <name>.const</name>
         <load_address>0x5980</load_address>
         <run_address>0x5980</run_address>
         <size>0x4</size>
         <input_file_ref idref="fl-7"/>
      </object_component>
      <object_component id="oc-2ca">
         <name>.const:.string:pucCommand2$2</name>
         <load_address>0x5984</load_address>
         <run_address>0x5984</run_address>
         <size>0x3</size>
         <input_file_ref idref="fl-6"/>
      </object_component>
      <object_component id="oc-2ce">
         <name>.const:.string:g_pucRIT128x96x4VerticalInc</name>
         <load_address>0x5987</load_address>
         <run_address>0x5987</run_address>
         <size>0x2</size>
         <input_file_ref idref="fl-6"/>
      </object_component>
      <object_component id="oc-2d7">
         <name>.const:.string:pucCommand1$3</name>
         <load_address>0x5989</load_address>
         <run_address>0x5989</run_address>
         <size>0x2</size>
         <input_file_ref idref="fl-6"/>
      </object_component>
      <object_component id="oc-19f">
         <name>.const</name>
         <load_address>0x598c</load_address>
         <run_address>0x598c</run_address>
         <size>0x2</size>
         <input_file_ref idref="fl-4"/>
      </object_component>
      <object_component id="oc-402">
         <name>.cinit..data.load</name>
         <load_address>0x5990</load_address>
         <run_address>0x5990</run_address>
         <size>0x20</size>
      </object_component>
      <object_component id="oc-403">
         <name>.cinit..bss.load</name>
         <load_address>0x59b0</load_address>
         <run_address>0x59b0</run_address>
         <size>0xb</size>
      </object_component>
      <object_component id="oc-401">
         <name>.cinit..vtable.load</name>
         <load_address>0x59c0</load_address>
         <run_address>0x59c0</run_address>
         <size>0xb</size>
      </object_component>
      <object_component id="oc-3ff">
         <name>__TI_handler_table</name>
         <load_address>0x59cc</load_address>
         <run_address>0x59cc</run_address>
         <size>0x8</size>
      </object_component>
      <object_component id="oc-400">
         <name>__TI_cinit_table</name>
         <load_address>0x59d4</load_address>
         <run_address>0x59d4</run_address>
         <size>0x18</size>
      </object_component>
      <object_component id="oc-2e9">
         <name>.vtable</name>
         <uninitialized>true</uninitialized>
         <run_address>0x20000000</run_address>
         <size>0x26c</size>
         <input_file_ref idref="fl-1d"/>
      </object_component>
      <object_component id="oc-193">
         <name>.data</name>
         <load_address>0x2000d06c</load_address>
         <run_address>0x2000d06c</run_address>
         <size>0x8</size>
         <input_file_ref idref="fl-4"/>
      </object_component>
      <object_component id="oc-1ca">
         <name>.data</name>
         <load_address>0x2000d08c</load_address>
         <run_address>0x2000d08c</run_address>
         <size>0x4</size>
         <input_file_ref idref="fl-5"/>
      </object_component>
      <object_component id="oc-1e5">
         <name>.data</name>
         <load_address>0x2000d084</load_address>
         <run_address>0x2000d084</run_address>
         <size>0x5</size>
         <input_file_ref idref="fl-7"/>
      </object_component>
      <object_component id="oc-92">
         <name>.data</name>
         <load_address>0x2000d018</load_address>
         <run_address>0x2000d018</run_address>
         <size>0x2c</size>
         <input_file_ref idref="fl-c"/>
      </object_component>
      <object_component id="oc-175">
         <name>.data</name>
         <load_address>0x2000d07c</load_address>
         <run_address>0x2000d07c</run_address>
         <size>0x8</size>
         <input_file_ref idref="fl-d"/>
      </object_component>
      <object_component id="oc-96">
         <name>.data</name>
         <load_address>0x2000d074</load_address>
         <run_address>0x2000d074</run_address>
         <size>0x8</size>
         <input_file_ref idref="fl-e"/>
      </object_component>
      <object_component id="oc-23d">
         <name>.data</name>
         <load_address>0x2000d044</load_address>
         <run_address>0x2000d044</run_address>
         <size>0x14</size>
         <input_file_ref idref="fl-13"/>
      </object_component>
      <object_component id="oc-d7">
         <name>.data:$O1$$</name>
         <load_address>0x2000d058</load_address>
         <run_address>0x2000d058</run_address>
         <size>0xc</size>
         <input_file_ref idref="fl-da"/>
      </object_component>
      <object_component id="oc-85">
         <name>.data</name>
         <load_address>0x2000d094</load_address>
         <run_address>0x2000d094</run_address>
         <size>0x4</size>
         <input_file_ref idref="fl-e0"/>
      </object_component>
      <object_component id="oc-da">
         <name>.data:$O1$$</name>
         <load_address>0x2000d064</load_address>
         <run_address>0x2000d064</run_address>
         <size>0x8</size>
         <input_file_ref idref="fl-e2"/>
      </object_component>
      <object_component id="oc-3b5">
         <name>.data</name>
         <load_address>0x2000d090</load_address>
         <run_address>0x2000d090</run_address>
         <size>0x4</size>
         <input_file_ref idref="fl-f8"/>
      </object_component>
      <object_component id="oc-2b">
         <name>.bss:pulStack</name>
         <uninitialized>true</uninitialized>
         <run_address>0x2000c5c0</run_address>
         <size>0x100</size>
         <input_file_ref idref="fl-2"/>
      </object_component>
      <object_component id="oc-199">
         <name>.bss:xHeap</name>
         <uninitialized>true</uninitialized>
         <run_address>0x20000270</run_address>
         <size>0xc350</size>
         <input_file_ref idref="fl-4"/>
      </object_component>
      <object_component id="oc-196">
         <name>.bss:xStart</name>
         <uninitialized>true</uninitialized>
         <run_address>0x2000c800</run_address>
         <size>0x8</size>
         <input_file_ref idref="fl-4"/>
      </object_component>
      <object_component id="oc-19c">
         <name>.bss:xEnd</name>
         <uninitialized>true</uninitialized>
         <run_address>0x2000c7f8</run_address>
         <size>0x8</size>
         <input_file_ref idref="fl-4"/>
      </object_component>
      <object_component id="oc-2af">
         <name>.bss</name>
         <uninitialized>true</uninitialized>
         <run_address>0x2000c808</run_address>
         <size>0x4</size>
         <input_file_ref idref="fl-6"/>
      </object_component>
      <object_component id="oc-2c6">
         <name>.bss:g_pucBuffer</name>
         <uninitialized>true</uninitialized>
         <run_address>0x2000c7e0</run_address>
         <size>0x8</size>
         <input_file_ref idref="fl-6"/>
      </object_component>
      <object_component id="oc-ee">
         <name>.bss:pxReadyTasksLists</name>
         <uninitialized>true</uninitialized>
         <run_address>0x2000c6c0</run_address>
         <size>0x64</size>
         <input_file_ref idref="fl-c"/>
      </object_component>
      <object_component id="oc-fd">
         <name>.bss:xDelayedTaskList1</name>
         <uninitialized>true</uninitialized>
         <run_address>0x2000c7a4</run_address>
         <size>0x14</size>
         <input_file_ref idref="fl-c"/>
      </object_component>
      <object_component id="oc-100">
         <name>.bss:xDelayedTaskList2</name>
         <uninitialized>true</uninitialized>
         <run_address>0x2000c7b8</run_address>
         <size>0x14</size>
         <input_file_ref idref="fl-c"/>
      </object_component>
      <object_component id="oc-f4">
         <name>.bss</name>
         <uninitialized>true</uninitialized>
         <run_address>0x2000c7e8</run_address>
         <size>0x8</size>
         <input_file_ref idref="fl-c"/>
      </object_component>
      <object_component id="oc-f1">
         <name>.bss:xPendingReadyList</name>
         <uninitialized>true</uninitialized>
         <run_address>0x2000c7cc</run_address>
         <size>0x14</size>
         <input_file_ref idref="fl-c"/>
      </object_component>
      <object_component id="oc-17b">
         <name>.bss:xActiveTimerList1</name>
         <uninitialized>true</uninitialized>
         <run_address>0x2000c77c</run_address>
         <size>0x14</size>
         <input_file_ref idref="fl-d"/>
      </object_component>
      <object_component id="oc-17e">
         <name>.bss:xActiveTimerList2</name>
         <uninitialized>true</uninitialized>
         <run_address>0x2000c790</run_address>
         <size>0x14</size>
         <input_file_ref idref="fl-d"/>
      </object_component>
      <object_component id="oc-178">
         <name>.bss</name>
         <uninitialized>true</uninitialized>
         <run_address>0x2000c7f0</run_address>
         <size>0x8</size>
         <input_file_ref idref="fl-d"/>
      </object_component>
      <object_component id="oc-144">
         <name>.common:g_ulSystemClock</name>
         <uninitialized>true</uninitialized>
         <run_address>0x2000c814</run_address>
         <size>0x4</size>
      </object_component>
      <object_component id="oc-248">
         <name>.common:xQueueRegistry</name>
         <uninitialized>true</uninitialized>
         <run_address>0x2000c724</run_address>
         <size>0x40</size>
      </object_component>
      <object_component id="oc-23a">
         <name>.common:Timer_0_A_Semaphore</name>
         <uninitialized>true</uninitialized>
         <run_address>0x2000c810</run_address>
         <size>0x4</size>
      </object_component>
      <object_component id="oc-241">
         <name>.common:TimeString</name>
         <uninitialized>true</uninitialized>
         <run_address>0x2000c764</run_address>
         <size>0x18</size>
      </object_component>
      <object_component id="oc-240">
         <name>.common:Task1_Status</name>
         <uninitialized>true</uninitialized>
         <run_address>0x2000c80c</run_address>
         <size>0x4</size>
      </object_component>
      <object_component id="oc-2a">
         <name>.stack</name>
         <uninitialized>true</uninitialized>
         <run_address>0x2000c818</run_address>
         <size>0x0</size>
         <input_file_ref idref="fl-d6"/>
      </object_component>
      <object_component id="oc-404">
         <name>.stack</name>
         <uninitialized>true</uninitialized>
         <run_address>0x2000c818</run_address>
         <size>0x0</size>
      </object_component>
      <object_component id="oc-41">
         <name>.debug_info</name>
         <load_address>0x0</load_address>
         <run_address>0x0</run_address>
         <size>0x176</size>
         <input_file_ref idref="fl-2"/>
      </object_component>
      <object_component id="oc-2c">
         <name>.debug_info</name>
         <load_address>0x176</load_address>
         <run_address>0x176</run_address>
         <size>0xe5</size>
         <input_file_ref idref="fl-2"/>
      </object_component>
      <object_component id="oc-10">
         <name>.debug_info</name>
         <load_address>0x25b</load_address>
         <run_address>0x25b</run_address>
         <size>0xee</size>
         <input_file_ref idref="fl-2"/>
      </object_component>
      <object_component id="oc-2f">
         <name>.debug_info</name>
         <load_address>0x349</load_address>
         <run_address>0x349</run_address>
         <size>0x252</size>
         <input_file_ref idref="fl-2"/>
      </object_component>
      <object_component id="oc-a7">
         <name>.debug_info</name>
         <load_address>0x59b</load_address>
         <run_address>0x59b</run_address>
         <size>0x84</size>
         <input_file_ref idref="fl-2"/>
      </object_component>
      <object_component id="oc-10a">
         <name>.debug_info</name>
         <load_address>0x61f</load_address>
         <run_address>0x61f</run_address>
         <size>0x18b</size>
         <input_file_ref idref="fl-2"/>
      </object_component>
      <object_component id="oc-1f5">
         <name>.debug_info</name>
         <load_address>0x7aa</load_address>
         <run_address>0x7aa</run_address>
         <size>0x4e</size>
         <input_file_ref idref="fl-2"/>
      </object_component>
      <object_component id="oc-11f">
         <name>.debug_info</name>
         <load_address>0x7f8</load_address>
         <run_address>0x7f8</run_address>
         <size>0x34f</size>
         <input_file_ref idref="fl-3"/>
      </object_component>
      <object_component id="oc-d0">
         <name>.debug_info</name>
         <load_address>0xb47</load_address>
         <run_address>0xb47</run_address>
         <size>0x1c0</size>
         <input_file_ref idref="fl-3"/>
      </object_component>
      <object_component id="oc-105">
         <name>.debug_info</name>
         <load_address>0xd07</load_address>
         <run_address>0xd07</run_address>
         <size>0x2ef</size>
         <input_file_ref idref="fl-3"/>
      </object_component>
      <object_component id="oc-24c">
         <name>.debug_info</name>
         <load_address>0xff6</load_address>
         <run_address>0xff6</run_address>
         <size>0x46</size>
         <input_file_ref idref="fl-3"/>
      </object_component>
      <object_component id="oc-2f4">
         <name>.debug_info</name>
         <load_address>0x103c</load_address>
         <run_address>0x103c</run_address>
         <size>0x2c</size>
         <input_file_ref idref="fl-3"/>
      </object_component>
      <object_component id="oc-9b">
         <name>.debug_info</name>
         <load_address>0x1068</load_address>
         <run_address>0x1068</run_address>
         <size>0x2c</size>
         <input_file_ref idref="fl-3"/>
      </object_component>
      <object_component id="oc-29b">
         <name>.debug_info</name>
         <load_address>0x1094</load_address>
         <run_address>0x1094</run_address>
         <size>0x2c</size>
         <input_file_ref idref="fl-3"/>
      </object_component>
      <object_component id="oc-a0">
         <name>.debug_info</name>
         <load_address>0x10c0</load_address>
         <run_address>0x10c0</run_address>
         <size>0xae</size>
         <input_file_ref idref="fl-3"/>
      </object_component>
      <object_component id="oc-11a">
         <name>.debug_info</name>
         <load_address>0x116e</load_address>
         <run_address>0x116e</run_address>
         <size>0x14c</size>
         <input_file_ref idref="fl-3"/>
      </object_component>
      <object_component id="oc-1a3">
         <name>.debug_info</name>
         <load_address>0x12ba</load_address>
         <run_address>0x12ba</run_address>
         <size>0x1c4</size>
         <input_file_ref idref="fl-4"/>
      </object_component>
      <object_component id="oc-19a">
         <name>.debug_info</name>
         <load_address>0x147e</load_address>
         <run_address>0x147e</run_address>
         <size>0xd0</size>
         <input_file_ref idref="fl-4"/>
      </object_component>
      <object_component id="oc-1a0">
         <name>.debug_info</name>
         <load_address>0x154e</load_address>
         <run_address>0x154e</run_address>
         <size>0xe4</size>
         <input_file_ref idref="fl-4"/>
      </object_component>
      <object_component id="oc-197">
         <name>.debug_info</name>
         <load_address>0x1632</load_address>
         <run_address>0x1632</run_address>
         <size>0xd2</size>
         <input_file_ref idref="fl-4"/>
      </object_component>
      <object_component id="oc-19d">
         <name>.debug_info</name>
         <load_address>0x1704</load_address>
         <run_address>0x1704</run_address>
         <size>0xce</size>
         <input_file_ref idref="fl-4"/>
      </object_component>
      <object_component id="oc-194">
         <name>.debug_info</name>
         <load_address>0x17d2</load_address>
         <run_address>0x17d2</run_address>
         <size>0xec</size>
         <input_file_ref idref="fl-4"/>
      </object_component>
      <object_component id="oc-f8">
         <name>.debug_info</name>
         <load_address>0x18be</load_address>
         <run_address>0x18be</run_address>
         <size>0x47e</size>
         <input_file_ref idref="fl-4"/>
      </object_component>
      <object_component id="oc-1a4">
         <name>.debug_info</name>
         <load_address>0x1d3c</load_address>
         <run_address>0x1d3c</run_address>
         <size>0x110</size>
         <input_file_ref idref="fl-4"/>
      </object_component>
      <object_component id="oc-260">
         <name>.debug_info</name>
         <load_address>0x1e4c</load_address>
         <run_address>0x1e4c</run_address>
         <size>0x99</size>
         <input_file_ref idref="fl-4"/>
      </object_component>
      <object_component id="oc-1cb">
         <name>.debug_info</name>
         <load_address>0x1ee5</load_address>
         <run_address>0x1ee5</run_address>
         <size>0x10c</size>
         <input_file_ref idref="fl-5"/>
      </object_component>
      <object_component id="oc-139">
         <name>.debug_info</name>
         <load_address>0x1ff1</load_address>
         <run_address>0x1ff1</run_address>
         <size>0x1f6</size>
         <input_file_ref idref="fl-5"/>
      </object_component>
      <object_component id="oc-2d9">
         <name>.debug_info</name>
         <load_address>0x21e7</load_address>
         <run_address>0x21e7</run_address>
         <size>0x3b9</size>
         <input_file_ref idref="fl-6"/>
      </object_component>
      <object_component id="oc-2b0">
         <name>.debug_info</name>
         <load_address>0x25a0</load_address>
         <run_address>0x25a0</run_address>
         <size>0xeb</size>
         <input_file_ref idref="fl-6"/>
      </object_component>
      <object_component id="oc-2c7">
         <name>.debug_info</name>
         <load_address>0x268b</load_address>
         <run_address>0x268b</run_address>
         <size>0xe9</size>
         <input_file_ref idref="fl-6"/>
      </object_component>
      <object_component id="oc-2cf">
         <name>.debug_info</name>
         <load_address>0x2774</load_address>
         <run_address>0x2774</run_address>
         <size>0x109</size>
         <input_file_ref idref="fl-6"/>
      </object_component>
      <object_component id="oc-2cc">
         <name>.debug_info</name>
         <load_address>0x287d</load_address>
         <run_address>0x287d</run_address>
         <size>0x10d</size>
         <input_file_ref idref="fl-6"/>
      </object_component>
      <object_component id="oc-2d2">
         <name>.debug_info</name>
         <load_address>0x298a</load_address>
         <run_address>0x298a</run_address>
         <size>0xe5</size>
         <input_file_ref idref="fl-6"/>
      </object_component>
      <object_component id="oc-2d5">
         <name>.debug_info</name>
         <load_address>0x2a6f</load_address>
         <run_address>0x2a6f</run_address>
         <size>0xfb</size>
         <input_file_ref idref="fl-6"/>
      </object_component>
      <object_component id="oc-20f">
         <name>.debug_info</name>
         <load_address>0x2b6a</load_address>
         <run_address>0x2b6a</run_address>
         <size>0xcbd</size>
         <input_file_ref idref="fl-6"/>
      </object_component>
      <object_component id="oc-1f4">
         <name>.debug_info</name>
         <load_address>0x3827</load_address>
         <run_address>0x3827</run_address>
         <size>0x271</size>
         <input_file_ref idref="fl-7"/>
      </object_component>
      <object_component id="oc-1e6">
         <name>.debug_info</name>
         <load_address>0x3a98</load_address>
         <run_address>0x3a98</run_address>
         <size>0xe1</size>
         <input_file_ref idref="fl-7"/>
      </object_component>
      <object_component id="oc-1f1">
         <name>.debug_info</name>
         <load_address>0x3b79</load_address>
         <run_address>0x3b79</run_address>
         <size>0xdf</size>
         <input_file_ref idref="fl-7"/>
      </object_component>
      <object_component id="oc-1e9">
         <name>.debug_info</name>
         <load_address>0x3c58</load_address>
         <run_address>0x3c58</run_address>
         <size>0xe9</size>
         <input_file_ref idref="fl-7"/>
      </object_component>
      <object_component id="oc-1e3">
         <name>.debug_info</name>
         <load_address>0x3d41</load_address>
         <run_address>0x3d41</run_address>
         <size>0xed</size>
         <input_file_ref idref="fl-7"/>
      </object_component>
      <object_component id="oc-13f">
         <name>.debug_info</name>
         <load_address>0x3e2e</load_address>
         <run_address>0x3e2e</run_address>
         <size>0x772</size>
         <input_file_ref idref="fl-7"/>
      </object_component>
      <object_component id="oc-259">
         <name>.debug_info</name>
         <load_address>0x45a0</load_address>
         <run_address>0x45a0</run_address>
         <size>0x47a</size>
         <input_file_ref idref="fl-9"/>
      </object_component>
      <object_component id="oc-304">
         <name>.debug_info</name>
         <load_address>0x4a1a</load_address>
         <run_address>0x4a1a</run_address>
         <size>0x39</size>
         <input_file_ref idref="fl-9"/>
      </object_component>
      <object_component id="oc-182">
         <name>.debug_info</name>
         <load_address>0x4a53</load_address>
         <run_address>0x4a53</run_address>
         <size>0x46</size>
         <input_file_ref idref="fl-9"/>
      </object_component>
      <object_component id="oc-309">
         <name>.debug_info</name>
         <load_address>0x4a99</load_address>
         <run_address>0x4a99</run_address>
         <size>0x62</size>
         <input_file_ref idref="fl-9"/>
      </object_component>
      <object_component id="oc-16e">
         <name>.debug_info</name>
         <load_address>0x4afb</load_address>
         <run_address>0x4afb</run_address>
         <size>0x128</size>
         <input_file_ref idref="fl-a"/>
      </object_component>
      <object_component id="oc-e3">
         <name>.debug_info</name>
         <load_address>0x4c23</load_address>
         <run_address>0x4c23</run_address>
         <size>0x497</size>
         <input_file_ref idref="fl-a"/>
      </object_component>
      <object_component id="oc-249">
         <name>.debug_info</name>
         <load_address>0x50ba</load_address>
         <run_address>0x50ba</run_address>
         <size>0x69c</size>
         <input_file_ref idref="fl-b"/>
      </object_component>
      <object_component id="oc-170">
         <name>.debug_info</name>
         <load_address>0x5756</load_address>
         <run_address>0x5756</run_address>
         <size>0x269e</size>
         <input_file_ref idref="fl-b"/>
      </object_component>
      <object_component id="oc-2fd">
         <name>.debug_info</name>
         <load_address>0x7df4</load_address>
         <run_address>0x7df4</run_address>
         <size>0x1a5</size>
         <input_file_ref idref="fl-b"/>
      </object_component>
      <object_component id="oc-104">
         <name>.debug_info</name>
         <load_address>0x7f99</load_address>
         <run_address>0x7f99</run_address>
         <size>0x569</size>
         <input_file_ref idref="fl-c"/>
      </object_component>
      <object_component id="oc-93">
         <name>.debug_info</name>
         <load_address>0x8502</load_address>
         <run_address>0x8502</run_address>
         <size>0x2c6</size>
         <input_file_ref idref="fl-c"/>
      </object_component>
      <object_component id="oc-ef">
         <name>.debug_info</name>
         <load_address>0x87c8</load_address>
         <run_address>0x87c8</run_address>
         <size>0xee</size>
         <input_file_ref idref="fl-c"/>
      </object_component>
      <object_component id="oc-fe">
         <name>.debug_info</name>
         <load_address>0x88b6</load_address>
         <run_address>0x88b6</run_address>
         <size>0xee</size>
         <input_file_ref idref="fl-c"/>
      </object_component>
      <object_component id="oc-101">
         <name>.debug_info</name>
         <load_address>0x89a4</load_address>
         <run_address>0x89a4</run_address>
         <size>0xee</size>
         <input_file_ref idref="fl-c"/>
      </object_component>
      <object_component id="oc-f5">
         <name>.debug_info</name>
         <load_address>0x8a92</load_address>
         <run_address>0x8a92</run_address>
         <size>0x130</size>
         <input_file_ref idref="fl-c"/>
      </object_component>
      <object_component id="oc-f2">
         <name>.debug_info</name>
         <load_address>0x8bc2</load_address>
         <run_address>0x8bc2</run_address>
         <size>0xee</size>
         <input_file_ref idref="fl-c"/>
      </object_component>
      <object_component id="oc-8d">
         <name>.debug_info</name>
         <load_address>0x8cb0</load_address>
         <run_address>0x8cb0</run_address>
         <size>0x3069</size>
         <input_file_ref idref="fl-c"/>
      </object_component>
      <object_component id="oc-10f">
         <name>.debug_info</name>
         <load_address>0xbd19</load_address>
         <run_address>0xbd19</run_address>
         <size>0x141</size>
         <input_file_ref idref="fl-c"/>
      </object_component>
      <object_component id="oc-187">
         <name>.debug_info</name>
         <load_address>0xbe5a</load_address>
         <run_address>0xbe5a</run_address>
         <size>0x65f</size>
         <input_file_ref idref="fl-d"/>
      </object_component>
      <object_component id="oc-17c">
         <name>.debug_info</name>
         <load_address>0xc4b9</load_address>
         <run_address>0xc4b9</run_address>
         <size>0xef</size>
         <input_file_ref idref="fl-d"/>
      </object_component>
      <object_component id="oc-17f">
         <name>.debug_info</name>
         <load_address>0xc5a8</load_address>
         <run_address>0xc5a8</run_address>
         <size>0xef</size>
         <input_file_ref idref="fl-d"/>
      </object_component>
      <object_component id="oc-179">
         <name>.debug_info</name>
         <load_address>0xc697</load_address>
         <run_address>0xc697</run_address>
         <size>0x127</size>
         <input_file_ref idref="fl-d"/>
      </object_component>
      <object_component id="oc-176">
         <name>.debug_info</name>
         <load_address>0xc7be</load_address>
         <run_address>0xc7be</run_address>
         <size>0xe3</size>
         <input_file_ref idref="fl-d"/>
      </object_component>
      <object_component id="oc-e9">
         <name>.debug_info</name>
         <load_address>0xc8a1</load_address>
         <run_address>0xc8a1</run_address>
         <size>0x16d2</size>
         <input_file_ref idref="fl-d"/>
      </object_component>
      <object_component id="oc-188">
         <name>.debug_info</name>
         <load_address>0xdf73</load_address>
         <run_address>0xdf73</run_address>
         <size>0x1ba</size>
         <input_file_ref idref="fl-d"/>
      </object_component>
      <object_component id="oc-9a">
         <name>.debug_info</name>
         <load_address>0xe12d</load_address>
         <run_address>0xe12d</run_address>
         <size>0x211</size>
         <input_file_ref idref="fl-e"/>
      </object_component>
      <object_component id="oc-97">
         <name>.debug_info</name>
         <load_address>0xe33e</load_address>
         <run_address>0xe33e</run_address>
         <size>0x135</size>
         <input_file_ref idref="fl-e"/>
      </object_component>
      <object_component id="oc-3a">
         <name>.debug_info</name>
         <load_address>0xe473</load_address>
         <run_address>0xe473</run_address>
         <size>0x6e5</size>
         <input_file_ref idref="fl-e"/>
      </object_component>
      <object_component id="oc-36">
         <name>.debug_info</name>
         <load_address>0xeb58</load_address>
         <run_address>0xeb58</run_address>
         <size>0x154</size>
         <input_file_ref idref="fl-f"/>
      </object_component>
      <object_component id="oc-20b">
         <name>.debug_info</name>
         <load_address>0xecac</load_address>
         <run_address>0xecac</run_address>
         <size>0x277</size>
         <input_file_ref idref="fl-11"/>
      </object_component>
      <object_component id="oc-146">
         <name>.debug_info</name>
         <load_address>0xef23</load_address>
         <run_address>0xef23</run_address>
         <size>0x209</size>
         <input_file_ref idref="fl-11"/>
      </object_component>
      <object_component id="oc-219">
         <name>.debug_info</name>
         <load_address>0xf12c</load_address>
         <run_address>0xf12c</run_address>
         <size>0x246</size>
         <input_file_ref idref="fl-12"/>
      </object_component>
      <object_component id="oc-14c">
         <name>.debug_info</name>
         <load_address>0xf372</load_address>
         <run_address>0xf372</run_address>
         <size>0x251</size>
         <input_file_ref idref="fl-12"/>
      </object_component>
      <object_component id="oc-23b">
         <name>.debug_info</name>
         <load_address>0xf5c3</load_address>
         <run_address>0xf5c3</run_address>
         <size>0x51e</size>
         <input_file_ref idref="fl-13"/>
      </object_component>
      <object_component id="oc-23e">
         <name>.debug_info</name>
         <load_address>0xfae1</load_address>
         <run_address>0xfae1</run_address>
         <size>0x167</size>
         <input_file_ref idref="fl-13"/>
      </object_component>
      <object_component id="oc-152">
         <name>.debug_info</name>
         <load_address>0xfc48</load_address>
         <run_address>0xfc48</run_address>
         <size>0x35f</size>
         <input_file_ref idref="fl-13"/>
      </object_component>
      <object_component id="oc-285">
         <name>.debug_info</name>
         <load_address>0xffa7</load_address>
         <run_address>0xffa7</run_address>
         <size>0x47d</size>
         <input_file_ref idref="fl-19"/>
      </object_component>
      <object_component id="oc-1d9">
         <name>.debug_info</name>
         <load_address>0x10424</load_address>
         <run_address>0x10424</run_address>
         <size>0x1b4</size>
         <input_file_ref idref="fl-19"/>
      </object_component>
      <object_component id="oc-283">
         <name>.debug_info</name>
         <load_address>0x105d8</load_address>
         <run_address>0x105d8</run_address>
         <size>0x23d</size>
         <input_file_ref idref="fl-19"/>
      </object_component>
      <object_component id="oc-1d5">
         <name>.debug_info</name>
         <load_address>0x10815</load_address>
         <run_address>0x10815</run_address>
         <size>0x27b</size>
         <input_file_ref idref="fl-19"/>
      </object_component>
      <object_component id="oc-1db">
         <name>.debug_info</name>
         <load_address>0x10a90</load_address>
         <run_address>0x10a90</run_address>
         <size>0x268</size>
         <input_file_ref idref="fl-19"/>
      </object_component>
      <object_component id="oc-1df">
         <name>.debug_info</name>
         <load_address>0x10cf8</load_address>
         <run_address>0x10cf8</run_address>
         <size>0x242</size>
         <input_file_ref idref="fl-19"/>
      </object_component>
      <object_component id="oc-1ba">
         <name>.debug_info</name>
         <load_address>0x10f3a</load_address>
         <run_address>0x10f3a</run_address>
         <size>0x84</size>
         <input_file_ref idref="fl-19"/>
      </object_component>
      <object_component id="oc-26f">
         <name>.debug_info</name>
         <load_address>0x10fbe</load_address>
         <run_address>0x10fbe</run_address>
         <size>0x2c</size>
         <input_file_ref idref="fl-19"/>
      </object_component>
      <object_component id="oc-2e5">
         <name>.debug_info</name>
         <load_address>0x10fea</load_address>
         <run_address>0x10fea</run_address>
         <size>0x473</size>
         <input_file_ref idref="fl-1a"/>
      </object_component>
      <object_component id="oc-224">
         <name>.debug_info</name>
         <load_address>0x1145d</load_address>
         <run_address>0x1145d</run_address>
         <size>0x21f</size>
         <input_file_ref idref="fl-1a"/>
      </object_component>
      <object_component id="oc-228">
         <name>.debug_info</name>
         <load_address>0x1167c</load_address>
         <run_address>0x1167c</run_address>
         <size>0x217</size>
         <input_file_ref idref="fl-1a"/>
      </object_component>
      <object_component id="oc-230">
         <name>.debug_info</name>
         <load_address>0x11893</load_address>
         <run_address>0x11893</run_address>
         <size>0x1f9</size>
         <input_file_ref idref="fl-1a"/>
      </object_component>
      <object_component id="oc-21c">
         <name>.debug_info</name>
         <load_address>0x11a8c</load_address>
         <run_address>0x11a8c</run_address>
         <size>0x1f7</size>
         <input_file_ref idref="fl-1a"/>
      </object_component>
      <object_component id="oc-237">
         <name>.debug_info</name>
         <load_address>0x11c83</load_address>
         <run_address>0x11c83</run_address>
         <size>0x1e4</size>
         <input_file_ref idref="fl-1a"/>
      </object_component>
      <object_component id="oc-21f">
         <name>.debug_info</name>
         <load_address>0x11e67</load_address>
         <run_address>0x11e67</run_address>
         <size>0x1f1</size>
         <input_file_ref idref="fl-1a"/>
      </object_component>
      <object_component id="oc-1be">
         <name>.debug_info</name>
         <load_address>0x12058</load_address>
         <run_address>0x12058</run_address>
         <size>0x4cc</size>
         <input_file_ref idref="fl-1b"/>
      </object_component>
      <object_component id="oc-276">
         <name>.debug_info</name>
         <load_address>0x12524</load_address>
         <run_address>0x12524</run_address>
         <size>0x1b8</size>
         <input_file_ref idref="fl-1b"/>
      </object_component>
      <object_component id="oc-1c0">
         <name>.debug_info</name>
         <load_address>0x126dc</load_address>
         <run_address>0x126dc</run_address>
         <size>0x10e</size>
         <input_file_ref idref="fl-1b"/>
      </object_component>
      <object_component id="oc-1cf">
         <name>.debug_info</name>
         <load_address>0x127ea</load_address>
         <run_address>0x127ea</run_address>
         <size>0x1f0</size>
         <input_file_ref idref="fl-1b"/>
      </object_component>
      <object_component id="oc-1c3">
         <name>.debug_info</name>
         <load_address>0x129da</load_address>
         <run_address>0x129da</run_address>
         <size>0x1ea</size>
         <input_file_ref idref="fl-1b"/>
      </object_component>
      <object_component id="oc-132">
         <name>.debug_info</name>
         <load_address>0x12bc4</load_address>
         <run_address>0x12bc4</run_address>
         <size>0x2e4</size>
         <input_file_ref idref="fl-1b"/>
      </object_component>
      <object_component id="oc-136">
         <name>.debug_info</name>
         <load_address>0x12ea8</load_address>
         <run_address>0x12ea8</run_address>
         <size>0x1ea</size>
         <input_file_ref idref="fl-1b"/>
      </object_component>
      <object_component id="oc-318">
         <name>.debug_info</name>
         <load_address>0x13092</load_address>
         <run_address>0x13092</run_address>
         <size>0x477</size>
         <input_file_ref idref="fl-1c"/>
      </object_component>
      <object_component id="oc-2bf">
         <name>.debug_info</name>
         <load_address>0x13509</load_address>
         <run_address>0x13509</run_address>
         <size>0x1af</size>
         <input_file_ref idref="fl-1c"/>
      </object_component>
      <object_component id="oc-2b3">
         <name>.debug_info</name>
         <load_address>0x136b8</load_address>
         <run_address>0x136b8</run_address>
         <size>0x1b1</size>
         <input_file_ref idref="fl-1c"/>
      </object_component>
      <object_component id="oc-2ac">
         <name>.debug_info</name>
         <load_address>0x13869</load_address>
         <run_address>0x13869</run_address>
         <size>0x261</size>
         <input_file_ref idref="fl-1c"/>
      </object_component>
      <object_component id="oc-2c3">
         <name>.debug_info</name>
         <load_address>0x13aca</load_address>
         <run_address>0x13aca</run_address>
         <size>0x1f9</size>
         <input_file_ref idref="fl-1c"/>
      </object_component>
      <object_component id="oc-2b7">
         <name>.debug_info</name>
         <load_address>0x13cc3</load_address>
         <run_address>0x13cc3</run_address>
         <size>0x396</size>
         <input_file_ref idref="fl-1c"/>
      </object_component>
      <object_component id="oc-2a8">
         <name>.debug_info</name>
         <load_address>0x14059</load_address>
         <run_address>0x14059</run_address>
         <size>0x1af</size>
         <input_file_ref idref="fl-1c"/>
      </object_component>
      <object_component id="oc-2ec">
         <name>.debug_info</name>
         <load_address>0x14208</load_address>
         <run_address>0x14208</run_address>
         <size>0x478</size>
         <input_file_ref idref="fl-1d"/>
      </object_component>
      <object_component id="oc-2ef">
         <name>.debug_info</name>
         <load_address>0x14680</load_address>
         <run_address>0x14680</run_address>
         <size>0x1bd</size>
         <input_file_ref idref="fl-1d"/>
      </object_component>
      <object_component id="oc-2ea">
         <name>.debug_info</name>
         <load_address>0x1483d</load_address>
         <run_address>0x1483d</run_address>
         <size>0x11c</size>
         <input_file_ref idref="fl-1d"/>
      </object_component>
      <object_component id="oc-22b">
         <name>.debug_info</name>
         <load_address>0x14959</load_address>
         <run_address>0x14959</run_address>
         <size>0x2b6</size>
         <input_file_ref idref="fl-1d"/>
      </object_component>
      <object_component id="oc-233">
         <name>.debug_info</name>
         <load_address>0x14c0f</load_address>
         <run_address>0x14c0f</run_address>
         <size>0x1d5</size>
         <input_file_ref idref="fl-1d"/>
      </object_component>
      <object_component id="oc-2a2">
         <name>.debug_info</name>
         <load_address>0x14de4</load_address>
         <run_address>0x14de4</run_address>
         <size>0x471</size>
         <input_file_ref idref="fl-1e"/>
      </object_component>
      <object_component id="oc-207">
         <name>.debug_info</name>
         <load_address>0x15255</load_address>
         <run_address>0x15255</run_address>
         <size>0x208</size>
         <input_file_ref idref="fl-1e"/>
      </object_component>
      <object_component id="oc-279">
         <name>.debug_info</name>
         <load_address>0x1545d</load_address>
         <run_address>0x1545d</run_address>
         <size>0x214</size>
         <input_file_ref idref="fl-1e"/>
      </object_component>
      <object_component id="oc-1ff">
         <name>.debug_info</name>
         <load_address>0x15671</load_address>
         <run_address>0x15671</run_address>
         <size>0x25a</size>
         <input_file_ref idref="fl-1e"/>
      </object_component>
      <object_component id="oc-1c8">
         <name>.debug_info</name>
         <load_address>0x158cb</load_address>
         <run_address>0x158cb</run_address>
         <size>0x1ea</size>
         <input_file_ref idref="fl-1e"/>
      </object_component>
      <object_component id="oc-2bc">
         <name>.debug_info</name>
         <load_address>0x15ab5</load_address>
         <run_address>0x15ab5</run_address>
         <size>0x1e8</size>
         <input_file_ref idref="fl-1e"/>
      </object_component>
      <object_component id="oc-1fc">
         <name>.debug_info</name>
         <load_address>0x15c9d</load_address>
         <run_address>0x15c9d</run_address>
         <size>0x1f6</size>
         <input_file_ref idref="fl-1e"/>
      </object_component>
      <object_component id="oc-204">
         <name>.debug_info</name>
         <load_address>0x15e93</load_address>
         <run_address>0x15e93</run_address>
         <size>0x1e4</size>
         <input_file_ref idref="fl-1e"/>
      </object_component>
      <object_component id="oc-25">
         <name>.debug_info</name>
         <load_address>0x16077</load_address>
         <run_address>0x16077</run_address>
         <size>0x17c</size>
         <input_file_ref idref="fl-d6"/>
      </object_component>
      <object_component id="oc-4d">
         <name>.debug_info</name>
         <load_address>0x161f3</load_address>
         <run_address>0x161f3</run_address>
         <size>0x15c</size>
         <input_file_ref idref="fl-d7"/>
      </object_component>
      <object_component id="oc-14">
         <name>.debug_info</name>
         <load_address>0x1634f</load_address>
         <run_address>0x1634f</run_address>
         <size>0x1fb</size>
         <input_file_ref idref="fl-d7"/>
      </object_component>
      <object_component id="oc-48">
         <name>.debug_info</name>
         <load_address>0x1654a</load_address>
         <run_address>0x1654a</run_address>
         <size>0x46</size>
         <input_file_ref idref="fl-d7"/>
      </object_component>
      <object_component id="oc-ad">
         <name>.debug_info</name>
[...]
         <value>0x1875</value>
         <object_component_ref idref="oc-8c"/>
      </symbol>
      <symbol id="sm-4af">
         <name>xTimerCreateTimerTask</name>
         <value>0x2aa5</value>
         <object_component_ref idref="oc-e8"/>
      </symbol>
      <symbol id="sm-4b0">
         <name>pcTimerGetTimerName</name>
         <value>0x2ba1</value>
         <object_component_ref idref="oc-e8"/>
      </symbol>
      <symbol id="sm-4b1">
         <name>xTimerIsTimerActive</name>
         <value>0x2f51</value>
         <object_component_ref idref="oc-e8"/>
      </symbol>
      <symbol id="sm-4b2">
         <name>xTimerCreate</name>
         <value>0x2adf</value>
         <object_component_ref idref="oc-e8"/>
      </symbol>
      <symbol id="sm-4b3">
         <name>xTimerGenericCommand</name>
         <value>0x2b33</value>
         <object_component_ref idref="oc-e8"/>
      </symbol>
      <symbol id="sm-4b4">
         <name>pvTimerGetTimerID</name>
         <value>0x2f7d</value>
         <object_component_ref idref="oc-e8"/>
      </symbol>
      <symbol id="sm-4b5">
         <name>vTimerSetTimerID</name>
         <value>0x2f97</value>
         <object_component_ref idref="oc-e8"/>
      </symbol>
      <symbol id="sm-4da">
         <name>vPortSetupTimerInterrupt</name>
         <value>0x473d</value>
         <object_component_ref idref="oc-39"/>
      </symbol>
      <symbol id="sm-4db">
         <name>vPortEndScheduler</name>
         <value>0x46e5</value>
         <object_component_ref idref="oc-39"/>
      </symbol>
      <symbol id="sm-4dc">
         <name>xPortSysTickCount</name>
         <value>0x2000d078</value>
         <object_component_ref idref="oc-96"/>
      </symbol>
      <symbol id="sm-4dd">
         <name>xPortSysTickHandler</name>
         <value>0x4719</value>
         <object_component_ref idref="oc-39"/>
      </symbol>
      <symbol id="sm-4de">
         <name>vPortYieldFromISR</name>
         <value>0x46e7</value>
         <object_component_ref idref="oc-39"/>
      </symbol>
      <symbol id="sm-4df">
         <name>pxPortInitialiseStack</name>
         <value>0x4675</value>
         <object_component_ref idref="oc-39"/>
      </symbol>
      <symbol id="sm-4e0">
         <name>vPortExitCritical</name>
         <value>0x4701</value>
         <object_component_ref idref="oc-39"/>
      </symbol>
      <symbol id="sm-4e1">
         <name>xPortStartScheduler</name>
         <value>0x46bd</value>
         <object_component_ref idref="oc-39"/>
      </symbol>
      <symbol id="sm-4e2">
         <name>vPortEnterCritical</name>
         <value>0x46f1</value>
         <object_component_ref idref="oc-39"/>
      </symbol>
      <symbol id="sm-4f0">
         <name>vPortStartFirstTask</name>
         <value>0x4bd3</value>
         <object_component_ref idref="oc-34"/>
      </symbol>
      <symbol id="sm-4f1">
         <name>xPortPendSVHandler</name>
         <value>0x4b65</value>
         <object_component_ref idref="oc-34"/>
      </symbol>
      <symbol id="sm-4f2">
         <name>vPortClearInterruptMask</name>
         <value>0x4baf</value>
         <object_component_ref idref="oc-34"/>
      </symbol>
      <symbol id="sm-4f3">
         <name>ulPortSetInterruptMask</name>
         <value>0x4ba1</value>
         <object_component_ref idref="oc-34"/>
      </symbol>
      <symbol id="sm-4f4">
         <name>vPortSVCHandler</name>
         <value>0x4bb5</value>
         <object_component_ref idref="oc-34"/>
      </symbol>
      <symbol id="sm-506">
         <name>Task_Blinky</name>
         <value>0x4fe1</value>
         <object_component_ref idref="oc-145"/>
      </symbol>
      <symbol id="sm-519">
         <name>Task_ReportSysTick</name>
         <value>0x4e79</value>
         <object_component_ref idref="oc-14b"/>
      </symbol>
      <symbol id="sm-548">
         <name>Timer_0_A_Semaphore</name>
         <value>0x2000c810</value>
      </symbol>
      <symbol id="sm-549">
         <name>TimeString</name>
         <value>0x2000c764</value>
      </symbol>
      <symbol id="sm-54a">
         <name>Task1_Status</name>
         <value>0x2000c80c</value>
      </symbol>
      <symbol id="sm-54b">
         <name>Task_TimeOfDay</name>
         <value>0x4083</value>
         <object_component_ref idref="oc-151"/>
      </symbol>
      <symbol id="sm-54c">
         <name>TimeCount</name>
         <value>0x2000d044</value>
         <object_component_ref idref="oc-23d"/>
      </symbol>
      <symbol id="sm-54d">
         <name>Timer_ISR</name>
         <value>0x4061</value>
         <object_component_ref idref="oc-151"/>
      </symbol>
      <symbol id="sm-585">
         <name>UARTConfigSetExpClk</name>
         <value>0x51ad</value>
         <object_component_ref idref="oc-1d2"/>
      </symbol>
      <symbol id="sm-586">
         <name>UARTDisable</name>
         <value>0x5361</value>
         <object_component_ref idref="oc-280"/>
      </symbol>
      <symbol id="sm-587">
         <name>UARTCharPut</name>
         <value>0x54c1</value>
         <object_component_ref idref="oc-1da"/>
      </symbol>
      <symbol id="sm-588">
         <name>UARTEnable</name>
         <value>0x53c7</value>
         <object_component_ref idref="oc-1d6"/>
      </symbol>
      <symbol id="sm-589">
         <name>UARTCharGet</name>
         <value>0x54b7</value>
         <object_component_ref idref="oc-1de"/>
      </symbol>
      <symbol id="sm-5b8">
         <name>TimerLoadSet</name>
         <value>0x544d</value>
         <object_component_ref idref="oc-226"/>
      </symbol>
      <symbol id="sm-5b9">
         <name>TimerEnable</name>
         <value>0x5471</value>
         <object_component_ref idref="oc-236"/>
      </symbol>
      <symbol id="sm-5ba">
         <name>TimerPrescaleSet</name>
         <value>0x545f</value>
         <object_component_ref idref="oc-222"/>
      </symbol>
      <symbol id="sm-5bb">
         <name>TimerIntEnable</name>
         <value>0x54d3</value>
         <object_component_ref idref="oc-22e"/>
      </symbol>
      <symbol id="sm-5bc">
         <name>TimerConfigure</name>
         <value>0x533d</value>
         <object_component_ref idref="oc-21e"/>
      </symbol>
      <symbol id="sm-5bd">
         <name>TimerIntClear</name>
         <value>0x54fb</value>
         <object_component_ref idref="oc-21a"/>
      </symbol>
      <symbol id="sm-63e">
         <name>SysCtlPeripheralPresent</name>
         <value>0x4c61</value>
         <object_component_ref idref="oc-1ce"/>
      </symbol>
      <symbol id="sm-63f">
         <name>SysCtlClockSet</name>
         <value>0x41d5</value>
         <object_component_ref idref="oc-130"/>
      </symbol>
      <symbol id="sm-640">
         <name>SysCtlDelay</name>
         <value>0x54ef</value>
         <object_component_ref idref="oc-1b8"/>
      </symbol>
      <symbol id="sm-641">
         <name>SysCtlPeripheralEnable</name>
         <value>0x4f31</value>
         <object_component_ref idref="oc-1c2"/>
      </symbol>
      <symbol id="sm-642">
         <name>SysCtlClockGet</name>
         <value>0x3ec9</value>
         <object_component_ref idref="oc-134"/>
      </symbol>
      <symbol id="sm-676">
         <name>SSIDataPut</name>
         <value>0x5499</value>
         <object_component_ref idref="oc-2ab"/>
      </symbol>
      <symbol id="sm-677">
         <name>SSIDataGetNonBlocking</name>
         <value>0x543b</value>
         <object_component_ref idref="oc-2c2"/>
      </symbol>
      <symbol id="sm-678">
         <name>SSIConfigSetExpClk</name>
         <value>0x5169</value>
         <object_component_ref idref="oc-2b6"/>
      </symbol>
      <symbol id="sm-679">
         <name>SSIEnable</name>
         <value>0x54ad</value>
         <object_component_ref idref="oc-2be"/>
      </symbol>
      <symbol id="sm-67a">
         <name>SSIBusy</name>
         <value>0x54cb</value>
         <object_component_ref idref="oc-2a7"/>
      </symbol>
      <symbol id="sm-67b">
         <name>SSIDisable</name>
         <value>0x54a3</value>
         <object_component_ref idref="oc-2b2"/>
      </symbol>
      <symbol id="sm-6ae">
         <name>IntEnable</name>
         <value>0x4db5</value>
         <object_component_ref idref="oc-232"/>
      </symbol>
      <symbol id="sm-6af">
         <name>IntRegister</name>
         <value>0x52ad</value>
         <object_component_ref idref="oc-22a"/>
      </symbol>
      <symbol id="sm-6b0">
         <name>g_pfnRAMVectors</name>
         <value>0x20000000</value>
         <object_component_ref idref="oc-2e9"/>
      </symbol>
      <symbol id="sm-6f5">
         <name>GPIOPinTypeUART</name>
         <value>0x5429</value>
         <object_component_ref idref="oc-1c6"/>
      </symbol>
      <symbol id="sm-6f6">
         <name>GPIOPinTypeGPIOOutput</name>
         <value>0x5405</value>
         <object_component_ref idref="oc-1fa"/>
      </symbol>
      <symbol id="sm-6f7">
         <name>GPIOPinRead</name>
         <value>0x54e3</value>
         <object_component_ref idref="oc-202"/>
      </symbol>
      <symbol id="sm-6f8">
         <name>GPIODirModeSet</name>
         <value>0x52e1</value>
         <object_component_ref idref="oc-278"/>
      </symbol>
      <symbol id="sm-6f9">
         <name>GPIOPinWrite</name>
         <value>0x54e9</value>
         <object_component_ref idref="oc-206"/>
      </symbol>
      <symbol id="sm-6fa">
         <name>GPIOPadConfigSet</name>
         <value>0x4835</value>
         <object_component_ref idref="oc-1fe"/>
      </symbol>
      <symbol id="sm-6fb">
         <name>GPIOPinTypeSSI</name>
         <value>0x5417</value>
         <object_component_ref idref="oc-2ba"/>
      </symbol>
      <symbol id="sm-70d">
         <name>_c_int00</name>
         <value>0x51f1</value>
         <object_component_ref idref="oc-24"/>
      </symbol>
      <symbol id="sm-70e">
         <name>__stack</name>
         <value>0x2000c818</value>
         <object_component_ref idref="oc-2a"/>
      </symbol>
      <symbol id="sm-725">
         <name>__TI_decompress_none</name>
         <value>0x547f</value>
         <object_component_ref idref="oc-12"/>
      </symbol>
      <symbol id="sm-74d">
         <name>__TI_decompress_rle24</name>
         <value>0x54f5</value>
         <object_component_ref idref="oc-18"/>
      </symbol>
      <symbol id="sm-76f">
         <name>C$$EXIT</name>
         <value>0x5035</value>
         <object_component_ref idref="oc-7f"/>
      </symbol>
      <symbol id="sm-770">
         <name>abort</name>
         <value>0x5039</value>
         <object_component_ref idref="oc-7f"/>
      </symbol>
      <symbol id="sm-771">
         <name>exit</name>
         <value>0x5041</value>
         <object_component_ref idref="oc-7f"/>
      </symbol>
      <symbol id="sm-772">
         <name>__TI_dtors_ptr</name>
         <value>0x2000d05c</value>
         <object_component_ref idref="oc-d7"/>
      </symbol>
      <symbol id="sm-773">
         <name>__TI_cleanup_ptr</name>
         <value>0x2000d058</value>
         <object_component_ref idref="oc-d7"/>
      </symbol>
      <symbol id="sm-774">
         <name>__TI_enable_exit_profile_output</name>
         <value>0x2000d060</value>
         <object_component_ref idref="oc-d7"/>
      </symbol>
      <symbol id="sm-78f">
         <name>memcpy</name>
         <value>0x49bd</value>
         <object_component_ref idref="oc-42"/>
      </symbol>
      <symbol id="sm-790">
         <name>__aeabi_memcpy</name>
         <value>0x49bd</value>
         <object_component_ref idref="oc-42"/>
      </symbol>
      <symbol id="sm-791">
         <name>__aeabi_memcpy8</name>
         <value>0x49bd</value>
         <object_component_ref idref="oc-42"/>
      </symbol>
      <symbol id="sm-792">
         <name>__aeabi_memcpy4</name>
         <value>0x49bd</value>
         <object_component_ref idref="oc-42"/>
      </symbol>
      <symbol id="sm-7a1">
         <name>__aeabi_memset</name>
         <value>0x4be7</value>
         <object_component_ref idref="oc-5b"/>
      </symbol>
      <symbol id="sm-7a2">
         <name>memset</name>
         <value>0x4bed</value>
         <object_component_ref idref="oc-5b"/>
      </symbol>
      <symbol id="sm-7a3">
         <name>__aeabi_memset8</name>
         <value>0x4be7</value>
         <object_component_ref idref="oc-5b"/>
      </symbol>
      <symbol id="sm-7a4">
         <name>__aeabi_memset4</name>
         <value>0x4be7</value>
         <object_component_ref idref="oc-5b"/>
      </symbol>
      <symbol id="sm-7a5">
         <name>__aeabi_memclr8</name>
         <value>0x4be5</value>
         <object_component_ref idref="oc-5b"/>
      </symbol>
      <symbol id="sm-7a6">
         <name>__aeabi_memclr4</name>
         <value>0x4be5</value>
         <object_component_ref idref="oc-5b"/>
      </symbol>
      <symbol id="sm-7a7">
         <name>__aeabi_memclr</name>
         <value>0x4be5</value>
         <object_component_ref idref="oc-5b"/>
      </symbol>
      <symbol id="sm-7b1">
         <name>__mpu_init</name>
         <value>0x4c5f</value>
         <object_component_ref idref="oc-67"/>
      </symbol>
      <symbol id="sm-7bb">
         <name>_system_pre_init</name>
         <value>0x54ff</value>
         <object_component_ref idref="oc-6d"/>
      </symbol>
      <symbol id="sm-7d4">
         <name>sprintf</name>
         <value>0x4e19</value>
         <object_component_ref idref="oc-212"/>
      </symbol>
      <symbol id="sm-7dc">
         <name>main_func_sp</name>
         <value>0x2000d094</value>
         <object_component_ref idref="oc-85"/>
      </symbol>
      <symbol id="sm-7eb">
         <name>__aeabi_uidivmod</name>
         <value>0x5231</value>
         <object_component_ref idref="oc-1eb"/>
      </symbol>
      <symbol id="sm-7ec">
         <name>__aeabi_uidiv</name>
         <value>0x5231</value>
         <object_component_ref idref="oc-1eb"/>
      </symbol>
      <symbol id="sm-805">
         <name>_nop</name>
         <value>0x53eb</value>
         <object_component_ref idref="oc-161"/>
      </symbol>
      <symbol id="sm-806">
         <name>_lock</name>
         <value>0x2000d064</value>
         <object_component_ref idref="oc-da"/>
      </symbol>
      <symbol id="sm-807">
         <name>_unlock</name>
         <value>0x2000d068</value>
         <object_component_ref idref="oc-da"/>
      </symbol>
      <symbol id="sm-808">
         <name>_register_lock</name>
         <value>0x53e3</value>
         <object_component_ref idref="oc-161"/>
      </symbol>
      <symbol id="sm-809">
         <name>_register_unlock</name>
         <value>0x53dd</value>
         <object_component_ref idref="oc-161"/>
      </symbol>
      <symbol id="sm-910">
         <name>__TI_printfi</name>
         <value>0xfeb</value>
         <object_component_ref idref="oc-2da"/>
      </symbol>
      <symbol id="sm-924">
         <name>_args_main</name>
         <value>0x5399</value>
         <object_component_ref idref="oc-79"/>
      </symbol>
      <symbol id="sm-93a">
         <name>atoi</name>
         <value>0x5089</value>
         <object_component_ref idref="oc-379"/>
      </symbol>
      <symbol id="sm-95f">
         <name>__TI_auto_init</name>
         <value>0x4cd9</value>
         <object_component_ref idref="oc-73"/>
      </symbol>
      <symbol id="sm-979">
         <name>copy_in</name>
         <value>0x50d5</value>
         <object_component_ref idref="oc-c1"/>
      </symbol>
      <symbol id="sm-984">
         <name>_ctypes_</name>
         <value>0x56e4</value>
         <object_component_ref idref="oc-3be"/>
      </symbol>
      <symbol id="sm-99b">
         <name>__aeabi_dsub</name>
         <value>0x3d11</value>
         <object_component_ref idref="oc-35c"/>
      </symbol>
      <symbol id="sm-99c">
         <name>__aeabi_dadd</name>
         <value>0x3d1b</value>
         <object_component_ref idref="oc-35c"/>
      </symbol>
      <symbol id="sm-9be">
         <name>__aeabi_cdcmpeq</name>
         <value>0x4a59</value>
         <object_component_ref idref="oc-338"/>
      </symbol>
      <symbol id="sm-9bf">
         <name>__aeabi_cdcmple</name>
         <value>0x4a59</value>
         <object_component_ref idref="oc-338"/>
      </symbol>
      <symbol id="sm-9c0">
         <name>__aeabi_cdrcmple</name>
         <value>0x4adf</value>
         <object_component_ref idref="oc-347"/>
      </symbol>
      <symbol id="sm-9d4">
         <name>__aeabi_ddiv</name>
         <value>0x4319</value>
         <object_component_ref idref="oc-342"/>
      </symbol>
      <symbol id="sm-9df">
         <name>__aeabi_dmul</name>
         <value>0x4579</value>
         <object_component_ref idref="oc-33d"/>
      </symbol>
      <symbol id="sm-9e9">
         <name>__aeabi_d2iz</name>
         <value>0x5121</value>
         <object_component_ref idref="oc-34c"/>
      </symbol>
      <symbol id="sm-9f3">
         <name>__aeabi_idiv0</name>
         <value>0x3ec7</value>
         <object_component_ref idref="oc-28f"/>
      </symbol>
      <symbol id="sm-9fd">
         <name>__aeabi_i2d</name>
         <value>0x530f</value>
         <object_component_ref idref="oc-357"/>
      </symbol>
      <symbol id="sm-a0c">
         <name>ltoa</name>
         <value>0x4f89</value>
         <object_component_ref idref="oc-351"/>
      </symbol>
      <symbol id="sm-a1c">
         <name>memccpy</name>
         <value>0x537d</value>
         <object_component_ref idref="oc-373"/>
      </symbol>
      <symbol id="sm-a35">
         <name>frexpl</name>
         <value>0x4ed5</value>
         <object_component_ref idref="oc-361"/>
      </symbol>
      <symbol id="sm-a36">
         <name>frexp</name>
         <value>0x4ed5</value>
         <object_component_ref idref="oc-361"/>
      </symbol>
      <symbol id="sm-a54">
         <name>scalbn</name>
         <value>0x4765</value>
         <object_component_ref idref="oc-367"/>
      </symbol>
      <symbol id="sm-a55">
         <name>scalbnl</name>
         <value>0x4765</value>
         <object_component_ref idref="oc-367"/>
      </symbol>
      <symbol id="sm-a56">
         <name>ldexpl</name>
         <value>0x4765</value>
         <object_component_ref idref="oc-367"/>
      </symbol>
      <symbol id="sm-a57">
         <name>ldexp</name>
         <value>0x4765</value>
         <object_component_ref idref="oc-367"/>
      </symbol>
      <symbol id="sm-a61">
         <name>_system_post_cinit</name>
         <value>0x4db3</value>
         <object_component_ref idref="oc-c7"/>
      </symbol>
      <symbol id="sm-a71">
         <name>strchr</name>
         <value>0x53b1</value>
         <object_component_ref idref="oc-36d"/>
      </symbol>
      <symbol id="sm-a7f">
         <name>strlen</name>
         <value>0x53f1</value>
         <object_component_ref idref="oc-332"/>
      </symbol>
      <symbol id="sm-a9b">
         <name>__aeabi_uldivmod</name>
         <value>0x3965</value>
         <object_component_ref idref="oc-32d"/>
      </symbol>
      <symbol id="sm-aa3">
         <name>errno</name>
         <value>0x2000d090</value>
         <object_component_ref idref="oc-3b5"/>
      </symbol>
      <symbol id="sm-aad">
         <name>copysign</name>
         <value>0x54db</value>
         <object_component_ref idref="oc-3af"/>
      </symbol>
      <symbol id="sm-aae">
         <name>copysignl</name>
         <value>0x54db</value>
         <object_component_ref idref="oc-3af"/>
      </symbol>
      <symbol id="sm-aaf">
         <name>__TI_static_base__</name>
         <value>0x0</value>
      </symbol>
      <symbol id="sm-ab2">
         <name>SHT$$INIT_ARRAY$$Limit</name>
         <value>0x0</value>
      </symbol>
      <symbol id="sm-ab3">
         <name>SHT$$INIT_ARRAY$$Base</name>
         <value>0x0</value>
      </symbol>
   </symbol_table>
   <title>Link successful</title>
</link_info>
